Archive member included to satisfy reference by file (symbol)

/usr/lib/gcc/arm-none-eabi/7.3.1/../../../arm-none-eabi/lib/thumb/v7e-m/fpv4-sp/hard/libc_nano.a(lib_a-atexit.o)
                              /usr/lib/gcc/arm-none-eabi/7.3.1/../../../arm-none-eabi/lib/thumb/v7e-m/fpv4-sp/hard/crt0.o (atexit)
/usr/lib/gcc/arm-none-eabi/7.3.1/../../../arm-none-eabi/lib/thumb/v7e-m/fpv4-sp/hard/libc_nano.a(lib_a-exit.o)
                              /usr/lib/gcc/arm-none-eabi/7.3.1/../../../arm-none-eabi/lib/thumb/v7e-m/fpv4-sp/hard/crt0.o (exit)
/usr/lib/gcc/arm-none-eabi/7.3.1/../../../arm-none-eabi/lib/thumb/v7e-m/fpv4-sp/hard/libc_nano.a(lib_a-fini.o)
                              /usr/lib/gcc/arm-none-eabi/7.3.1/../../../arm-none-eabi/lib/thumb/v7e-m/fpv4-sp/hard/crt0.o (__libc_fini_array)
/usr/lib/gcc/arm-none-eabi/7.3.1/../../../arm-none-eabi/lib/thumb/v7e-m/fpv4-sp/hard/libc_nano.a(lib_a-impure.o)
                              /usr/lib/gcc/arm-none-eabi/7.3.1/../../../arm-none-eabi/lib/thumb/v7e-m/fpv4-sp/hard/libc_nano.a(lib_a-exit.o) (_global_impure_ptr)
/usr/lib/gcc/arm-none-eabi/7.3.1/../../../arm-none-eabi/lib/thumb/v7e-m/fpv4-sp/hard/libc_nano.a(lib_a-init.o)
                              /usr/lib/gcc/arm-none-eabi/7.3.1/../../../arm-none-eabi/lib/thumb/v7e-m/fpv4-sp/hard/crt0.o (__libc_init_array)
/usr/lib/gcc/arm-none-eabi/7.3.1/../../../arm-none-eabi/lib/thumb/v7e-m/fpv4-sp/hard/libc_nano.a(lib_a-memset.o)
                              /usr/lib/gcc/arm-none-eabi/7.3.1/../../../arm-none-eabi/lib/thumb/v7e-m/fpv4-sp/hard/crt0.o (memset)
/usr/lib/gcc/arm-none-eabi/7.3.1/../../../arm-none-eabi/lib/thumb/v7e-m/fpv4-sp/hard/libc_nano.a(lib_a-__atexit.o)
                              /usr/lib/gcc/arm-none-eabi/7.3.1/../../../arm-none-eabi/lib/thumb/v7e-m/fpv4-sp/hard/libc_nano.a(lib_a-atexit.o) (__register_exitproc)
/usr/lib/gcc/arm-none-eabi/7.3.1/../../../arm-none-eabi/lib/thumb/v7e-m/fpv4-sp/hard/libc_nano.a(lib_a-__call_atexit.o)
                              /usr/lib/gcc/arm-none-eabi/7.3.1/../../../arm-none-eabi/lib/thumb/v7e-m/fpv4-sp/hard/libc_nano.a(lib_a-__atexit.o) (__call_exitprocs)
/usr/lib/gcc/arm-none-eabi/7.3.1/../../../arm-none-eabi/lib/thumb/v7e-m/fpv4-sp/hard/libnosys.a(_exit.o)
                              /usr/lib/gcc/arm-none-eabi/7.3.1/../../../arm-none-eabi/lib/thumb/v7e-m/fpv4-sp/hard/libc_nano.a(lib_a-exit.o) (_exit)
/usr/lib/gcc/arm-none-eabi/7.3.1/thumb/v7e-m/fpv4-sp/hard/libgcc.a(_aeabi_uldivmod.o)
                              build/stm32f7xx_hal_rcc.o (__aeabi_uldivmod)
/usr/lib/gcc/arm-none-eabi/7.3.1/thumb/v7e-m/fpv4-sp/hard/libgcc.a(_udivmoddi4.o)
                              /usr/lib/gcc/arm-none-eabi/7.3.1/thumb/v7e-m/fpv4-sp/hard/libgcc.a(_aeabi_uldivmod.o) (__udivmoddi4)
/usr/lib/gcc/arm-none-eabi/7.3.1/thumb/v7e-m/fpv4-sp/hard/libgcc.a(_dvmd_tls.o)
                              /usr/lib/gcc/arm-none-eabi/7.3.1/thumb/v7e-m/fpv4-sp/hard/libgcc.a(_aeabi_uldivmod.o) (__aeabi_ldiv0)

Allocating common symbols
Common symbol       size              file

uwTick              0x4               build/stm32f7xx_hal.o
pFlash              0x1c              build/stm32f7xx_hal_flash.o

Discarded input sections

 .text          0x0000000000000000        0x0 /usr/lib/gcc/arm-none-eabi/7.3.1/thumb/v7e-m/fpv4-sp/hard/crti.o
 .data          0x0000000000000000        0x0 /usr/lib/gcc/arm-none-eabi/7.3.1/thumb/v7e-m/fpv4-sp/hard/crti.o
 .bss           0x0000000000000000        0x0 /usr/lib/gcc/arm-none-eabi/7.3.1/thumb/v7e-m/fpv4-sp/hard/crti.o
 .data          0x0000000000000000        0x4 /usr/lib/gcc/arm-none-eabi/7.3.1/thumb/v7e-m/fpv4-sp/hard/crtbegin.o
 .text          0x0000000000000000       0x68 /usr/lib/gcc/arm-none-eabi/7.3.1/../../../arm-none-eabi/lib/thumb/v7e-m/fpv4-sp/hard/crt0.o
 .data          0x0000000000000000        0x0 /usr/lib/gcc/arm-none-eabi/7.3.1/../../../arm-none-eabi/lib/thumb/v7e-m/fpv4-sp/hard/crt0.o
 .bss           0x0000000000000000        0x0 /usr/lib/gcc/arm-none-eabi/7.3.1/../../../arm-none-eabi/lib/thumb/v7e-m/fpv4-sp/hard/crt0.o
 .ARM.extab     0x0000000000000000        0x0 /usr/lib/gcc/arm-none-eabi/7.3.1/../../../arm-none-eabi/lib/thumb/v7e-m/fpv4-sp/hard/crt0.o
 .ARM.exidx     0x0000000000000000        0x8 /usr/lib/gcc/arm-none-eabi/7.3.1/../../../arm-none-eabi/lib/thumb/v7e-m/fpv4-sp/hard/crt0.o
 .debug_line    0x0000000000000000       0x87 /usr/lib/gcc/arm-none-eabi/7.3.1/../../../arm-none-eabi/lib/thumb/v7e-m/fpv4-sp/hard/crt0.o
 .debug_info    0x0000000000000000       0x26 /usr/lib/gcc/arm-none-eabi/7.3.1/../../../arm-none-eabi/lib/thumb/v7e-m/fpv4-sp/hard/crt0.o
 .debug_abbrev  0x0000000000000000       0x14 /usr/lib/gcc/arm-none-eabi/7.3.1/../../../arm-none-eabi/lib/thumb/v7e-m/fpv4-sp/hard/crt0.o
 .debug_aranges
                0x0000000000000000       0x20 /usr/lib/gcc/arm-none-eabi/7.3.1/../../../arm-none-eabi/lib/thumb/v7e-m/fpv4-sp/hard/crt0.o
[...]
Memory Configuration

Name             Origin             Length             Attributes
RAM              0x0000000020000000 0x0000000000050000 xrw
FLASH            0x0000000008000000 0x0000000000100000 xr
*default*        0x0000000000000000 0xffffffffffffffff

Linker script and memory map

LOAD /usr/lib/gcc/arm-none-eabi/7.3.1/thumb/v7e-m/fpv4-sp/hard/crti.o
LOAD /usr/lib/gcc/arm-none-eabi/7.3.1/thumb/v7e-m/fpv4-sp/hard/crtbegin.o
LOAD /usr/lib/gcc/arm-none-eabi/7.3.1/../../../arm-none-eabi/lib/thumb/v7e-m/fpv4-sp/hard/crt0.o
LOAD build/main.o
LOAD build/stm32f7xx_it.o
LOAD build/stm32f7xx_hal_msp.o
LOAD build/stm32f7xx_hal_cortex.o
LOAD build/stm32f7xx_hal_tim.o
LOAD build/stm32f7xx_hal_tim_ex.o
LOAD build/stm32f7xx_hal_rcc.o
LOAD build/stm32f7xx_hal_rcc_ex.o
LOAD build/stm32f7xx_hal_flash.o
LOAD build/stm32f7xx_hal_flash_ex.o
LOAD build/stm32f7xx_hal_gpio.o
LOAD build/stm32f7xx_hal_dma.o
LOAD build/stm32f7xx_hal_dma_ex.o
LOAD build/stm32f7xx_hal_pwr.o
LOAD build/stm32f7xx_hal_pwr_ex.o
LOAD build/stm32f7xx_hal.o
LOAD build/stm32f7xx_hal_i2c.o
LOAD build/stm32f7xx_hal_i2c_ex.o
LOAD build/stm32f7xx_hal_exti.o
LOAD build/system_stm32f7xx.o
LOAD build/startup_stm32f756xx.o
LOAD /usr/lib/gcc/arm-none-eabi/7.3.1/../../../arm-none-eabi/lib/thumb/v7e-m/fpv4-sp/hard/libc_nano.a
LOAD /usr/lib/gcc/arm-none-eabi/7.3.1/../../../arm-none-eabi/lib/thumb/v7e-m/fpv4-sp/hard/libm.a
LOAD /usr/lib/gcc/arm-none-eabi/7.3.1/../../../arm-none-eabi/lib/thumb/v7e-m/fpv4-sp/hard/libnosys.a
START GROUP
LOAD /usr/lib/gcc/arm-none-eabi/7.3.1/thumb/v7e-m/fpv4-sp/hard/libgcc.a
LOAD /usr/lib/gcc/arm-none-eabi/7.3.1/../../../arm-none-eabi/lib/thumb/v7e-m/fpv4-sp/hard/libc_nano.a
END GROUP
START GROUP
LOAD /usr/lib/gcc/arm-none-eabi/7.3.1/thumb/v7e-m/fpv4-sp/hard/libgcc.a
LOAD /usr/lib/gcc/arm-none-eabi/7.3.1/../../../arm-none-eabi/lib/thumb/v7e-m/fpv4-sp/hard/libc_nano.a
END GROUP
LOAD /usr/lib/gcc/arm-none-eabi/7.3.1/thumb/v7e-m/fpv4-sp/hard/crtend.o
LOAD /usr/lib/gcc/arm-none-eabi/7.3.1/thumb/v7e-m/fpv4-sp/hard/crtn.o
                0x0000000020050000                _estack = 0x20050000
                0x0000000000000200                _Min_Heap_Size = 0x200
                0x0000000000000400                _Min_Stack_Size = 0x400

.isr_vector     0x0000000008000000      0x1c8
                0x0000000008000000                . = ALIGN (0x4)
 *(.isr_vector)
 .isr_vector    0x0000000008000000      0x1c8 build/startup_stm32f756xx.o
                0x0000000008000000                g_pfnVectors
                0x00000000080001c8                . = ALIGN (0x4)

.text           0x00000000080001c8     0x1098
                0x00000000080001c8                . = ALIGN (0x4)
 *(.text)
 .text          0x00000000080001c8       0x88 /usr/lib/gcc/arm-none-eabi/7.3.1/thumb/v7e-m/fpv4-sp/hard/crtbegin.o
 .text          0x0000000008000250       0x48 /usr/lib/gcc/arm-none-eabi/7.3.1/../../../arm-none-eabi/lib/thumb/v7e-m/fpv4-sp/hard/libc_nano.a(lib_a-init.o)
                0x0000000008000250                __libc_init_array
 .text          0x0000000008000298       0x94 /usr/lib/gcc/arm-none-eabi/7.3.1/../../../arm-none-eabi/lib/thumb/v7e-m/fpv4-sp/hard/libc_nano.a(lib_a-memset.o)
                0x0000000008000298                memset
 .text          0x000000000800032c       0x30 /usr/lib/gcc/arm-none-eabi/7.3.1/thumb/v7e-m/fpv4-sp/hard/libgcc.a(_aeabi_uldivmod.o)
                0x000000000800032c                __aeabi_uldivmod
 .text          0x000000000800035c      0x2cc /usr/lib/gcc/arm-none-eabi/7.3.1/thumb/v7e-m/fpv4-sp/hard/libgcc.a(_udivmoddi4.o)
                0x000000000800035c                __udivmoddi4
 .text          0x0000000008000628        0x4 /usr/lib/gcc/arm-none-eabi/7.3.1/thumb/v7e-m/fpv4-sp/hard/libgcc.a(_dvmd_tls.o)
                0x0000000008000628                __aeabi_ldiv0
                0x0000000008000628                __aeabi_idiv0
 *(.text*)
 .text.MX_GPIO_Init
                0x000000000800062c       0x74 build/main.o
 .text.Error_Handler
                0x00000000080006a0        0x4 build/main.o
                0x00000000080006a0                Error_Handler
 .text.SystemClock_Config
                0x00000000080006a4       0xb0 build/main.o
                0x00000000080006a4                SystemClock_Config
 .text.main     0x0000000008000754       0x24 build/main.o
                0x0000000008000754                main
 .text.NMI_Handler
                0x0000000008000778        0x2 build/stm32f7xx_it.o
                0x0000000008000778                NMI_Handler
 .text.HardFault_Handler
                0x000000000800077a        0x2 build/stm32f7xx_it.o
                0x000000000800077a                HardFault_Handler
 .text.MemManage_Handler
                0x000000000800077c        0x2 build/stm32f7xx_it.o
                0x000000000800077c                MemManage_Handler
 .text.BusFault_Handler
                0x000000000800077e        0x2 build/stm32f7xx_it.o
                0x000000000800077e                BusFault_Handler
 .text.UsageFault_Handler
                0x0000000008000780        0x2 build/stm32f7xx_it.o
                0x0000000008000780                UsageFault_Handler
 .text.SVC_Handler
                0x0000000008000782        0x2 build/stm32f7xx_it.o
                0x0000000008000782                SVC_Handler
 .text.DebugMon_Handler
                0x0000000008000784        0x2 build/stm32f7xx_it.o
                0x0000000008000784                DebugMon_Handler
 .text.PendSV_Handler
                0x0000000008000786        0x2 build/stm32f7xx_it.o
                0x0000000008000786                PendSV_Handler
 .text.SysTick_Handler
                0x0000000008000788        0x8 build/stm32f7xx_it.o
                0x0000000008000788                SysTick_Handler
 .text.HAL_MspInit
                0x0000000008000790       0x30 build/stm32f7xx_hal_msp.o
                0x0000000008000790                HAL_MspInit
 .text.HAL_NVIC_SetPriorityGrouping
                0x00000000080007c0       0x24 build/stm32f7xx_hal_cortex.o
                0x00000000080007c0                HAL_NVIC_SetPriorityGrouping
 .text.HAL_NVIC_SetPriority
                0x00000000080007e4       0x64 build/stm32f7xx_hal_cortex.o
                0x00000000080007e4                HAL_NVIC_SetPriority
 .text.HAL_SYSTICK_Config
                0x0000000008000848       0x2c build/stm32f7xx_hal_cortex.o
                0x0000000008000848                HAL_SYSTICK_Config
 .text.HAL_RCC_OscConfig
                0x0000000008000874      0x434 build/stm32f7xx_hal_rcc.o
                0x0000000008000874                HAL_RCC_OscConfig
 .text.HAL_RCC_GetSysClockFreq
                0x0000000008000ca8       0xa8 build/stm32f7xx_hal_rcc.o
                0x0000000008000ca8                HAL_RCC_GetSysClockFreq
 .text.HAL_RCC_ClockConfig
                0x0000000008000d50      0x168 build/stm32f7xx_hal_rcc.o
                0x0000000008000d50                HAL_RCC_ClockConfig
 .text.HAL_GPIO_Init
                0x0000000008000eb8      0x1dc build/stm32f7xx_hal_gpio.o
                0x0000000008000eb8                HAL_GPIO_Init
 .text.HAL_GPIO_WritePin
                0x0000000008001094        0xc build/stm32f7xx_hal_gpio.o
                0x0000000008001094                HAL_GPIO_WritePin
 .text.HAL_GPIO_TogglePin
                0x00000000080010a0       0x12 build/stm32f7xx_hal_gpio.o
                0x00000000080010a0                HAL_GPIO_TogglePin
 *fill*         0x00000000080010b2        0x2 
 .text.HAL_PWREx_EnableOverDrive
                0x00000000080010b4       0x7c build/stm32f7xx_hal_pwr_ex.o
                0x00000000080010b4                HAL_PWREx_EnableOverDrive
 .text.HAL_InitTick
                0x0000000008001130       0x4c build/stm32f7xx_hal.o
                0x0000000008001130                HAL_InitTick
 .text.HAL_Init
                0x000000000800117c       0x16 build/stm32f7xx_hal.o
                0x000000000800117c                HAL_Init
 *fill*         0x0000000008001192        0x2 
 .text.HAL_IncTick
                0x0000000008001194       0x18 build/stm32f7xx_hal.o
                0x0000000008001194                HAL_IncTick
 .text.HAL_GetTick
                0x00000000080011ac        0xc build/stm32f7xx_hal.o
                0x00000000080011ac                HAL_GetTick
 .text.HAL_Delay
                0x00000000080011b8       0x28 build/stm32f7xx_hal.o
                0x00000000080011b8                HAL_Delay
 .text.SystemInit
                0x00000000080011e0       0x14 build/system_stm32f7xx.o
                0x00000000080011e0                SystemInit
 .text.Reset_Handler
                0x00000000080011f4       0x50 build/startup_stm32f756xx.o
                0x00000000080011f4                Reset_Handler
 .text.Default_Handler
                0x0000000008001244        0x2 build/startup_stm32f756xx.o
                0x0000000008001244                RTC_Alarm_IRQHandler
                0x0000000008001244                HASH_RNG_IRQHandler
                0x0000000008001244                EXTI2_IRQHandler
                0x0000000008001244                TIM8_CC_IRQHandler
                0x0000000008001244                UART8_IRQHandler
                0x0000000008001244                SPI4_IRQHandler
                0x0000000008001244                TIM1_CC_IRQHandler
                0x0000000008001244                DMA2_Stream5_IRQHandler
                0x0000000008001244                DMA1_Stream5_IRQHandler
                0x0000000008001244                PVD_IRQHandler
                0x0000000008001244                TAMP_STAMP_IRQHandler
                0x0000000008001244                CAN2_RX1_IRQHandler
                0x0000000008001244                EXTI3_IRQHandler
                0x0000000008001244                TIM8_TRG_COM_TIM14_IRQHandler
                0x0000000008001244                TIM1_UP_TIM10_IRQHandler
                0x0000000008001244                TIM8_UP_TIM13_IRQHandler
                0x0000000008001244                I2C3_ER_IRQHandler
                0x0000000008001244                EXTI0_IRQHandler
                0x0000000008001244                I2C2_EV_IRQHandler
                0x0000000008001244                DMA1_Stream2_IRQHandler
                0x0000000008001244                CAN1_RX0_IRQHandler
                0x0000000008001244                FPU_IRQHandler
                0x0000000008001244                OTG_HS_WKUP_IRQHandler
                0x0000000008001244                LTDC_ER_IRQHandler
                0x0000000008001244                CAN2_SCE_IRQHandler
                0x0000000008001244                DMA2_Stream2_IRQHandler
                0x0000000008001244                SPI1_IRQHandler
                0x0000000008001244                TIM6_DAC_IRQHandler
                0x0000000008001244                TIM1_BRK_TIM9_IRQHandler
                0x0000000008001244                DCMI_IRQHandler
                0x0000000008001244                CAN2_RX0_IRQHandler
                0x0000000008001244                DMA2_Stream3_IRQHandler
                0x0000000008001244                SAI2_IRQHandler
                0x0000000008001244                USART6_IRQHandler
                0x0000000008001244                USART3_IRQHandler
                0x0000000008001244                CRYP_IRQHandler
                0x0000000008001244                CAN1_RX1_IRQHandler
                0x0000000008001244                UART5_IRQHandler
                0x0000000008001244                DMA2_Stream0_IRQHandler
                0x0000000008001244                TIM4_IRQHandler
                0x0000000008001244                QUADSPI_IRQHandler
                0x0000000008001244                I2C1_EV_IRQHandler
                0x0000000008001244                DMA1_Stream6_IRQHandler
                0x0000000008001244                DMA1_Stream1_IRQHandler
                0x0000000008001244                UART4_IRQHandler
                0x0000000008001244                TIM3_IRQHandler
                0x0000000008001244                RCC_IRQHandler
                0x0000000008001244                TIM8_BRK_TIM12_IRQHandler
                0x0000000008001244                Default_Handler
                0x0000000008001244                CEC_IRQHandler
                0x0000000008001244                EXTI15_10_IRQHandler
                0x0000000008001244                ADC_IRQHandler
                0x0000000008001244                DMA1_Stream7_IRQHandler
                0x0000000008001244                SPI5_IRQHandler
                0x0000000008001244                TIM7_IRQHandler
                0x0000000008001244                SDMMC1_IRQHandler
                0x0000000008001244                CAN2_TX_IRQHandler
                0x0000000008001244                TIM5_IRQHandler
                0x0000000008001244                DMA2_Stream7_IRQHandler
                0x0000000008001244                I2C3_EV_IRQHandler
                0x0000000008001244                EXTI9_5_IRQHandler
                0x0000000008001244                RTC_WKUP_IRQHandler
                0x0000000008001244                LTDC_IRQHandler
                0x0000000008001244                ETH_WKUP_IRQHandler
                0x0000000008001244                SPDIF_RX_IRQHandler
                0x0000000008001244                SPI2_IRQHandler
                0x0000000008001244                OTG_HS_EP1_IN_IRQHandler
                0x0000000008001244                DMA1_Stream0_IRQHandler
                0x0000000008001244                CAN1_TX_IRQHandler
                0x0000000008001244                EXTI4_IRQHandler
                0x0000000008001244                ETH_IRQHandler
                0x0000000008001244                OTG_HS_EP1_OUT_IRQHandler
                0x0000000008001244                WWDG_IRQHandler
                0x0000000008001244                SPI6_IRQHandler
                0x0000000008001244                I2C4_EV_IRQHandler
                0x0000000008001244                TIM2_IRQHandler
                0x0000000008001244                OTG_FS_WKUP_IRQHandler
                0x0000000008001244                TIM1_TRG_COM_TIM11_IRQHandler
                0x0000000008001244                OTG_HS_IRQHandler
                0x0000000008001244                DMA2D_IRQHandler
                0x0000000008001244                EXTI1_IRQHandler
                0x0000000008001244                UART7_IRQHandler
                0x0000000008001244                USART2_IRQHandler
                0x0000000008001244                I2C2_ER_IRQHandler
                0x0000000008001244                DMA2_Stream1_IRQHandler
                0x0000000008001244                CAN1_SCE_IRQHandler
                0x0000000008001244                FLASH_IRQHandler
                0x0000000008001244                DMA2_Stream4_IRQHandler
                0x0000000008001244                USART1_IRQHandler
                0x0000000008001244                OTG_FS_IRQHandler
                0x0000000008001244                SPI3_IRQHandler
                0x0000000008001244                DMA1_Stream4_IRQHandler
                0x0000000008001244                I2C1_ER_IRQHandler
                0x0000000008001244                FMC_IRQHandler
                0x0000000008001244                LPTIM1_IRQHandler
                0x0000000008001244                I2C4_ER_IRQHandler
                0x0000000008001244                DMA2_Stream6_IRQHandler
                0x0000000008001244                SAI1_IRQHandler
                0x0000000008001244                DMA1_Stream3_IRQHandler
 *(.glue_7)
 .glue_7        0x0000000008001246        0x0 linker stubs
 *(.glue_7t)
 .glue_7t       0x0000000008001246        0x0 linker stubs
 *(.eh_frame)
 *fill*         0x0000000008001246        0x2 
 .eh_frame      0x0000000008001248        0x0 /usr/lib/gcc/arm-none-eabi/7.3.1/thumb/v7e-m/fpv4-sp/hard/crtbegin.o
 *(.init)
 .init          0x0000000008001248        0x4 /usr/lib/gcc/arm-none-eabi/7.3.1/thumb/v7e-m/fpv4-sp/hard/crti.o
                0x0000000008001248                _init
 .init          0x000000000800124c        0x8 /usr/lib/gcc/arm-none-eabi/7.3.1/thumb/v7e-m/fpv4-sp/hard/crtn.o
 *(.fini)
 .fini          0x0000000008001254        0x4 /usr/lib/gcc/arm-none-eabi/7.3.1/thumb/v7e-m/fpv4-sp/hard/crti.o
                0x0000000008001254                _fini
 .fini          0x0000000008001258        0x8 /usr/lib/gcc/arm-none-eabi/7.3.1/thumb/v7e-m/fpv4-sp/hard/crtn.o
                0x0000000008001260                . = ALIGN (0x4)
                0x0000000008001260                _etext = .

.vfp11_veneer   0x0000000008001260        0x0
 .vfp11_veneer  0x0000000008001260        0x0 linker stubs

.v4_bx          0x0000000008001260        0x0
 .v4_bx         0x0000000008001260        0x0 linker stubs

.iplt           0x0000000008001260        0x0
 .iplt          0x0000000008001260        0x0 /usr/lib/gcc/arm-none-eabi/7.3.1/thumb/v7e-m/fpv4-sp/hard/crtbegin.o

.rodata         0x0000000008001260       0x10
                0x0000000008001260                . = ALIGN (0x4)
 *(.rodata)
 *(.rodata*)
 .rodata.AHBPrescTable
                0x0000000008001260       0x10 build/system_stm32f7xx.o
                0x0000000008001260                AHBPrescTable
                0x0000000008001270                . = ALIGN (0x4)

.ARM.extab
 *(.ARM.extab* .gnu.linkonce.armextab.*)

.ARM            0x0000000008001270        0x8
                0x0000000008001270                __exidx_start = .
 *(.ARM.exidx*)
 .ARM.exidx     0x0000000008001270        0x8 /usr/lib/gcc/arm-none-eabi/7.3.1/thumb/v7e-m/fpv4-sp/hard/libgcc.a(_udivmoddi4.o)
                0x0000000008001278                __exidx_end = .

.rel.dyn        0x0000000008001278        0x0
 .rel.iplt      0x0000000008001278        0x0 /usr/lib/gcc/arm-none-eabi/7.3.1/thumb/v7e-m/fpv4-sp/hard/crtbegin.o

.preinit_array  0x0000000008001278        0x0
                0x0000000008001278                PROVIDE (__preinit_array_start = .)
 *(.preinit_array*)
                0x0000000008001278                PROVIDE (__preinit_array_end = .)

.init_array     0x0000000008001278        0x4
                0x0000000008001278                PROVIDE (__init_array_start = .)
 *(SORT_BY_NAME(.init_array.*))
 *(.init_array*)
 .init_array    0x0000000008001278        0x4 /usr/lib/gcc/arm-none-eabi/7.3.1/thumb/v7e-m/fpv4-sp/hard/crtbegin.o
                0x000000000800127c                PROVIDE (__init_array_end = .)

.fini_array     0x000000000800127c        0x4
                0x000000000800127c                PROVIDE (__fini_array_start = .)
 *(SORT_BY_NAME(.fini_array.*))
 *(.fini_array*)
 .fini_array    0x000000000800127c        0x4 /usr/lib/gcc/arm-none-eabi/7.3.1/thumb/v7e-m/fpv4-sp/hard/crtbegin.o
                0x0000000008001280                PROVIDE (__fini_array_end = .)
                0x0000000008001280                _sidata = LOADADDR (.data)

.data           0x0000000020000000        0xc load address 0x0000000008001280
                0x0000000020000000                . = ALIGN (0x4)
                0x0000000020000000                _sdata = .
 *(.data)
 *(.data*)
 .data.uwTickFreq
                0x0000000020000000        0x1 build/stm32f7xx_hal.o
                0x0000000020000000                uwTickFreq
 *fill*         0x0000000020000001        0x3 
 .data.uwTickPrio
                0x0000000020000004        0x4 build/stm32f7xx_hal.o
                0x0000000020000004                uwTickPrio
 .data.SystemCoreClock
                0x0000000020000008        0x4 build/system_stm32f7xx.o
                0x0000000020000008                SystemCoreClock
                0x000000002000000c                . = ALIGN (0x4)
                0x000000002000000c                _edata = .

.tm_clone_table
                0x000000002000000c        0x0 load address 0x000000000800128c
 .tm_clone_table
                0x000000002000000c        0x0 /usr/lib/gcc/arm-none-eabi/7.3.1/thumb/v7e-m/fpv4-sp/hard/crtbegin.o
 .tm_clone_table
                0x000000002000000c        0x0 /usr/lib/gcc/arm-none-eabi/7.3.1/thumb/v7e-m/fpv4-sp/hard/crtend.o

.igot.plt       0x000000002000000c        0x0 load address 0x000000000800128c
 .igot.plt      0x000000002000000c        0x0 /usr/lib/gcc/arm-none-eabi/7.3.1/thumb/v7e-m/fpv4-sp/hard/crtbegin.o
                0x000000002000000c                . = ALIGN (0x4)

.bss            0x000000002000000c       0x20 load address 0x000000000800128c
                0x000000002000000c                _sbss = .
                0x000000002000000c                __bss_start__ = _sbss
 *(.bss)
 .bss           0x000000002000000c       0x1c /usr/lib/gcc/arm-none-eabi/7.3.1/thumb/v7e-m/fpv4-sp/hard/crtbegin.o
 *(.bss*)
 *(COMMON)
 COMMON         0x0000000020000028        0x4 build/stm32f7xx_hal.o
                0x0000000020000028                uwTick
                0x000000002000002c                . = ALIGN (0x4)
                0x000000002000002c                _ebss = .
                0x000000002000002c                __bss_end__ = _ebss

._user_heap_stack
                0x000000002000002c      0x604 load address 0x000000000800128c
                0x0000000020000030                . = ALIGN (0x8)
 *fill*         0x000000002000002c        0x4 
                [!provide]                        PROVIDE (end = .)
                [!provide]                        PROVIDE (_end = .)
                0x0000000020000230                . = (. + _Min_Heap_Size)
 *fill*         0x0000000020000030      0x200 
                0x0000000020000630                . = (. + _Min_Stack_Size)
 *fill*         0x0000000020000230      0x400 
                0x0000000020000630                . = ALIGN (0x8)

/DISCARD/
 libc.a(*)
 libm.a(*)
 libgcc.a(*)

.ARM.attributes
                0x0000000000000000       0x30
 *(.ARM.attributes)
 .ARM.attributes
                0x0000000000000000       0x22 /usr/lib/gcc/arm-none-eabi/7.3.1/thumb/v7e-m/fpv4-sp/hard/crti.o
 .ARM.attributes
                0x0000000000000022       0x34 /usr/lib/gcc/arm-none-eabi/7.3.1/thumb/v7e-m/fpv4-sp/hard/crtbegin.o
 .ARM.attributes
                0x0000000000000056       0x39 build/main.o
 .ARM.attributes
                0x000000000000008f       0x39 build/stm32f7xx_it.o
 .ARM.attributes
                0x00000000000000c8       0x39 build/stm32f7xx_hal_msp.o
 .ARM.attributes
                0x0000000000000101       0x39 build/stm32f7xx_hal_cortex.o
 .ARM.attributes
                0x000000000000013a       0x39 build/stm32f7xx_hal_rcc.o
 .ARM.attributes
                0x0000000000000173       0x39 build/stm32f7xx_hal_gpio.o
 .ARM.attributes
                0x00000000000001ac       0x39 build/stm32f7xx_hal_pwr_ex.o
 .ARM.attributes
                0x00000000000001e5       0x39 build/stm32f7xx_hal.o
 .ARM.attributes
                0x000000000000021e       0x39 build/system_stm32f7xx.o
 .ARM.attributes
                0x0000000000000257       0x21 build/startup_stm32f756xx.o
 .ARM.attributes
                0x0000000000000278       0x34 /usr/lib/gcc/arm-none-eabi/7.3.1/../../../arm-none-eabi/lib/thumb/v7e-m/fpv4-sp/hard/libc_nano.a(lib_a-init.o)
 .ARM.attributes
                0x00000000000002ac       0x34 /usr/lib/gcc/arm-none-eabi/7.3.1/../../../arm-none-eabi/lib/thumb/v7e-m/fpv4-sp/hard/libc_nano.a(lib_a-memset.o)
 .ARM.attributes
                0x00000000000002e0       0x22 /usr/lib/gcc/arm-none-eabi/7.3.1/thumb/v7e-m/fpv4-sp/hard/libgcc.a(_aeabi_uldivmod.o)
 .ARM.attributes
                0x0000000000000302       0x34 /usr/lib/gcc/arm-none-eabi/7.3.1/thumb/v7e-m/fpv4-sp/hard/libgcc.a(_udivmoddi4.o)
 .ARM.attributes
                0x0000000000000336       0x22 /usr/lib/gcc/arm-none-eabi/7.3.1/thumb/v7e-m/fpv4-sp/hard/libgcc.a(_dvmd_tls.o)
 .ARM.attributes
                0x0000000000000358       0x34 /usr/lib/gcc/arm-none-eabi/7.3.1/thumb/v7e-m/fpv4-sp/hard/crtend.o
 .ARM.attributes
                0x000000000000038c       0x22 /usr/lib/gcc/arm-none-eabi/7.3.1/thumb/v7e-m/fpv4-sp/hard/crtn.o
OUTPUT(build/Inclinometer.elf elf32-littlearm)

.comment        0x0000000000000000       0xae
 .comment       0x0000000000000000       0x57 /usr/lib/gcc/arm-none-eabi/7.3.1/thumb/v7e-m/fpv4-sp/hard/crtbegin.o
                                         0x58 (size before relaxing)
 .comment       0x0000000000000057       0x58 build/main.o
 .comment       0x0000000000000057       0x58 build/stm32f7xx_it.o
 .comment       0x0000000000000057       0x58 build/stm32f7xx_hal_msp.o
 .comment       0x0000000000000057       0x58 build/stm32f7xx_hal_cortex.o
 .comment       0x0000000000000057       0x58 build/stm32f7xx_hal_rcc.o
 .comment       0x0000000000000057       0x58 build/stm32f7xx_hal_gpio.o
 .comment       0x0000000000000057       0x58 build/stm32f7xx_hal_pwr_ex.o
 .comment       0x0000000000000057       0x58 build/stm32f7xx_hal.o
 .comment       0x0000000000000057       0x58 build/system_stm32f7xx.o
 .comment       0x0000000000000057       0x57 /usr/lib/gcc/arm-none-eabi/7.3.1/../../../arm-none-eabi/lib/thumb/v7e-m/fpv4-sp/hard/libc_nano.a(lib_a-init.o)
                                         0x58 (size before relaxing)
 .comment       0x00000000000000ae       0x58 /usr/lib/gcc/arm-none-eabi/7.3.1/../../../arm-none-eabi/lib/thumb/v7e-m/fpv4-sp/hard/libc_nano.a(lib_a-memset.o)
 .comment       0x00000000000000ae       0x58 /usr/lib/gcc/arm-none-eabi/7.3.1/thumb/v7e-m/fpv4-sp/hard/libgcc.a(_udivmoddi4.o)
 .comment       0x00000000000000ae       0x58 /usr/lib/gcc/arm-none-eabi/7.3.1/thumb/v7e-m/fpv4-sp/hard/crtend.o

.debug_info     0x0000000000000000     0x7272
 .debug_info    0x0000000000000000      0x92c build/main.o
 .debug_info    0x000000000000092c      0x258 build/stm32f7xx_it.o
 .debug_info    0x0000000000000b84      0x3e3 build/stm32f7xx_hal_msp.o
 .debug_info    0x0000000000000f67     0x12d7 build/stm32f7xx_hal_cortex.o
 .debug_info    0x000000000000223e      0xc30 build/stm32f7xx_hal_rcc.o
 .debug_info    0x0000000000002e6e      0x8a2 build/stm32f7xx_hal_gpio.o
 .debug_info    0x0000000000003710      0xb49 build/stm32f7xx_hal_pwr_ex.o
 .debug_info    0x0000000000004259      0xb73 build/stm32f7xx_hal.o
 .debug_info    0x0000000000004dcc      0x807 build/system_stm32f7xx.o
 .debug_info    0x00000000000055d3       0x22 build/startup_stm32f756xx.o
 .debug_info    0x00000000000055f5      0x109 /usr/lib/gcc/arm-none-eabi/7.3.1/../../../arm-none-eabi/lib/thumb/v7e-m/fpv4-sp/hard/libc_nano.a(lib_a-init.o)
 .debug_info    0x00000000000056fe      0xe1d /usr/lib/gcc/arm-none-eabi/7.3.1/../../../arm-none-eabi/lib/thumb/v7e-m/fpv4-sp/hard/libc_nano.a(lib_a-memset.o)
 .debug_info    0x000000000000651b       0x26 /usr/lib/gcc/arm-none-eabi/7.3.1/thumb/v7e-m/fpv4-sp/hard/libgcc.a(_aeabi_uldivmod.o)
 .debug_info    0x0000000000006541      0xd0b /usr/lib/gcc/arm-none-eabi/7.3.1/thumb/v7e-m/fpv4-sp/hard/libgcc.a(_udivmoddi4.o)
 .debug_info    0x000000000000724c       0x26 /usr/lib/gcc/arm-none-eabi/7.3.1/thumb/v7e-m/fpv4-sp/hard/libgcc.a(_dvmd_tls.o)

.debug_abbrev   0x0000000000000000     0x14aa
 .debug_abbrev  0x0000000000000000      0x200 build/main.o
 .debug_abbrev  0x0000000000000200       0xe4 build/stm32f7xx_it.o
 .debug_abbrev  0x00000000000002e4      0x108 build/stm32f7xx_hal_msp.o
 .debug_abbrev  0x00000000000003ec      0x33d build/stm32f7xx_hal_cortex.o
 .debug_abbrev  0x0000000000000729      0x25b build/stm32f7xx_hal_rcc.o
 .debug_abbrev  0x0000000000000984      0x21c build/stm32f7xx_hal_gpio.o
 .debug_abbrev  0x0000000000000ba0      0x1b1 build/stm32f7xx_hal_pwr_ex.o
 .debug_abbrev  0x0000000000000d51      0x1ed build/stm32f7xx_hal.o
 .debug_abbrev  0x0000000000000f3e      0x137 build/system_stm32f7xx.o
 .debug_abbrev  0x0000000000001075       0x12 build/startup_stm32f756xx.o
 .debug_abbrev  0x0000000000001087       0xba /usr/lib/gcc/arm-none-eabi/7.3.1/../../../arm-none-eabi/lib/thumb/v7e-m/fpv4-sp/hard/libc_nano.a(lib_a-init.o)
 .debug_abbrev  0x0000000000001141      0x1a8 /usr/lib/gcc/arm-none-eabi/7.3.1/../../../arm-none-eabi/lib/thumb/v7e-m/fpv4-sp/hard/libc_nano.a(lib_a-memset.o)
 .debug_abbrev  0x00000000000012e9       0x14 /usr/lib/gcc/arm-none-eabi/7.3.1/thumb/v7e-m/fpv4-sp/hard/libgcc.a(_aeabi_uldivmod.o)
 .debug_abbrev  0x00000000000012fd      0x199 /usr/lib/gcc/arm-none-eabi/7.3.1/thumb/v7e-m/fpv4-sp/hard/libgcc.a(_udivmoddi4.o)
 .debug_abbrev  0x0000000000001496       0x14 /usr/lib/gcc/arm-none-eabi/7.3.1/thumb/v7e-m/fpv4-sp/hard/libgcc.a(_dvmd_tls.o)

.debug_loc      0x0000000000000000     0x2920
 .debug_loc     0x0000000000000000       0x9e build/main.o
 .debug_loc     0x000000000000009e       0x20 build/stm32f7xx_it.o
 .debug_loc     0x00000000000000be       0x2c build/stm32f7xx_hal_msp.o
 .debug_loc     0x00000000000000ea      0x650 build/stm32f7xx_hal_cortex.o
 .debug_loc     0x000000000000073a      0x666 build/stm32f7xx_hal_rcc.o
 .debug_loc     0x0000000000000da0      0x549 build/stm32f7xx_hal_gpio.o
 .debug_loc     0x00000000000012e9      0x2dc build/stm32f7xx_hal_pwr_ex.o
 .debug_loc     0x00000000000015c5      0x1bb build/stm32f7xx_hal.o
 .debug_loc     0x0000000000001780      0x13e build/system_stm32f7xx.o
 .debug_loc     0x00000000000018be       0xa2 /usr/lib/gcc/arm-none-eabi/7.3.1/../../../arm-none-eabi/lib/thumb/v7e-m/fpv4-sp/hard/libc_nano.a(lib_a-init.o)
 .debug_loc     0x0000000000001960      0x175 /usr/lib/gcc/arm-none-eabi/7.3.1/../../../arm-none-eabi/lib/thumb/v7e-m/fpv4-sp/hard/libc_nano.a(lib_a-memset.o)
 .debug_loc     0x0000000000001ad5      0xe4b /usr/lib/gcc/arm-none-eabi/7.3.1/thumb/v7e-m/fpv4-sp/hard/libgcc.a(_udivmoddi4.o)

.debug_aranges  0x0000000000000000      0x4b0
 .debug_aranges
                0x0000000000000000       0x38 build/main.o
 .debug_aranges
                0x0000000000000038       0x60 build/stm32f7xx_it.o
 .debug_aranges
                0x0000000000000098       0x20 build/stm32f7xx_hal_msp.o
 .debug_aranges
                0x00000000000000b8       0xa8 build/stm32f7xx_hal_cortex.o
 .debug_aranges
                0x0000000000000160       0x88 build/stm32f7xx_hal_rcc.o
 .debug_aranges
                0x00000000000001e8       0x58 build/stm32f7xx_hal_gpio.o
 .debug_aranges
                0x0000000000000240       0x80 build/stm32f7xx_hal_pwr_ex.o
 .debug_aranges
                0x00000000000002c0      0x100 build/stm32f7xx_hal.o
 .debug_aranges
                0x00000000000003c0       0x28 build/system_stm32f7xx.o
 .debug_aranges
                0x00000000000003e8       0x28 build/startup_stm32f756xx.o
 .debug_aranges
                0x0000000000000410       0x20 /usr/lib/gcc/arm-none-eabi/7.3.1/../../../arm-none-eabi/lib/thumb/v7e-m/fpv4-sp/hard/libc_nano.a(lib_a-init.o)
 .debug_aranges
                0x0000000000000430       0x20 /usr/lib/gcc/arm-none-eabi/7.3.1/../../../arm-none-eabi/lib/thumb/v7e-m/fpv4-sp/hard/libc_nano.a(lib_a-memset.o)
 .debug_aranges
                0x0000000000000450       0x20 /usr/lib/gcc/arm-none-eabi/7.3.1/thumb/v7e-m/fpv4-sp/hard/libgcc.a(_aeabi_uldivmod.o)
 .debug_aranges
                0x0000000000000470       0x20 /usr/lib/gcc/arm-none-eabi/7.3.1/thumb/v7e-m/fpv4-sp/hard/libgcc.a(_udivmoddi4.o)
 .debug_aranges
                0x0000000000000490       0x20 /usr/lib/gcc/arm-none-eabi/7.3.1/thumb/v7e-m/fpv4-sp/hard/libgcc.a(_dvmd_tls.o)

.debug_ranges   0x0000000000000000      0x4b8
 .debug_ranges  0x0000000000000000       0x28 build/main.o
 .debug_ranges  0x0000000000000028       0x50 build/stm32f7xx_it.o
 .debug_ranges  0x0000000000000078       0x10 build/stm32f7xx_hal_msp.o
 .debug_ranges  0x0000000000000088       0xf8 build/stm32f7xx_hal_cortex.o
 .debug_ranges  0x0000000000000180       0x78 build/stm32f7xx_hal_rcc.o
 .debug_ranges  0x00000000000001f8       0x48 build/stm32f7xx_hal_gpio.o
 .debug_ranges  0x0000000000000240       0x70 build/stm32f7xx_hal_pwr_ex.o
 .debug_ranges  0x00000000000002b0       0xf0 build/stm32f7xx_hal.o
 .debug_ranges  0x00000000000003a0       0x18 build/system_stm32f7xx.o
 .debug_ranges  0x00000000000003b8       0x20 build/startup_stm32f756xx.o
 .debug_ranges  0x00000000000003d8       0xe0 /usr/lib/gcc/arm-none-eabi/7.3.1/thumb/v7e-m/fpv4-sp/hard/libgcc.a(_udivmoddi4.o)

.debug_line     0x0000000000000000     0x1edb
 .debug_line    0x0000000000000000      0x240 build/main.o
 .debug_line    0x0000000000000240      0x1ba build/stm32f7xx_it.o
 .debug_line    0x00000000000003fa      0x14e build/stm32f7xx_hal_msp.o
 .debug_line    0x0000000000000548      0x3e0 build/stm32f7xx_hal_cortex.o
 .debug_line    0x0000000000000928      0x499 build/stm32f7xx_hal_rcc.o
 .debug_line    0x0000000000000dc1      0x321 build/stm32f7xx_hal_gpio.o
 .debug_line    0x00000000000010e2      0x2b6 build/stm32f7xx_hal_pwr_ex.o
 .debug_line    0x0000000000001398      0x3aa build/stm32f7xx_hal.o
 .debug_line    0x0000000000001742      0x176 build/system_stm32f7xx.o
 .debug_line    0x00000000000018b8       0x76 build/startup_stm32f756xx.o
 .debug_line    0x000000000000192e       0xbf /usr/lib/gcc/arm-none-eabi/7.3.1/../../../arm-none-eabi/lib/thumb/v7e-m/fpv4-sp/hard/libc_nano.a(lib_a-init.o)
 .debug_line    0x00000000000019ed      0x1c4 /usr/lib/gcc/arm-none-eabi/7.3.1/../../../arm-none-eabi/lib/thumb/v7e-m/fpv4-sp/hard/libc_nano.a(lib_a-memset.o)
 .debug_line    0x0000000000001bb1       0x63 /usr/lib/gcc/arm-none-eabi/7.3.1/thumb/v7e-m/fpv4-sp/hard/libgcc.a(_aeabi_uldivmod.o)
 .debug_line    0x0000000000001c14      0x264 /usr/lib/gcc/arm-none-eabi/7.3.1/thumb/v7e-m/fpv4-sp/hard/libgcc.a(_udivmoddi4.o)
 .debug_line    0x0000000000001e78       0x63 /usr/lib/gcc/arm-none-eabi/7.3.1/thumb/v7e-m/fpv4-sp/hard/libgcc.a(_dvmd_tls.o)

.debug_str      0x0000000000000000     0x36ca
 .debug_str     0x0000000000000000      0x600 build/main.o
                                        0x667 (size before relaxing)
 .debug_str     0x0000000000000600       0xb4 build/stm32f7xx_it.o
                                        0x325 (size before relaxing)
 .debug_str     0x00000000000006b4       0x29 build/stm32f7xx_hal_msp.o
                                        0x3ba (size before relaxing)
 .debug_str     0x00000000000006dd      0xb8e build/stm32f7xx_hal_cortex.o
                                        0xe7c (size before relaxing)
 .debug_str     0x000000000000126b      0x1f9 build/stm32f7xx_hal_rcc.o
                                        0x7a6 (size before relaxing)
 .debug_str     0x0000000000001464      0x122 build/stm32f7xx_hal_gpio.o
                                        0x5cd (size before relaxing)
 .debug_str     0x0000000000001586      0x1db build/stm32f7xx_hal_pwr_ex.o
                                        0x71c (size before relaxing)
 .debug_str     0x0000000000001761      0x258 build/stm32f7xx_hal.o
                                        0xcba (size before relaxing)
 .debug_str     0x00000000000019b9       0x47 build/system_stm32f7xx.o
                                        0x4ff (size before relaxing)
 .debug_str     0x0000000000001a00       0x24 build/startup_stm32f756xx.o
                                         0x5a (size before relaxing)
 .debug_str     0x0000000000001a24      0x1cc /usr/lib/gcc/arm-none-eabi/7.3.1/../../../arm-none-eabi/lib/thumb/v7e-m/fpv4-sp/hard/libc_nano.a(lib_a-init.o)
                                        0x267 (size before relaxing)
 .debug_str     0x0000000000001bf0      0x6f1 /usr/lib/gcc/arm-none-eabi/7.3.1/../../../arm-none-eabi/lib/thumb/v7e-m/fpv4-sp/hard/libc_nano.a(lib_a-memset.o)
                                        0x94d (size before relaxing)
 .debug_str     0x00000000000022e1       0x79 /usr/lib/gcc/arm-none-eabi/7.3.1/thumb/v7e-m/fpv4-sp/hard/libgcc.a(_aeabi_uldivmod.o)
                                         0x87 (size before relaxing)
 .debug_str     0x000000000000235a     0x133d /usr/lib/gcc/arm-none-eabi/7.3.1/thumb/v7e-m/fpv4-sp/hard/libgcc.a(_udivmoddi4.o)
                                       0x1421 (size before relaxing)
 .debug_str     0x0000000000003697       0x33 /usr/lib/gcc/arm-none-eabi/7.3.1/thumb/v7e-m/fpv4-sp/hard/libgcc.a(_dvmd_tls.o)
                                         0x8b (size before relaxing)

.debug_frame    0x0000000000000000      0x9ec
 .debug_frame   0x0000000000000000       0x84 build/main.o
 .debug_frame   0x0000000000000084       0xac build/stm32f7xx_it.o
 .debug_frame   0x0000000000000130       0x28 build/stm32f7xx_hal_msp.o
 .debug_frame   0x0000000000000158      0x16c build/stm32f7xx_hal_cortex.o
 .debug_frame   0x00000000000002c4      0x1d4 build/stm32f7xx_hal_rcc.o
 .debug_frame   0x0000000000000498       0xf0 build/stm32f7xx_hal_gpio.o
 .debug_frame   0x0000000000000588      0x150 build/stm32f7xx_hal_pwr_ex.o
 .debug_frame   0x00000000000006d8      0x220 build/stm32f7xx_hal.o
 .debug_frame   0x00000000000008f8       0x30 build/system_stm32f7xx.o
 .debug_frame   0x0000000000000928       0x2c /usr/lib/gcc/arm-none-eabi/7.3.1/../../../arm-none-eabi/lib/thumb/v7e-m/fpv4-sp/hard/libc_nano.a(lib_a-init.o)
 .debug_frame   0x0000000000000954       0x38 /usr/lib/gcc/arm-none-eabi/7.3.1/../../../arm-none-eabi/lib/thumb/v7e-m/fpv4-sp/hard/libc_nano.a(lib_a-memset.o)
 .debug_frame   0x000000000000098c       0x2c /usr/lib/gcc/arm-none-eabi/7.3.1/thumb/v7e-m/fpv4-sp/hard/libgcc.a(_aeabi_uldivmod.o)
 .debug_frame   0x00000000000009b8       0x34 /usr/lib/gcc/arm-none-eabi/7.3.1/thumb/v7e-m/fpv4-sp/hard/libgcc.a(_udivmoddi4.o)

Cross Reference Table

Symbol                                            File
ADC_IRQHandler                                    build/startup_stm32f756xx.o
AHBPrescTable                                     build/system_stm32f7xx.o
                                                  build/stm32f7xx_hal_rcc.o
APBPrescTable                                     build/system_stm32f7xx.o
                                                  build/stm32f7xx_hal_rcc.o
BusFault_Handler                                  build/stm32f7xx_it.o
CAN1_RX0_IRQHandler                               build/startup_stm32f756xx.o
CAN1_RX1_IRQHandler                               build/startup_stm32f756xx.o
CAN1_SCE_IRQHandler                               build/startup_stm32f756xx.o
CAN1_TX_IRQHandler                                build/startup_stm32f756xx.o
CAN2_RX0_IRQHandler                               build/startup_stm32f756xx.o
CAN2_RX1_IRQHandler                               build/startup_stm32f756xx.o
CAN2_SCE_IRQHandler                               build/startup_stm32f756xx.o
CAN2_TX_IRQHandler                                build/startup_stm32f756xx.o
CEC_IRQHandler                                    build/startup_stm32f756xx.o
CRYP_IRQHandler                                   build/startup_stm32f756xx.o
DCMI_IRQHandler                                   build/startup_stm32f756xx.o
DMA1_Stream0_IRQHandler                           build/startup_stm32f756xx.o
DMA1_Stream1_IRQHandler                           build/startup_stm32f756xx.o
DMA1_Stream2_IRQHandler                           build/startup_stm32f756xx.o
DMA1_Stream3_IRQHandler                           build/startup_stm32f756xx.o
DMA1_Stream4_IRQHandler                           build/startup_stm32f756xx.o
DMA1_Stream5_IRQHandler                           build/startup_stm32f756xx.o
DMA1_Stream6_IRQHandler                           build/startup_stm32f756xx.o
DMA1_Stream7_IRQHandler                           build/startup_stm32f756xx.o
DMA2D_IRQHandler                                  build/startup_stm32f756xx.o
DMA2_Stream0_IRQHandler                           build/startup_stm32f756xx.o
DMA2_Stream1_IRQHandler                           build/startup_stm32f756xx.o
DMA2_Stream2_IRQHandler                           build/startup_stm32f756xx.o
DMA2_Stream3_IRQHandler                           build/startup_stm32f756xx.o
DMA2_Stream4_IRQHandler                           build/startup_stm32f756xx.o
DMA2_Stream5_IRQHandler                           build/startup_stm32f756xx.o
DMA2_Stream6_IRQHandler                           build/startup_stm32f756xx.o
DMA2_Stream7_IRQHandler                           build/startup_stm32f756xx.o
DebugMon_Handler                                  build/stm32f7xx_it.o
Default_Handler                                   build/startup_stm32f756xx.o
ETH_IRQHandler                                    build/startup_stm32f756xx.o
ETH_WKUP_IRQHandler                               build/startup_stm32f756xx.o
EXTI0_IRQHandler                                  build/startup_stm32f756xx.o
EXTI15_10_IRQHandler                              build/startup_stm32f756xx.o
EXTI1_IRQHandler                                  build/startup_stm32f756xx.o
EXTI2_IRQHandler                                  build/startup_stm32f756xx.o
EXTI3_IRQHandler                                  build/startup_stm32f756xx.o
EXTI4_IRQHandler                                  build/startup_stm32f756xx.o
EXTI9_5_IRQHandler                                build/startup_stm32f756xx.o
Error_Handler                                     build/main.o
FLASH_Erase_Sector                                build/stm32f7xx_hal_flash_ex.o
                                                  build/stm32f7xx_hal_flash.o
FLASH_IRQHandler                                  build/startup_stm32f756xx.o
FLASH_WaitForLastOperation                        build/stm32f7xx_hal_flash.o
                                                  build/stm32f7xx_hal_flash_ex.o
FMC_IRQHandler                                    build/startup_stm32f756xx.o
FPU_IRQHandler                                    build/startup_stm32f756xx.o
HAL_DBGMCU_DisableDBGSleepMode                    build/stm32f7xx_hal.o
HAL_DBGMCU_DisableDBGStandbyMode                  build/stm32f7xx_hal.o
HAL_DBGMCU_DisableDBGStopMode                     build/stm32f7xx_hal.o
HAL_DBGMCU_EnableDBGSleepMode                     build/stm32f7xx_hal.o
HAL_DBGMCU_EnableDBGStandbyMode                   build/stm32f7xx_hal.o
HAL_DBGMCU_EnableDBGStopMode                      build/stm32f7xx_hal.o
HAL_DMAEx_ChangeMemory                            build/stm32f7xx_hal_dma_ex.o
HAL_DMAEx_MultiBufferStart                        build/stm32f7xx_hal_dma_ex.o
HAL_DMAEx_MultiBufferStart_IT                     build/stm32f7xx_hal_dma_ex.o
HAL_DMA_Abort                                     build/stm32f7xx_hal_dma.o
HAL_DMA_Abort_IT                                  build/stm32f7xx_hal_dma.o
                                                  build/stm32f7xx_hal_i2c.o
HAL_DMA_DeInit                                    build/stm32f7xx_hal_dma.o
HAL_DMA_GetError                                  build/stm32f7xx_hal_dma.o
                                                  build/stm32f7xx_hal_i2c.o
HAL_DMA_GetState                                  build/stm32f7xx_hal_dma.o
                                                  build/stm32f7xx_hal_i2c.o
HAL_DMA_IRQHandler                                build/stm32f7xx_hal_dma.o
HAL_DMA_Init                                      build/stm32f7xx_hal_dma.o
HAL_DMA_PollForTransfer                           build/stm32f7xx_hal_dma.o
HAL_DMA_RegisterCallback                          build/stm32f7xx_hal_dma.o
HAL_DMA_Start                                     build/stm32f7xx_hal_dma.o
HAL_DMA_Start_IT                                  build/stm32f7xx_hal_dma.o
                                                  build/stm32f7xx_hal_i2c.o
HAL_DMA_UnRegisterCallback                        build/stm32f7xx_hal_dma.o
HAL_DeInit                                        build/stm32f7xx_hal.o
HAL_Delay                                         build/stm32f7xx_hal.o
                                                  build/main.o
HAL_DisableCompensationCell                       build/stm32f7xx_hal.o
HAL_DisableFMCMemorySwapping                      build/stm32f7xx_hal.o
HAL_EXTI_ClearConfigLine                          build/stm32f7xx_hal_exti.o
HAL_EXTI_ClearPending                             build/stm32f7xx_hal_exti.o
HAL_EXTI_GenerateSWI                              build/stm32f7xx_hal_exti.o
HAL_EXTI_GetConfigLine                            build/stm32f7xx_hal_exti.o
HAL_EXTI_GetHandle                                build/stm32f7xx_hal_exti.o
HAL_EXTI_GetPending                               build/stm32f7xx_hal_exti.o
HAL_EXTI_IRQHandler                               build/stm32f7xx_hal_exti.o
HAL_EXTI_RegisterCallback                         build/stm32f7xx_hal_exti.o
HAL_EXTI_SetConfigLine                            build/stm32f7xx_hal_exti.o
HAL_EnableCompensationCell                        build/stm32f7xx_hal.o
HAL_EnableFMCMemorySwapping                       build/stm32f7xx_hal.o
HAL_FLASHEx_Erase                                 build/stm32f7xx_hal_flash_ex.o
HAL_FLASHEx_Erase_IT                              build/stm32f7xx_hal_flash_ex.o
HAL_FLASHEx_OBGetConfig                           build/stm32f7xx_hal_flash_ex.o
HAL_FLASHEx_OBProgram                             build/stm32f7xx_hal_flash_ex.o
HAL_FLASH_EndOfOperationCallback                  build/stm32f7xx_hal_flash.o
HAL_FLASH_GetError                                build/stm32f7xx_hal_flash.o
HAL_FLASH_IRQHandler                              build/stm32f7xx_hal_flash.o
HAL_FLASH_Lock                                    build/stm32f7xx_hal_flash.o
HAL_FLASH_OB_Launch                               build/stm32f7xx_hal_flash.o
HAL_FLASH_OB_Lock                                 build/stm32f7xx_hal_flash.o
HAL_FLASH_OB_Unlock                               build/stm32f7xx_hal_flash.o
HAL_FLASH_OperationErrorCallback                  build/stm32f7xx_hal_flash.o
HAL_FLASH_Program                                 build/stm32f7xx_hal_flash.o
HAL_FLASH_Program_IT                              build/stm32f7xx_hal_flash.o
HAL_FLASH_Unlock                                  build/stm32f7xx_hal_flash.o
HAL_GPIO_DeInit                                   build/stm32f7xx_hal_gpio.o
HAL_GPIO_EXTI_Callback                            build/stm32f7xx_hal_gpio.o
HAL_GPIO_EXTI_IRQHandler                          build/stm32f7xx_hal_gpio.o
HAL_GPIO_Init                                     build/stm32f7xx_hal_gpio.o
                                                  build/stm32f7xx_hal_rcc.o
                                                  build/main.o
HAL_GPIO_LockPin                                  build/stm32f7xx_hal_gpio.o
HAL_GPIO_ReadPin                                  build/stm32f7xx_hal_gpio.o
HAL_GPIO_TogglePin                                build/stm32f7xx_hal_gpio.o
                                                  build/main.o
HAL_GPIO_WritePin                                 build/stm32f7xx_hal_gpio.o
                                                  build/main.o
HAL_GetDEVID                                      build/stm32f7xx_hal.o
HAL_GetHalVersion                                 build/stm32f7xx_hal.o
HAL_GetREVID                                      build/stm32f7xx_hal.o
HAL_GetTick                                       build/stm32f7xx_hal.o
                                                  build/stm32f7xx_hal_i2c.o
                                                  build/stm32f7xx_hal_pwr_ex.o
                                                  build/stm32f7xx_hal_dma.o
                                                  build/stm32f7xx_hal_flash.o
                                                  build/stm32f7xx_hal_rcc_ex.o
                                                  build/stm32f7xx_hal_rcc.o
HAL_GetTickFreq                                   build/stm32f7xx_hal.o
HAL_GetTickPrio                                   build/stm32f7xx_hal.o
HAL_GetUIDw0                                      build/stm32f7xx_hal.o
HAL_GetUIDw1                                      build/stm32f7xx_hal.o
HAL_GetUIDw2                                      build/stm32f7xx_hal.o
HAL_I2CEx_ConfigAnalogFilter                      build/stm32f7xx_hal_i2c_ex.o
HAL_I2CEx_ConfigDigitalFilter                     build/stm32f7xx_hal_i2c_ex.o
HAL_I2CEx_DisableFastModePlus                     build/stm32f7xx_hal_i2c_ex.o
HAL_I2CEx_EnableFastModePlus                      build/stm32f7xx_hal_i2c_ex.o
HAL_I2C_AbortCpltCallback                         build/stm32f7xx_hal_i2c.o
HAL_I2C_AddrCallback                              build/stm32f7xx_hal_i2c.o
HAL_I2C_DeInit                                    build/stm32f7xx_hal_i2c.o
HAL_I2C_DisableListen_IT                          build/stm32f7xx_hal_i2c.o
HAL_I2C_ER_IRQHandler                             build/stm32f7xx_hal_i2c.o
HAL_I2C_EV_IRQHandler                             build/stm32f7xx_hal_i2c.o
HAL_I2C_EnableListen_IT                           build/stm32f7xx_hal_i2c.o
HAL_I2C_ErrorCallback                             build/stm32f7xx_hal_i2c.o
HAL_I2C_GetError                                  build/stm32f7xx_hal_i2c.o
HAL_I2C_GetMode                                   build/stm32f7xx_hal_i2c.o
HAL_I2C_GetState                                  build/stm32f7xx_hal_i2c.o
HAL_I2C_Init                                      build/stm32f7xx_hal_i2c.o
HAL_I2C_IsDeviceReady                             build/stm32f7xx_hal_i2c.o
HAL_I2C_ListenCpltCallback                        build/stm32f7xx_hal_i2c.o
HAL_I2C_MasterRxCpltCallback                      build/stm32f7xx_hal_i2c.o
HAL_I2C_MasterTxCpltCallback                      build/stm32f7xx_hal_i2c.o
HAL_I2C_Master_Abort_IT                           build/stm32f7xx_hal_i2c.o
HAL_I2C_Master_Receive                            build/stm32f7xx_hal_i2c.o
HAL_I2C_Master_Receive_DMA                        build/stm32f7xx_hal_i2c.o
HAL_I2C_Master_Receive_IT                         build/stm32f7xx_hal_i2c.o
HAL_I2C_Master_Seq_Receive_DMA                    build/stm32f7xx_hal_i2c.o
HAL_I2C_Master_Seq_Receive_IT                     build/stm32f7xx_hal_i2c.o
HAL_I2C_Master_Seq_Transmit_DMA                   build/stm32f7xx_hal_i2c.o
HAL_I2C_Master_Seq_Transmit_IT                    build/stm32f7xx_hal_i2c.o
HAL_I2C_Master_Transmit                           build/stm32f7xx_hal_i2c.o
HAL_I2C_Master_Transmit_DMA                       build/stm32f7xx_hal_i2c.o
HAL_I2C_Master_Transmit_IT                        build/stm32f7xx_hal_i2c.o
HAL_I2C_MemRxCpltCallback                         build/stm32f7xx_hal_i2c.o
HAL_I2C_MemTxCpltCallback                         build/stm32f7xx_hal_i2c.o
HAL_I2C_Mem_Read                                  build/stm32f7xx_hal_i2c.o
HAL_I2C_Mem_Read_DMA                              build/stm32f7xx_hal_i2c.o
HAL_I2C_Mem_Read_IT                               build/stm32f7xx_hal_i2c.o
HAL_I2C_Mem_Write                                 build/stm32f7xx_hal_i2c.o
HAL_I2C_Mem_Write_DMA                             build/stm32f7xx_hal_i2c.o
HAL_I2C_Mem_Write_IT                              build/stm32f7xx_hal_i2c.o
HAL_I2C_MspDeInit                                 build/stm32f7xx_hal_i2c.o
HAL_I2C_MspInit                                   build/stm32f7xx_hal_i2c.o
HAL_I2C_SlaveRxCpltCallback                       build/stm32f7xx_hal_i2c.o
HAL_I2C_SlaveTxCpltCallback                       build/stm32f7xx_hal_i2c.o
HAL_I2C_Slave_Receive                             build/stm32f7xx_hal_i2c.o
HAL_I2C_Slave_Receive_DMA                         build/stm32f7xx_hal_i2c.o
HAL_I2C_Slave_Receive_IT                          build/stm32f7xx_hal_i2c.o
HAL_I2C_Slave_Seq_Receive_DMA                     build/stm32f7xx_hal_i2c.o
HAL_I2C_Slave_Seq_Receive_IT                      build/stm32f7xx_hal_i2c.o
HAL_I2C_Slave_Seq_Transmit_DMA                    build/stm32f7xx_hal_i2c.o
HAL_I2C_Slave_Seq_Transmit_IT                     build/stm32f7xx_hal_i2c.o
HAL_I2C_Slave_Transmit                            build/stm32f7xx_hal_i2c.o
HAL_I2C_Slave_Transmit_DMA                        build/stm32f7xx_hal_i2c.o
HAL_I2C_Slave_Transmit_IT                         build/stm32f7xx_hal_i2c.o
HAL_IncTick                                       build/stm32f7xx_hal.o
                                                  build/stm32f7xx_it.o
HAL_Init                                          build/stm32f7xx_hal.o
                                                  build/main.o
HAL_InitTick                                      build/stm32f7xx_hal.o
                                                  build/stm32f7xx_hal_rcc.o
HAL_MPU_ConfigRegion                              build/stm32f7xx_hal_cortex.o
HAL_MPU_Disable                                   build/stm32f7xx_hal_cortex.o
HAL_MPU_Enable                                    build/stm32f7xx_hal_cortex.o
HAL_MspDeInit                                     build/stm32f7xx_hal.o
HAL_MspInit                                       build/stm32f7xx_hal_msp.o
HAL_NVIC_ClearPendingIRQ                          build/stm32f7xx_hal_cortex.o
HAL_NVIC_DisableIRQ                               build/stm32f7xx_hal_cortex.o
HAL_NVIC_EnableIRQ                                build/stm32f7xx_hal_cortex.o
HAL_NVIC_GetActive                                build/stm32f7xx_hal_cortex.o
HAL_NVIC_GetPendingIRQ                            build/stm32f7xx_hal_cortex.o
HAL_NVIC_GetPriority                              build/stm32f7xx_hal_cortex.o
HAL_NVIC_GetPriorityGrouping                      build/stm32f7xx_hal_cortex.o
HAL_NVIC_SetPendingIRQ                            build/stm32f7xx_hal_cortex.o
HAL_NVIC_SetPriority                              build/stm32f7xx_hal_cortex.o
                                                  build/stm32f7xx_hal.o
HAL_NVIC_SetPriorityGrouping                      build/stm32f7xx_hal_cortex.o
                                                  build/stm32f7xx_hal.o
HAL_NVIC_SystemReset                              build/stm32f7xx_hal_cortex.o
HAL_PWREx_ControlVoltageScaling                   build/stm32f7xx_hal_pwr_ex.o
HAL_PWREx_DisableBkUpReg                          build/stm32f7xx_hal_pwr_ex.o
HAL_PWREx_DisableFlashPowerDown                   build/stm32f7xx_hal_pwr_ex.o
HAL_PWREx_DisableLowRegulatorLowVoltage           build/stm32f7xx_hal_pwr_ex.o
HAL_PWREx_DisableMainRegulatorLowVoltage          build/stm32f7xx_hal_pwr_ex.o
HAL_PWREx_DisableOverDrive                        build/stm32f7xx_hal_pwr_ex.o
HAL_PWREx_EnableBkUpReg                           build/stm32f7xx_hal_pwr_ex.o
HAL_PWREx_EnableFlashPowerDown                    build/stm32f7xx_hal_pwr_ex.o
HAL_PWREx_EnableLowRegulatorLowVoltage            build/stm32f7xx_hal_pwr_ex.o
HAL_PWREx_EnableMainRegulatorLowVoltage           build/stm32f7xx_hal_pwr_ex.o
HAL_PWREx_EnableOverDrive                         build/stm32f7xx_hal_pwr_ex.o
                                                  build/main.o
HAL_PWREx_EnterUnderDriveSTOPMode                 build/stm32f7xx_hal_pwr_ex.o
HAL_PWREx_GetVoltageRange                         build/stm32f7xx_hal_pwr_ex.o
HAL_PWR_ConfigPVD                                 build/stm32f7xx_hal_pwr.o
HAL_PWR_DeInit                                    build/stm32f7xx_hal_pwr.o
HAL_PWR_DisableBkUpAccess                         build/stm32f7xx_hal_pwr.o
HAL_PWR_DisablePVD                                build/stm32f7xx_hal_pwr.o
HAL_PWR_DisableSEVOnPend                          build/stm32f7xx_hal_pwr.o
HAL_PWR_DisableSleepOnExit                        build/stm32f7xx_hal_pwr.o
HAL_PWR_DisableWakeUpPin                          build/stm32f7xx_hal_pwr.o
HAL_PWR_EnableBkUpAccess                          build/stm32f7xx_hal_pwr.o
HAL_PWR_EnablePVD                                 build/stm32f7xx_hal_pwr.o
HAL_PWR_EnableSEVOnPend                           build/stm32f7xx_hal_pwr.o
HAL_PWR_EnableSleepOnExit                         build/stm32f7xx_hal_pwr.o
HAL_PWR_EnableWakeUpPin                           build/stm32f7xx_hal_pwr.o
HAL_PWR_EnterSLEEPMode                            build/stm32f7xx_hal_pwr.o
HAL_PWR_EnterSTANDBYMode                          build/stm32f7xx_hal_pwr.o
HAL_PWR_EnterSTOPMode                             build/stm32f7xx_hal_pwr.o
HAL_PWR_PVDCallback                               build/stm32f7xx_hal_pwr.o
HAL_PWR_PVD_IRQHandler                            build/stm32f7xx_hal_pwr.o
HAL_RCCEx_DisablePLLI2S                           build/stm32f7xx_hal_rcc_ex.o
HAL_RCCEx_DisablePLLSAI                           build/stm32f7xx_hal_rcc_ex.o
HAL_RCCEx_EnablePLLI2S                            build/stm32f7xx_hal_rcc_ex.o
HAL_RCCEx_EnablePLLSAI                            build/stm32f7xx_hal_rcc_ex.o
HAL_RCCEx_GetPeriphCLKConfig                      build/stm32f7xx_hal_rcc_ex.o
HAL_RCCEx_GetPeriphCLKFreq                        build/stm32f7xx_hal_rcc_ex.o
HAL_RCCEx_PeriphCLKConfig                         build/stm32f7xx_hal_rcc_ex.o
HAL_RCC_CSSCallback                               build/stm32f7xx_hal_rcc.o
HAL_RCC_ClockConfig                               build/stm32f7xx_hal_rcc.o
                                                  build/main.o
HAL_RCC_DeInit                                    build/stm32f7xx_hal_rcc.o
HAL_RCC_DisableCSS                                build/stm32f7xx_hal_rcc.o
HAL_RCC_EnableCSS                                 build/stm32f7xx_hal_rcc.o
HAL_RCC_GetClockConfig                            build/stm32f7xx_hal_rcc.o
HAL_RCC_GetHCLKFreq                               build/stm32f7xx_hal_rcc.o
HAL_RCC_GetOscConfig                              build/stm32f7xx_hal_rcc.o
HAL_RCC_GetPCLK1Freq                              build/stm32f7xx_hal_rcc.o
HAL_RCC_GetPCLK2Freq                              build/stm32f7xx_hal_rcc.o
HAL_RCC_GetSysClockFreq                           build/stm32f7xx_hal_rcc.o
HAL_RCC_MCOConfig                                 build/stm32f7xx_hal_rcc.o
HAL_RCC_NMI_IRQHandler                            build/stm32f7xx_hal_rcc.o
HAL_RCC_OscConfig                                 build/stm32f7xx_hal_rcc.o
                                                  build/main.o
HAL_ResumeTick                                    build/stm32f7xx_hal.o
HAL_SYSTICK_CLKSourceConfig                       build/stm32f7xx_hal_cortex.o
HAL_SYSTICK_Callback                              build/stm32f7xx_hal_cortex.o
HAL_SYSTICK_Config                                build/stm32f7xx_hal_cortex.o
                                                  build/stm32f7xx_hal.o
HAL_SYSTICK_IRQHandler                            build/stm32f7xx_hal_cortex.o
HAL_SetTickFreq                                   build/stm32f7xx_hal.o
HAL_SuspendTick                                   build/stm32f7xx_hal.o
HASH_RNG_IRQHandler                               build/startup_stm32f756xx.o
HardFault_Handler                                 build/stm32f7xx_it.o
I2C1_ER_IRQHandler                                build/startup_stm32f756xx.o
I2C1_EV_IRQHandler                                build/startup_stm32f756xx.o
I2C2_ER_IRQHandler                                build/startup_stm32f756xx.o
I2C2_EV_IRQHandler                                build/startup_stm32f756xx.o
I2C3_ER_IRQHandler                                build/startup_stm32f756xx.o
I2C3_EV_IRQHandler                                build/startup_stm32f756xx.o
I2C4_ER_IRQHandler                                build/startup_stm32f756xx.o
I2C4_EV_IRQHandler                                build/startup_stm32f756xx.o
LPTIM1_IRQHandler                                 build/startup_stm32f756xx.o
LTDC_ER_IRQHandler                                build/startup_stm32f756xx.o
LTDC_IRQHandler                                   build/startup_stm32f756xx.o
MemManage_Handler                                 build/stm32f7xx_it.o
NMI_Handler                                       build/stm32f7xx_it.o
OTG_FS_IRQHandler                                 build/startup_stm32f756xx.o
OTG_FS_WKUP_IRQHandler                            build/startup_stm32f756xx.o
OTG_HS_EP1_IN_IRQHandler                          build/startup_stm32f756xx.o
OTG_HS_EP1_OUT_IRQHandler                         build/startup_stm32f756xx.o
OTG_HS_IRQHandler                                 build/startup_stm32f756xx.o
OTG_HS_WKUP_IRQHandler                            build/startup_stm32f756xx.o
PVD_IRQHandler                                    build/startup_stm32f756xx.o
PendSV_Handler                                    build/stm32f7xx_it.o
QUADSPI_IRQHandler                                build/startup_stm32f756xx.o
RCC_IRQHandler                                    build/startup_stm32f756xx.o
RTC_Alarm_IRQHandler                              build/startup_stm32f756xx.o
RTC_WKUP_IRQHandler                               build/startup_stm32f756xx.o
Reset_Handler                                     build/startup_stm32f756xx.o
SAI1_IRQHandler                                   build/startup_stm32f756xx.o
SAI2_IRQHandler                                   build/startup_stm32f756xx.o
SDMMC1_IRQHandler                                 build/startup_stm32f756xx.o
SPDIF_RX_IRQHandler                               build/startup_stm32f756xx.o
SPI1_IRQHandler                                   build/startup_stm32f756xx.o
SPI2_IRQHandler                                   build/startup_stm32f756xx.o
SPI3_IRQHandler                                   build/startup_stm32f756xx.o
SPI4_IRQHandler                                   build/startup_stm32f756xx.o
SPI5_IRQHandler                                   build/startup_stm32f756xx.o
SPI6_IRQHandler                                   build/startup_stm32f756xx.o
SVC_Handler                                       build/stm32f7xx_it.o
SysTick_Handler                                   build/stm32f7xx_it.o
SystemClock_Config                                build/main.o
SystemCoreClock                                   build/system_stm32f7xx.o
                                                  build/stm32f7xx_hal.o
                                                  build/stm32f7xx_hal_dma.o
                                                  build/stm32f7xx_hal_rcc.o
SystemCoreClockUpdate                             build/system_stm32f7xx.o
SystemInit                                        build/system_stm32f7xx.o
                                                  build/startup_stm32f756xx.o
TAMP_STAMP_IRQHandler                             build/startup_stm32f756xx.o
TIM1_BRK_TIM9_IRQHandler                          build/startup_stm32f756xx.o
TIM1_CC_IRQHandler                                build/startup_stm32f756xx.o
TIM1_TRG_COM_TIM11_IRQHandler                     build/startup_stm32f756xx.o
TIM1_UP_TIM10_IRQHandler                          build/startup_stm32f756xx.o
TIM2_IRQHandler                                   build/startup_stm32f756xx.o
TIM3_IRQHandler                                   build/startup_stm32f756xx.o
TIM4_IRQHandler                                   build/startup_stm32f756xx.o
TIM5_IRQHandler                                   build/startup_stm32f756xx.o
TIM6_DAC_IRQHandler                               build/startup_stm32f756xx.o
TIM7_IRQHandler                                   build/startup_stm32f756xx.o
TIM8_BRK_TIM12_IRQHandler                         build/startup_stm32f756xx.o
TIM8_CC_IRQHandler                                build/startup_stm32f756xx.o
TIM8_TRG_COM_TIM14_IRQHandler                     build/startup_stm32f756xx.o
TIM8_UP_TIM13_IRQHandler                          build/startup_stm32f756xx.o
UART4_IRQHandler                                  build/startup_stm32f756xx.o
UART5_IRQHandler                                  build/startup_stm32f756xx.o
UART7_IRQHandler                                  build/startup_stm32f756xx.o
UART8_IRQHandler                                  build/startup_stm32f756xx.o
USART1_IRQHandler                                 build/startup_stm32f756xx.o
USART2_IRQHandler                                 build/startup_stm32f756xx.o
USART3_IRQHandler                                 build/startup_stm32f756xx.o
USART6_IRQHandler                                 build/startup_stm32f756xx.o
UsageFault_Handler                                build/stm32f7xx_it.o
WWDG_IRQHandler                                   build/startup_stm32f756xx.o
_ITM_deregisterTMCloneTable                       /usr/lib/gcc/arm-none-eabi/7.3.1/thumb/v7e-m/fpv4-sp/hard/crtbegin.o
_ITM_registerTMCloneTable                         /usr/lib/gcc/arm-none-eabi/7.3.1/thumb/v7e-m/fpv4-sp/hard/crtbegin.o
__TMC_END__                                       /usr/lib/gcc/arm-none-eabi/7.3.1/thumb/v7e-m/fpv4-sp/hard/crtend.o
                                                  /usr/lib/gcc/arm-none-eabi/7.3.1/thumb/v7e-m/fpv4-sp/hard/crtbegin.o
__aeabi_idiv0                                     /usr/lib/gcc/arm-none-eabi/7.3.1/thumb/v7e-m/fpv4-sp/hard/libgcc.a(_dvmd_tls.o)
__aeabi_ldiv0                                     /usr/lib/gcc/arm-none-eabi/7.3.1/thumb/v7e-m/fpv4-sp/hard/libgcc.a(_dvmd_tls.o)
                                                  /usr/lib/gcc/arm-none-eabi/7.3.1/thumb/v7e-m/fpv4-sp/hard/libgcc.a(_aeabi_uldivmod.o)
__aeabi_uldivmod                                  /usr/lib/gcc/arm-none-eabi/7.3.1/thumb/v7e-m/fpv4-sp/hard/libgcc.a(_aeabi_uldivmod.o)
                                                  build/stm32f7xx_hal_rcc.o
__atexit_dummy                                    /usr/lib/gcc/arm-none-eabi/7.3.1/../../../arm-none-eabi/lib/thumb/v7e-m/fpv4-sp/hard/libc_nano.a(lib_a-__atexit.o)
__bss_end__                                       /usr/lib/gcc/arm-none-eabi/7.3.1/../../../arm-none-eabi/lib/thumb/v7e-m/fpv4-sp/hard/crt0.o
__bss_start__                                     /usr/lib/gcc/arm-none-eabi/7.3.1/../../../arm-none-eabi/lib/thumb/v7e-m/fpv4-sp/hard/crt0.o
__call_exitprocs                                  /usr/lib/gcc/arm-none-eabi/7.3.1/../../../arm-none-eabi/lib/thumb/v7e-m/fpv4-sp/hard/libc_nano.a(lib_a-__call_atexit.o)
                                                  /usr/lib/gcc/arm-none-eabi/7.3.1/../../../arm-none-eabi/lib/thumb/v7e-m/fpv4-sp/hard/libc_nano.a(lib_a-__atexit.o)
                                                  /usr/lib/gcc/arm-none-eabi/7.3.1/../../../arm-none-eabi/lib/thumb/v7e-m/fpv4-sp/hard/libc_nano.a(lib_a-exit.o)
__deregister_frame_info                           /usr/lib/gcc/arm-none-eabi/7.3.1/thumb/v7e-m/fpv4-sp/hard/crtbegin.o
__dso_handle                                      /usr/lib/gcc/arm-none-eabi/7.3.1/thumb/v7e-m/fpv4-sp/hard/crtbegin.o
__fini_array_end                                  /usr/lib/gcc/arm-none-eabi/7.3.1/../../../arm-none-eabi/lib/thumb/v7e-m/fpv4-sp/hard/libc_nano.a(lib_a-fini.o)
__fini_array_start                                /usr/lib/gcc/arm-none-eabi/7.3.1/../../../arm-none-eabi/lib/thumb/v7e-m/fpv4-sp/hard/libc_nano.a(lib_a-fini.o)
__init_array_end                                  /usr/lib/gcc/arm-none-eabi/7.3.1/../../../arm-none-eabi/lib/thumb/v7e-m/fpv4-sp/hard/libc_nano.a(lib_a-init.o)
__init_array_start                                /usr/lib/gcc/arm-none-eabi/7.3.1/../../../arm-none-eabi/lib/thumb/v7e-m/fpv4-sp/hard/libc_nano.a(lib_a-init.o)
__libc_fini_array                                 /usr/lib/gcc/arm-none-eabi/7.3.1/../../../arm-none-eabi/lib/thumb/v7e-m/fpv4-sp/hard/libc_nano.a(lib_a-fini.o)
                                                  /usr/lib/gcc/arm-none-eabi/7.3.1/../../../arm-none-eabi/lib/thumb/v7e-m/fpv4-sp/hard/crt0.o
__libc_init_array                                 /usr/lib/gcc/arm-none-eabi/7.3.1/../../../arm-none-eabi/lib/thumb/v7e-m/fpv4-sp/hard/libc_nano.a(lib_a-init.o)
                                                  build/startup_stm32f756xx.o
                                                  /usr/lib/gcc/arm-none-eabi/7.3.1/../../../arm-none-eabi/lib/thumb/v7e-m/fpv4-sp/hard/crt0.o
__on_exit_args                                    /usr/lib/gcc/arm-none-eabi/7.3.1/../../../arm-none-eabi/lib/thumb/v7e-m/fpv4-sp/hard/libc_nano.a(lib_a-__atexit.o)
__preinit_array_end                               /usr/lib/gcc/arm-none-eabi/7.3.1/../../../arm-none-eabi/lib/thumb/v7e-m/fpv4-sp/hard/libc_nano.a(lib_a-init.o)
__preinit_array_start                             /usr/lib/gcc/arm-none-eabi/7.3.1/../../../arm-none-eabi/lib/thumb/v7e-m/fpv4-sp/hard/libc_nano.a(lib_a-init.o)
__register_exitproc                               /usr/lib/gcc/arm-none-eabi/7.3.1/../../../arm-none-eabi/lib/thumb/v7e-m/fpv4-sp/hard/libc_nano.a(lib_a-__atexit.o)
                                                  /usr/lib/gcc/arm-none-eabi/7.3.1/../../../arm-none-eabi/lib/thumb/v7e-m/fpv4-sp/hard/libc_nano.a(lib_a-atexit.o)
__register_frame_info                             /usr/lib/gcc/arm-none-eabi/7.3.1/thumb/v7e-m/fpv4-sp/hard/crtbegin.o
__sf_fake_stderr                                  /usr/lib/gcc/arm-none-eabi/7.3.1/../../../arm-none-eabi/lib/thumb/v7e-m/fpv4-sp/hard/libc_nano.a(lib_a-impure.o)
__sf_fake_stdin                                   /usr/lib/gcc/arm-none-eabi/7.3.1/../../../arm-none-eabi/lib/thumb/v7e-m/fpv4-sp/hard/libc_nano.a(lib_a-impure.o)
__sf_fake_stdout                                  /usr/lib/gcc/arm-none-eabi/7.3.1/../../../arm-none-eabi/lib/thumb/v7e-m/fpv4-sp/hard/libc_nano.a(lib_a-impure.o)
__stack                                           /usr/lib/gcc/arm-none-eabi/7.3.1/../../../arm-none-eabi/lib/thumb/v7e-m/fpv4-sp/hard/crt0.o
__udivmoddi4                                      /usr/lib/gcc/arm-none-eabi/7.3.1/thumb/v7e-m/fpv4-sp/hard/libgcc.a(_udivmoddi4.o)
                                                  /usr/lib/gcc/arm-none-eabi/7.3.1/thumb/v7e-m/fpv4-sp/hard/libgcc.a(_aeabi_uldivmod.o)
_ebss                                             build/startup_stm32f756xx.o
_edata                                            build/startup_stm32f756xx.o
_estack                                           build/startup_stm32f756xx.o
_exit                                             /usr/lib/gcc/arm-none-eabi/7.3.1/../../../arm-none-eabi/lib/thumb/v7e-m/fpv4-sp/hard/libnosys.a(_exit.o)
                                                  /usr/lib/gcc/arm-none-eabi/7.3.1/../../../arm-none-eabi/lib/thumb/v7e-m/fpv4-sp/hard/libc_nano.a(lib_a-exit.o)
_fini                                             /usr/lib/gcc/arm-none-eabi/7.3.1/thumb/v7e-m/fpv4-sp/hard/crti.o
                                                  /usr/lib/gcc/arm-none-eabi/7.3.1/../../../arm-none-eabi/lib/thumb/v7e-m/fpv4-sp/hard/libc_nano.a(lib_a-fini.o)
_global_atexit                                    /usr/lib/gcc/arm-none-eabi/7.3.1/../../../arm-none-eabi/lib/thumb/v7e-m/fpv4-sp/hard/libc_nano.a(lib_a-__call_atexit.o)
                                                  /usr/lib/gcc/arm-none-eabi/7.3.1/../../../arm-none-eabi/lib/thumb/v7e-m/fpv4-sp/hard/libc_nano.a(lib_a-__atexit.o)
_global_impure_ptr                                /usr/lib/gcc/arm-none-eabi/7.3.1/../../../arm-none-eabi/lib/thumb/v7e-m/fpv4-sp/hard/libc_nano.a(lib_a-impure.o)
                                                  /usr/lib/gcc/arm-none-eabi/7.3.1/../../../arm-none-eabi/lib/thumb/v7e-m/fpv4-sp/hard/libc_nano.a(lib_a-exit.o)
_impure_ptr                                       /usr/lib/gcc/arm-none-eabi/7.3.1/../../../arm-none-eabi/lib/thumb/v7e-m/fpv4-sp/hard/libc_nano.a(lib_a-impure.o)
_init                                             /usr/lib/gcc/arm-none-eabi/7.3.1/thumb/v7e-m/fpv4-sp/hard/crti.o
                                                  /usr/lib/gcc/arm-none-eabi/7.3.1/../../../arm-none-eabi/lib/thumb/v7e-m/fpv4-sp/hard/libc_nano.a(lib_a-init.o)
_mainCRTStartup                                   /usr/lib/gcc/arm-none-eabi/7.3.1/../../../arm-none-eabi/lib/thumb/v7e-m/fpv4-sp/hard/crt0.o
_sbss                                             build/startup_stm32f756xx.o
_sdata                                            build/startup_stm32f756xx.o
_sidata                                           build/startup_stm32f756xx.o
_start                                            /usr/lib/gcc/arm-none-eabi/7.3.1/../../../arm-none-eabi/lib/thumb/v7e-m/fpv4-sp/hard/crt0.o
atexit                                            /usr/lib/gcc/arm-none-eabi/7.3.1/../../../arm-none-eabi/lib/thumb/v7e-m/fpv4-sp/hard/libc_nano.a(lib_a-atexit.o)
                                                  /usr/lib/gcc/arm-none-eabi/7.3.1/../../../arm-none-eabi/lib/thumb/v7e-m/fpv4-sp/hard/crt0.o
exit                                              /usr/lib/gcc/arm-none-eabi/7.3.1/../../../arm-none-eabi/lib/thumb/v7e-m/fpv4-sp/hard/libc_nano.a(lib_a-exit.o)
                                                  /usr/lib/gcc/arm-none-eabi/7.3.1/../../../arm-none-eabi/lib/thumb/v7e-m/fpv4-sp/hard/crt0.o
g_pfnVectors                                      build/startup_stm32f756xx.o
hardware_init_hook                                /usr/lib/gcc/arm-none-eabi/7.3.1/../../../arm-none-eabi/lib/thumb/v7e-m/fpv4-sp/hard/crt0.o
main                                              build/main.o
                                                  build/startup_stm32f756xx.o
                                                  /usr/lib/gcc/arm-none-eabi/7.3.1/../../../arm-none-eabi/lib/thumb/v7e-m/fpv4-sp/hard/crt0.o
malloc                                            /usr/lib/gcc/arm-none-eabi/7.3.1/../../../arm-none-eabi/lib/thumb/v7e-m/fpv4-sp/hard/libc_nano.a(lib_a-__atexit.o)
memset                                            /usr/lib/gcc/arm-none-eabi/7.3.1/../../../arm-none-eabi/lib/thumb/v7e-m/fpv4-sp/hard/libc_nano.a(lib_a-memset.o)
                                                  build/main.o
                                                  /usr/lib/gcc/arm-none-eabi/7.3.1/../../../arm-none-eabi/lib/thumb/v7e-m/fpv4-sp/hard/crt0.o
pFlash                                            build/stm32f7xx_hal_flash.o
                                                  build/stm32f7xx_hal_flash_ex.o
software_init_hook                                /usr/lib/gcc/arm-none-eabi/7.3.1/../../../arm-none-eabi/lib/thumb/v7e-m/fpv4-sp/hard/crt0.o
uwTick                                            build/stm32f7xx_hal.o
uwTickFreq                                        build/stm32f7xx_hal.o
uwTickPrio                                        build/stm32f7xx_hal.o
                                                  build/stm32f7xx_hal_rcc.o
