Archive member included to satisfy reference by file (symbol)

../Middlewares/ST/STM32_MotionDI_Library/Lib\MotionDI_CM7F_wc32_ot_hard.a(motion_di.o)
                              ./MEMS/Target/motion_di_manager.o (MotionDI_Initialize)
c:/st/stm32cubeide_1.7.0/stm32cubeide/plugins/com.st.stm32cube.ide.mcu.externaltools.gnu-tools-for-stm32.9-2020-q2-update.win32_2.0.0.202105311346/tools/bin/../lib/gcc/arm-none-eabi/9.3.1/../../../../arm-none-eabi/lib/thumb/v7e-m+fp/hard\libc_nano.a(lib_a-errno.o)
                              ./Core/Src/syscalls.o (__errno)
c:/st/stm32cubeide_1.7.0/stm32cubeide/plugins/com.st.stm32cube.ide.mcu.externaltools.gnu-tools-for-stm32.9-2020-q2-update.win32_2.0.0.202105311346/tools/bin/../lib/gcc/arm-none-eabi/9.3.1/../../../../arm-none-eabi/lib/thumb/v7e-m+fp/hard\libc_nano.a(lib_a-exit.o)
                              c:/st/stm32cubeide_1.7.0/stm32cubeide/plugins/com.st.stm32cube.ide.mcu.externaltools.gnu-tools-for-stm32.9-2020-q2-update.win32_2.0.0.202105311346/tools/bin/../lib/gcc/arm-none-eabi/9.3.1/../../../../arm-none-eabi/lib/thumb/v7e-m+fp/hard/crt0.o (exit)
c:/st/stm32cubeide_1.7.0/stm32cubeide/plugins/com.st.stm32cube.ide.mcu.externaltools.gnu-tools-for-stm32.9-2020-q2-update.win32_2.0.0.202105311346/tools/bin/../lib/gcc/arm-none-eabi/9.3.1/../../../../arm-none-eabi/lib/thumb/v7e-m+fp/hard\libc_nano.a(lib_a-impure.o)
                              c:/st/stm32cubeide_1.7.0/stm32cubeide/plugins/com.st.stm32cube.ide.mcu.externaltools.gnu-tools-for-stm32.9-2020-q2-update.win32_2.0.0.202105311346/tools/bin/../lib/gcc/arm-none-eabi/9.3.1/../../../../arm-none-eabi/lib/thumb/v7e-m+fp/hard\libc_nano.a(lib_a-exit.o) (_global_impure_ptr)
c:/st/stm32cubeide_1.7.0/stm32cubeide/plugins/com.st.stm32cube.ide.mcu.externaltools.gnu-tools-for-stm32.9-2020-q2-update.win32_2.0.0.202105311346/tools/bin/../lib/gcc/arm-none-eabi/9.3.1/../../../../arm-none-eabi/lib/thumb/v7e-m+fp/hard\libc_nano.a(lib_a-init.o)
                              c:/st/stm32cubeide_1.7.0/stm32cubeide/plugins/com.st.stm32cube.ide.mcu.externaltools.gnu-tools-for-stm32.9-2020-q2-update.win32_2.0.0.202105311346/tools/bin/../lib/gcc/arm-none-eabi/9.3.1/../../../../arm-none-eabi/lib/thumb/v7e-m+fp/hard/crt0.o (__libc_init_array)
c:/st/stm32cubeide_1.7.0/stm32cubeide/plugins/com.st.stm32cube.ide.mcu.externaltools.gnu-tools-for-stm32.9-2020-q2-update.win32_2.0.0.202105311346/tools/bin/../lib/gcc/arm-none-eabi/9.3.1/../../../../arm-none-eabi/lib/thumb/v7e-m+fp/hard\libc_nano.a(lib_a-memcpy-stub.o)
                              ./MEMS/App/app_mems.o (memcpy)
c:/st/stm32cubeide_1.7.0/stm32cubeide/plugins/com.st.stm32cube.ide.mcu.externaltools.gnu-tools-for-stm32.9-2020-q2-update.win32_2.0.0.202105311346/tools/bin/../lib/gcc/arm-none-eabi/9.3.1/../../../../arm-none-eabi/lib/thumb/v7e-m+fp/hard\libc_nano.a(lib_a-memset.o)
                              c:/st/stm32cubeide_1.7.0/stm32cubeide/plugins/com.st.stm32cube.ide.mcu.externaltools.gnu-tools-for-stm32.9-2020-q2-update.win32_2.0.0.202105311346/tools/bin/../lib/gcc/arm-none-eabi/9.3.1/../../../../arm-none-eabi/lib/thumb/v7e-m+fp/hard/crt0.o (memset)
c:/st/stm32cubeide_1.7.0/stm32cubeide/plugins/com.st.stm32cube.ide.mcu.externaltools.gnu-tools-for-stm32.9-2020-q2-update.win32_2.0.0.202105311346/tools/bin/../lib/gcc/arm-none-eabi/9.3.1/../../../../arm-none-eabi/lib/thumb/v7e-m+fp/hard\libc_nano.a(lib_a-nano-vfprintf_float.o)
                              (_printf_float)
c:/st/stm32cubeide_1.7.0/stm32cubeide/plugins/com.st.stm32cube.ide.mcu.externaltools.gnu-tools-for-stm32.9-2020-q2-update.win32_2.0.0.202105311346/tools/bin/../lib/gcc/arm-none-eabi/9.3.1/../../../../arm-none-eabi/lib/thumb/v7e-m+fp/hard\libc_nano.a(lib_a-nano-vfprintf_i.o)
                              c:/st/stm32cubeide_1.7.0/stm32cubeide/plugins/com.st.stm32cube.ide.mcu.externaltools.gnu-tools-for-stm32.9-2020-q2-update.win32_2.0.0.202105311346/tools/bin/../lib/gcc/arm-none-eabi/9.3.1/../../../../arm-none-eabi/lib/thumb/v7e-m+fp/hard\libc_nano.a(lib_a-nano-vfprintf_float.o) (_printf_common)
c:/st/stm32cubeide_1.7.0/stm32cubeide/plugins/com.st.stm32cube.ide.mcu.externaltools.gnu-tools-for-stm32.9-2020-q2-update.win32_2.0.0.202105311346/tools/bin/../lib/gcc/arm-none-eabi/9.3.1/../../../../arm-none-eabi/lib/thumb/v7e-m+fp/hard\libc_nano.a(lib_a-nano-vfscanf_float.o)
                              (_scanf_float)
c:/st/stm32cubeide_1.7.0/stm32cubeide/plugins/com.st.stm32cube.ide.mcu.externaltools.gnu-tools-for-stm32.9-2020-q2-update.win32_2.0.0.202105311346/tools/bin/../lib/gcc/arm-none-eabi/9.3.1/../../../../arm-none-eabi/lib/thumb/v7e-m+fp/hard\libc_nano.a(lib_a-sf_nan.o)
                              c:/st/stm32cubeide_1.7.0/stm32cubeide/plugins/com.st.stm32cube.ide.mcu.externaltools.gnu-tools-for-stm32.9-2020-q2-update.win32_2.0.0.202105311346/tools/bin/../lib/gcc/arm-none-eabi/9.3.1/../../../../arm-none-eabi/lib/thumb/v7e-m+fp/hard\libc_nano.a(lib_a-nano-vfscanf_float.o) (nanf)
[...]
Memory Configuration

Name             Origin             Length             Attributes
RAM              0x0000000020000000 0x0000000000050000 xrw
FLASH            0x0000000008000000 0x0000000000100000 xr
*default*        0x0000000000000000 0xffffffffffffffff

Linker script and memory map

LOAD c:/st/stm32cubeide_1.7.0/stm32cubeide/plugins/com.st.stm32cube.ide.mcu.externaltools.gnu-tools-for-stm32.9-2020-q2-update.win32_2.0.0.202105311346/tools/bin/../lib/gcc/arm-none-eabi/9.3.1/thumb/v7e-m+fp/hard/crti.o
LOAD c:/st/stm32cubeide_1.7.0/stm32cubeide/plugins/com.st.stm32cube.ide.mcu.externaltools.gnu-tools-for-stm32.9-2020-q2-update.win32_2.0.0.202105311346/tools/bin/../lib/gcc/arm-none-eabi/9.3.1/thumb/v7e-m+fp/hard/crtbegin.o
LOAD c:/st/stm32cubeide_1.7.0/stm32cubeide/plugins/com.st.stm32cube.ide.mcu.externaltools.gnu-tools-for-stm32.9-2020-q2-update.win32_2.0.0.202105311346/tools/bin/../lib/gcc/arm-none-eabi/9.3.1/../../../../arm-none-eabi/lib/thumb/v7e-m+fp/hard/crt0.o
LOAD ./Core/Src/custom_bus.o
LOAD ./Core/Src/main.o
LOAD ./Core/Src/stm32f7xx_hal_msp.o
LOAD ./Core/Src/stm32f7xx_it.o
LOAD ./Core/Src/syscalls.o
LOAD ./Core/Src/sysmem.o
LOAD ./Core/Src/system_stm32f7xx.o
LOAD ./Core/Startup/startup_stm32f756zgtx.o
LOAD ./Drivers/BSP/Components/lsm6dsox/lsm6dsox.o
LOAD ./Drivers/BSP/Components/lsm6dsox/lsm6dsox_reg.o
LOAD ./Drivers/BSP/custom/custom.o
LOAD ./Drivers/STM32F7xx_HAL_Driver/Src/stm32f7xx_hal.o
LOAD ./Drivers/STM32F7xx_HAL_Driver/Src/stm32f7xx_hal_cortex.o
LOAD ./Drivers/STM32F7xx_HAL_Driver/Src/stm32f7xx_hal_crc.o
LOAD ./Drivers/STM32F7xx_HAL_Driver/Src/stm32f7xx_hal_crc_ex.o
LOAD ./Drivers/STM32F7xx_HAL_Driver/Src/stm32f7xx_hal_dma.o
LOAD ./Drivers/STM32F7xx_HAL_Driver/Src/stm32f7xx_hal_dma_ex.o
LOAD ./Drivers/STM32F7xx_HAL_Driver/Src/stm32f7xx_hal_exti.o
LOAD ./Drivers/STM32F7xx_HAL_Driver/Src/stm32f7xx_hal_flash.o
LOAD ./Drivers/STM32F7xx_HAL_Driver/Src/stm32f7xx_hal_flash_ex.o
LOAD ./Drivers/STM32F7xx_HAL_Driver/Src/stm32f7xx_hal_gpio.o
LOAD ./Drivers/STM32F7xx_HAL_Driver/Src/stm32f7xx_hal_i2c.o
LOAD ./Drivers/STM32F7xx_HAL_Driver/Src/stm32f7xx_hal_i2c_ex.o
LOAD ./Drivers/STM32F7xx_HAL_Driver/Src/stm32f7xx_hal_pwr.o
LOAD ./Drivers/STM32F7xx_HAL_Driver/Src/stm32f7xx_hal_pwr_ex.o
LOAD ./Drivers/STM32F7xx_HAL_Driver/Src/stm32f7xx_hal_rcc.o
LOAD ./Drivers/STM32F7xx_HAL_Driver/Src/stm32f7xx_hal_rcc_ex.o
LOAD ./Drivers/STM32F7xx_HAL_Driver/Src/stm32f7xx_hal_rtc.o
LOAD ./Drivers/STM32F7xx_HAL_Driver/Src/stm32f7xx_hal_rtc_ex.o
LOAD ./Drivers/STM32F7xx_HAL_Driver/Src/stm32f7xx_hal_tim.o
LOAD ./Drivers/STM32F7xx_HAL_Driver/Src/stm32f7xx_hal_tim_ex.o
LOAD ./Drivers/STM32F7xx_HAL_Driver/Src/stm32f7xx_hal_uart.o
LOAD ./Drivers/STM32F7xx_HAL_Driver/Src/stm32f7xx_hal_uart_ex.o
LOAD ./MEMS/App/app_mems.o
LOAD ./MEMS/Target/com.o
LOAD ./MEMS/Target/custom_mems_control.o
LOAD ./MEMS/Target/custom_mems_control_ex.o
LOAD ./MEMS/Target/custom_motion_sensors.o
LOAD ./MEMS/Target/custom_motion_sensors_ex.o
LOAD ./MEMS/Target/demo_serial.o
LOAD ./MEMS/Target/motion_di_manager.o
LOAD ./MEMS/Target/serial_protocol.o
LOAD ../Middlewares/ST/STM32_MotionDI_Library/Lib\MotionDI_CM7F_wc32_ot_hard.a
LOAD ../Middlewares/ST/STM32_MotionTL_Library/Lib\MotionTL_CM7F_wc32_ot_hard.a
START GROUP
LOAD c:/st/stm32cubeide_1.7.0/stm32cubeide/plugins/com.st.stm32cube.ide.mcu.externaltools.gnu-tools-for-stm32.9-2020-q2-update.win32_2.0.0.202105311346/tools/bin/../lib/gcc/arm-none-eabi/9.3.1/../../../../arm-none-eabi/lib/thumb/v7e-m+fp/hard\libc_nano.a
LOAD c:/st/stm32cubeide_1.7.0/stm32cubeide/plugins/com.st.stm32cube.ide.mcu.externaltools.gnu-tools-for-stm32.9-2020-q2-update.win32_2.0.0.202105311346/tools/bin/../lib/gcc/arm-none-eabi/9.3.1/../../../../arm-none-eabi/lib/thumb/v7e-m+fp/hard\libm.a
END GROUP
START GROUP
LOAD c:/st/stm32cubeide_1.7.0/stm32cubeide/plugins/com.st.stm32cube.ide.mcu.externaltools.gnu-tools-for-stm32.9-2020-q2-update.win32_2.0.0.202105311346/tools/bin/../lib/gcc/arm-none-eabi/9.3.1/thumb/v7e-m+fp/hard\libgcc.a
LOAD c:/st/stm32cubeide_1.7.0/stm32cubeide/plugins/com.st.stm32cube.ide.mcu.externaltools.gnu-tools-for-stm32.9-2020-q2-update.win32_2.0.0.202105311346/tools/bin/../lib/gcc/arm-none-eabi/9.3.1/../../../../arm-none-eabi/lib/thumb/v7e-m+fp/hard\libc_nano.a
END GROUP
START GROUP
LOAD c:/st/stm32cubeide_1.7.0/stm32cubeide/plugins/com.st.stm32cube.ide.mcu.externaltools.gnu-tools-for-stm32.9-2020-q2-update.win32_2.0.0.202105311346/tools/bin/../lib/gcc/arm-none-eabi/9.3.1/thumb/v7e-m+fp/hard\libgcc.a
LOAD c:/st/stm32cubeide_1.7.0/stm32cubeide/plugins/com.st.stm32cube.ide.mcu.externaltools.gnu-tools-for-stm32.9-2020-q2-update.win32_2.0.0.202105311346/tools/bin/../lib/gcc/arm-none-eabi/9.3.1/../../../../arm-none-eabi/lib/thumb/v7e-m+fp/hard\libc_nano.a
LOAD c:/st/stm32cubeide_1.7.0/stm32cubeide/plugins/com.st.stm32cube.ide.mcu.externaltools.gnu-tools-for-stm32.9-2020-q2-update.win32_2.0.0.202105311346/tools/bin/../lib/gcc/arm-none-eabi/9.3.1/../../../../arm-none-eabi/lib/thumb/v7e-m+fp/hard\libnosys.a
END GROUP
START GROUP
LOAD c:/st/stm32cubeide_1.7.0/stm32cubeide/plugins/com.st.stm32cube.ide.mcu.externaltools.gnu-tools-for-stm32.9-2020-q2-update.win32_2.0.0.202105311346/tools/bin/../lib/gcc/arm-none-eabi/9.3.1/thumb/v7e-m+fp/hard\libgcc.a
LOAD c:/st/stm32cubeide_1.7.0/stm32cubeide/plugins/com.st.stm32cube.ide.mcu.externaltools.gnu-tools-for-stm32.9-2020-q2-update.win32_2.0.0.202105311346/tools/bin/../lib/gcc/arm-none-eabi/9.3.1/../../../../arm-none-eabi/lib/thumb/v7e-m+fp/hard\libc_nano.a
LOAD c:/st/stm32cubeide_1.7.0/stm32cubeide/plugins/com.st.stm32cube.ide.mcu.externaltools.gnu-tools-for-stm32.9-2020-q2-update.win32_2.0.0.202105311346/tools/bin/../lib/gcc/arm-none-eabi/9.3.1/../../../../arm-none-eabi/lib/thumb/v7e-m+fp/hard\libnosys.a
END GROUP
LOAD c:/st/stm32cubeide_1.7.0/stm32cubeide/plugins/com.st.stm32cube.ide.mcu.externaltools.gnu-tools-for-stm32.9-2020-q2-update.win32_2.0.0.202105311346/tools/bin/../lib/gcc/arm-none-eabi/9.3.1/thumb/v7e-m+fp/hard/crtend.o
LOAD c:/st/stm32cubeide_1.7.0/stm32cubeide/plugins/com.st.stm32cube.ide.mcu.externaltools.gnu-tools-for-stm32.9-2020-q2-update.win32_2.0.0.202105311346/tools/bin/../lib/gcc/arm-none-eabi/9.3.1/thumb/v7e-m+fp/hard/crtn.o
                0x0000000020050000                _estack = (ORIGIN (RAM) + LENGTH (RAM))
                0x0000000000000200                _Min_Heap_Size = 0x200
                0x0000000000008000                _Min_Stack_Size = 0x8000

.isr_vector     0x0000000008000000      0x1c8
                0x0000000008000000                . = ALIGN (0x4)
 *(.isr_vector)
 .isr_vector    0x0000000008000000      0x1c8 ./Core/Startup/startup_stm32f756zgtx.o
                0x0000000008000000                g_pfnVectors
                0x00000000080001c8                . = ALIGN (0x4)

.text           0x00000000080001d0    0x1c4f8
                0x00000000080001d0                . = ALIGN (0x4)
 *(.text)
 .text          0x00000000080001d0       0x40 c:/st/stm32cubeide_1.7.0/stm32cubeide/plugins/com.st.stm32cube.ide.mcu.externaltools.gnu-tools-for-stm32.9-2020-q2-update.win32_2.0.0.202105311346/tools/bin/../lib/gcc/arm-none-eabi/9.3.1/thumb/v7e-m+fp/hard/crtbegin.o
 .text          0x0000000008000210       0x10 c:/st/stm32cubeide_1.7.0/stm32cubeide/plugins/com.st.stm32cube.ide.mcu.externaltools.gnu-tools-for-stm32.9-2020-q2-update.win32_2.0.0.202105311346/tools/bin/../lib/gcc/arm-none-eabi/9.3.1/../../../../arm-none-eabi/lib/thumb/v7e-m+fp/hard\libc_nano.a(lib_a-strlen.o)
                0x0000000008000210                strlen
 .text          0x0000000008000220       0xa0 c:/st/stm32cubeide_1.7.0/stm32cubeide/plugins/com.st.stm32cube.ide.mcu.externaltools.gnu-tools-for-stm32.9-2020-q2-update.win32_2.0.0.202105311346/tools/bin/../lib/gcc/arm-none-eabi/9.3.1/../../../../arm-none-eabi/lib/thumb/v7e-m+fp/hard\libc_nano.a(lib_a-memchr.o)
                0x0000000008000220                memchr
 .text          0x00000000080002c0      0x378 c:/st/stm32cubeide_1.7.0/stm32cubeide/plugins/com.st.stm32cube.ide.mcu.externaltools.gnu-tools-for-stm32.9-2020-q2-update.win32_2.0.0.202105311346/tools/bin/../lib/gcc/arm-none-eabi/9.3.1/thumb/v7e-m+fp/hard\libgcc.a(_arm_addsubdf3.o)
                0x00000000080002c0                __aeabi_drsub
                0x00000000080002c8                __aeabi_dsub
                0x00000000080002c8                __subdf3
                0x00000000080002cc                __aeabi_dadd
                0x00000000080002cc                __adddf3
                0x0000000008000544                __floatunsidf
                0x0000000008000544                __aeabi_ui2d
                0x0000000008000564                __floatsidf
                0x0000000008000564                __aeabi_i2d
                0x0000000008000588                __aeabi_f2d
                0x0000000008000588                __extendsfdf2
                0x00000000080005cc                __floatundidf
                0x00000000080005cc                __aeabi_ul2d
                0x00000000080005dc                __floatdidf
                0x00000000080005dc                __aeabi_l2d
 .text          0x0000000008000638      0x424 c:/st/stm32cubeide_1.7.0/stm32cubeide/plugins/com.st.stm32cube.ide.mcu.externaltools.gnu-tools-for-stm32.9-2020-q2-update.win32_2.0.0.202105311346/tools/bin/../lib/gcc/arm-none-eabi/9.3.1/thumb/v7e-m+fp/hard\libgcc.a(_arm_muldivdf3.o)
                0x0000000008000638                __aeabi_dmul
                0x0000000008000638                __muldf3
                0x000000000800088c                __divdf3
                0x000000000800088c                __aeabi_ddiv
 .text          0x0000000008000a5c      0x110 c:/st/stm32cubeide_1.7.0/stm32cubeide/plugins/com.st.stm32cube.ide.mcu.externaltools.gnu-tools-for-stm32.9-2020-q2-update.win32_2.0.0.202105311346/tools/bin/../lib/gcc/arm-none-eabi/9.3.1/thumb/v7e-m+fp/hard\libgcc.a(_arm_cmpdf2.o)
                0x0000000008000a5c                __gtdf2
                0x0000000008000a5c                __gedf2
                0x0000000008000a64                __ltdf2
                0x0000000008000a64                __ledf2
                0x0000000008000a6c                __nedf2
                0x0000000008000a6c                __eqdf2
                0x0000000008000a6c                __cmpdf2
                0x0000000008000ae8                __aeabi_cdrcmple
                0x0000000008000af8                __aeabi_cdcmpeq
                0x0000000008000af8                __aeabi_cdcmple
                0x0000000008000b08                __aeabi_dcmpeq
                0x0000000008000b1c                __aeabi_dcmplt
                0x0000000008000b30                __aeabi_dcmple
                0x0000000008000b44                __aeabi_dcmpge
                0x0000000008000b58                __aeabi_dcmpgt
 .text          0x0000000008000b6c       0x2c c:/st/stm32cubeide_1.7.0/stm32cubeide/plugins/com.st.stm32cube.ide.mcu.externaltools.gnu-tools-for-stm32.9-2020-q2-update.win32_2.0.0.202105311346/tools/bin/../lib/gcc/arm-none-eabi/9.3.1/thumb/v7e-m+fp/hard\libgcc.a(_arm_unorddf2.o)
                0x0000000008000b6c                __unorddf2
                0x0000000008000b6c                __aeabi_dcmpun
 .text          0x0000000008000b98       0x50 c:/st/stm32cubeide_1.7.0/stm32cubeide/plugins/com.st.stm32cube.ide.mcu.externaltools.gnu-tools-for-stm32.9-2020-q2-update.win32_2.0.0.202105311346/tools/bin/../lib/gcc/arm-none-eabi/9.3.1/thumb/v7e-m+fp/hard\libgcc.a(_arm_fixdfsi.o)
                0x0000000008000b98                __aeabi_d2iz
                0x0000000008000b98                __fixdfsi
 .text          0x0000000008000be8       0x40 c:/st/stm32cubeide_1.7.0/stm32cubeide/plugins/com.st.stm32cube.ide.mcu.externaltools.gnu-tools-for-stm32.9-2020-q2-update.win32_2.0.0.202105311346/tools/bin/../lib/gcc/arm-none-eabi/9.3.1/thumb/v7e-m+fp/hard\libgcc.a(_arm_fixunsdfsi.o)
                0x0000000008000be8                __aeabi_d2uiz
                0x0000000008000be8                __fixunsdfsi
 .text          0x0000000008000c28       0xa0 c:/st/stm32cubeide_1.7.0/stm32cubeide/plugins/com.st.stm32cube.ide.mcu.externaltools.gnu-tools-for-stm32.9-2020-q2-update.win32_2.0.0.202105311346/tools/bin/../lib/gcc/arm-none-eabi/9.3.1/thumb/v7e-m+fp/hard\libgcc.a(_arm_truncdfsf2.o)
                0x0000000008000c28                __truncdfsf2
                0x0000000008000c28                __aeabi_d2f
 .text          0x0000000008000cc8      0x21c c:/st/stm32cubeide_1.7.0/stm32cubeide/plugins/com.st.stm32cube.ide.mcu.externaltools.gnu-tools-for-stm32.9-2020-q2-update.win32_2.0.0.202105311346/tools/bin/../lib/gcc/arm-none-eabi/9.3.1/thumb/v7e-m+fp/hard\libgcc.a(_arm_addsubsf3.o)
                0x0000000008000cc8                __aeabi_frsub
                0x0000000008000cd0                __subsf3
                0x0000000008000cd0                __aeabi_fsub
                0x0000000008000cd4                __aeabi_fadd
                0x0000000008000cd4                __addsf3
                0x0000000008000e34                __aeabi_ui2f
                0x0000000008000e34                __floatunsisf
                0x0000000008000e3c                __aeabi_i2f
                0x0000000008000e3c                __floatsisf
                0x0000000008000e58                __aeabi_ul2f
                0x0000000008000e58                __floatundisf
                0x0000000008000e68                __aeabi_l2f
                0x0000000008000e68                __floatdisf
 .text          0x0000000008000ee4       0xa0 c:/st/stm32cubeide_1.7.0/stm32cubeide/plugins/com.st.stm32cube.ide.mcu.externaltools.gnu-tools-for-stm32.9-2020-q2-update.win32_2.0.0.202105311346/tools/bin/../lib/gcc/arm-none-eabi/9.3.1/thumb/v7e-m+fp/hard\libgcc.a(_aeabi_ldivmod.o)
                0x0000000008000ee4                __aeabi_ldivmod
 .text          0x0000000008000f84       0x30 c:/st/stm32cubeide_1.7.0/stm32cubeide/plugins/com.st.stm32cube.ide.mcu.externaltools.gnu-tools-for-stm32.9-2020-q2-update.win32_2.0.0.202105311346/tools/bin/../lib/gcc/arm-none-eabi/9.3.1/thumb/v7e-m+fp/hard\libgcc.a(_aeabi_uldivmod.o)
                0x0000000008000f84                __aeabi_uldivmod
 .text          0x0000000008000fb4       0x30 c:/st/stm32cubeide_1.7.0/stm32cubeide/plugins/com.st.stm32cube.ide.mcu.externaltools.gnu-tools-for-stm32.9-2020-q2-update.win32_2.0.0.202105311346/tools/bin/../lib/gcc/arm-none-eabi/9.3.1/thumb/v7e-m+fp/hard\libgcc.a(_fixdfdi.o)
                0x0000000008000fb4                __fixdfdi
                0x0000000008000fb4                __aeabi_d2lz
 .text          0x0000000008000fe4       0x3c c:/st/stm32cubeide_1.7.0/stm32cubeide/plugins/com.st.stm32cube.ide.mcu.externaltools.gnu-tools-for-stm32.9-2020-q2-update.win32_2.0.0.202105311346/tools/bin/../lib/gcc/arm-none-eabi/9.3.1/thumb/v7e-m+fp/hard\libgcc.a(_fixunsdfdi.o)
                0x0000000008000fe4                __fixunsdfdi
                0x0000000008000fe4                __aeabi_d2ulz
 .text          0x0000000008001020      0x2c4 c:/st/stm32cubeide_1.7.0/stm32cubeide/plugins/com.st.stm32cube.ide.mcu.externaltools.gnu-tools-for-stm32.9-2020-q2-update.win32_2.0.0.202105311346/tools/bin/../lib/gcc/arm-none-eabi/9.3.1/thumb/v7e-m+fp/hard\libgcc.a(_udivmoddi4.o)
                0x0000000008001020                __udivmoddi4
 .text          0x00000000080012e4        0x4 c:/st/stm32cubeide_1.7.0/stm32cubeide/plugins/com.st.stm32cube.ide.mcu.externaltools.gnu-tools-for-stm32.9-2020-q2-update.win32_2.0.0.202105311346/tools/bin/../lib/gcc/arm-none-eabi/9.3.1/thumb/v7e-m+fp/hard\libgcc.a(_dvmd_tls.o)
                0x00000000080012e4                __aeabi_idiv0
                0x00000000080012e4                __aeabi_ldiv0
 *(.text*)
 .text.BSP_I2C1_Init
                0x00000000080012e8       0x7c ./Core/Src/custom_bus.o
                0x00000000080012e8                BSP_I2C1_Init
 .text.BSP_I2C1_DeInit
                0x0000000008001364       0x50 ./Core/Src/custom_bus.o
                0x0000000008001364                BSP_I2C1_DeInit
 .text.BSP_I2C1_WriteReg
                0x00000000080013b4       0x64 ./Core/Src/custom_bus.o
                0x00000000080013b4                BSP_I2C1_WriteReg
 .text.BSP_I2C1_ReadReg
                0x0000000008001418       0x64 ./Core/Src/custom_bus.o
                0x0000000008001418                BSP_I2C1_ReadReg
 .text.BSP_GetTick
                0x000000000800147c        0xe ./Core/Src/custom_bus.o
                0x000000000800147c                BSP_GetTick
 *fill*         0x000000000800148a        0x2 
 .text.MX_I2C1_Init
                0x000000000800148c       0x88 ./Core/Src/custom_bus.o
                0x000000000800148c                MX_I2C1_Init
 .text.I2C1_MspInit
                0x0000000008001514       0x8c ./Core/Src/custom_bus.o
 .text.I2C1_MspDeInit
                0x00000000080015a0       0x38 ./Core/Src/custom_bus.o
 .text.main     0x00000000080015d8       0x30 ./Core/Src/main.o
                0x00000000080015d8                main
 .text.SystemClock_Config
                0x0000000008001608      0x130 ./Core/Src/main.o
                0x0000000008001608                SystemClock_Config
 .text.MX_CRC_Init
                0x0000000008001738       0x44 ./Core/Src/main.o
 .text.MX_RTC_Init
                0x000000000800177c       0xb8 ./Core/Src/main.o
 .text.MX_TIM3_Init
                0x0000000008001834       0x9c ./Core/Src/main.o
                0x0000000008001834                MX_TIM3_Init
 .text.MX_DMA_Init
                0x00000000080018d0       0x3c ./Core/Src/main.o
 .text.MX_GPIO_Init
                0x000000000800190c       0xcc ./Core/Src/main.o
 .text.Error_Handler
                0x00000000080019d8        0xa ./Core/Src/main.o
                0x00000000080019d8                Error_Handler
 *fill*         0x00000000080019e2        0x2 
 .text.HAL_MspInit
                0x00000000080019e4       0x48 ./Core/Src/stm32f7xx_hal_msp.o
                0x00000000080019e4                HAL_MspInit
 .text.HAL_CRC_MspInit
                0x0000000008001a2c       0x40 ./Core/Src/stm32f7xx_hal_msp.o
                0x0000000008001a2c                HAL_CRC_MspInit
 .text.HAL_RTC_MspInit
                0x0000000008001a6c       0x34 ./Core/Src/stm32f7xx_hal_msp.o
                0x0000000008001a6c                HAL_RTC_MspInit
 .text.HAL_TIM_Base_MspInit
                0x0000000008001aa0       0x4c ./Core/Src/stm32f7xx_hal_msp.o
                0x0000000008001aa0                HAL_TIM_Base_MspInit
 .text.NMI_Handler
                0x0000000008001aec        0x6 ./Core/Src/stm32f7xx_it.o
                0x0000000008001aec                NMI_Handler
 .text.HardFault_Handler
                0x0000000008001af2        0x6 ./Core/Src/stm32f7xx_it.o
                0x0000000008001af2                HardFault_Handler
 .text.MemManage_Handler
                0x0000000008001af8        0x6 ./Core/Src/stm32f7xx_it.o
                0x0000000008001af8                MemManage_Handler
 .text.BusFault_Handler
                0x0000000008001afe        0x6 ./Core/Src/stm32f7xx_it.o
                0x0000000008001afe                BusFault_Handler
 .text.UsageFault_Handler
                0x0000000008001b04        0x6 ./Core/Src/stm32f7xx_it.o
                0x0000000008001b04                UsageFault_Handler
 .text.SVC_Handler
                0x0000000008001b0a        0xe ./Core/Src/stm32f7xx_it.o
                0x0000000008001b0a                SVC_Handler
 .text.DebugMon_Handler
                0x0000000008001b18        0xe ./Core/Src/stm32f7xx_it.o
                0x0000000008001b18                DebugMon_Handler
 .text.PendSV_Handler
                0x0000000008001b26        0xe ./Core/Src/stm32f7xx_it.o
                0x0000000008001b26                PendSV_Handler
 .text.SysTick_Handler
                0x0000000008001b34        0xc ./Core/Src/stm32f7xx_it.o
                0x0000000008001b34                SysTick_Handler
 .text.DMA1_Stream1_IRQHandler
                0x0000000008001b40       0x14 ./Core/Src/stm32f7xx_it.o
                0x0000000008001b40                DMA1_Stream1_IRQHandler
 .text.TIM3_IRQHandler
                0x0000000008001b54       0x14 ./Core/Src/stm32f7xx_it.o
                0x0000000008001b54                TIM3_IRQHandler
 .text.EXTI15_10_IRQHandler
                0x0000000008001b68       0x10 ./Core/Src/stm32f7xx_it.o
                0x0000000008001b68                EXTI15_10_IRQHandler
 .text._getpid  0x0000000008001b78       0x10 ./Core/Src/syscalls.o
                0x0000000008001b78                _getpid
 .text._kill    0x0000000008001b88       0x20 ./Core/Src/syscalls.o
                0x0000000008001b88                _kill
 .text._exit    0x0000000008001ba8       0x14 ./Core/Src/syscalls.o
                0x0000000008001ba8                _exit
 .text._read    0x0000000008001bbc       0x3a ./Core/Src/syscalls.o
                0x0000000008001bbc                _read
 .text._write   0x0000000008001bf6       0x38 ./Core/Src/syscalls.o
                0x0000000008001bf6                _write
 .text._close   0x0000000008001c2e       0x18 ./Core/Src/syscalls.o
                0x0000000008001c2e                _close
 .text._fstat   0x0000000008001c46       0x20 ./Core/Src/syscalls.o
                0x0000000008001c46                _fstat
 .text._isatty  0x0000000008001c66       0x16 ./Core/Src/syscalls.o
                0x0000000008001c66                _isatty
 .text._lseek   0x0000000008001c7c       0x1a ./Core/Src/syscalls.o
                0x0000000008001c7c                _lseek
 *fill*         0x0000000008001c96        0x2 
 .text._sbrk    0x0000000008001c98       0x6c ./Core/Src/sysmem.o
                0x0000000008001c98                _sbrk
 .text.SystemInit
                0x0000000008001d04       0x24 ./Core/Src/system_stm32f7xx.o
                0x0000000008001d04                SystemInit
 .text.Reset_Handler
                0x0000000008001d28       0x50 ./Core/Startup/startup_stm32f756zgtx.o
                0x0000000008001d28                Reset_Handler
 .text.Default_Handler
                0x0000000008001d78        0x2 ./Core/Startup/startup_stm32f756zgtx.o
                0x0000000008001d78                RTC_Alarm_IRQHandler
                0x0000000008001d78                HASH_RNG_IRQHandler
                0x0000000008001d78                EXTI2_IRQHandler
                0x0000000008001d78                TIM8_CC_IRQHandler
                0x0000000008001d78                UART8_IRQHandler
                0x0000000008001d78                SPI4_IRQHandler
                0x0000000008001d78                TIM1_CC_IRQHandler
                0x0000000008001d78                DMA2_Stream5_IRQHandler
                0x0000000008001d78                DMA1_Stream5_IRQHandler
                0x0000000008001d78                PVD_IRQHandler
                0x0000000008001d78                TAMP_STAMP_IRQHandler
                0x0000000008001d78                CAN2_RX1_IRQHandler
                0x0000000008001d78                EXTI3_IRQHandler
                0x0000000008001d78                TIM8_TRG_COM_TIM14_IRQHandler
                0x0000000008001d78                TIM1_UP_TIM10_IRQHandler
                0x0000000008001d78                TIM8_UP_TIM13_IRQHandler
                0x0000000008001d78                I2C3_ER_IRQHandler
                0x0000000008001d78                EXTI0_IRQHandler
                0x0000000008001d78                I2C2_EV_IRQHandler
                0x0000000008001d78                DMA1_Stream2_IRQHandler
                0x0000000008001d78                CAN1_RX0_IRQHandler
                0x0000000008001d78                FPU_IRQHandler
                0x0000000008001d78                OTG_HS_WKUP_IRQHandler
                0x0000000008001d78                LTDC_ER_IRQHandler
                0x0000000008001d78                CAN2_SCE_IRQHandler
                0x0000000008001d78                DMA2_Stream2_IRQHandler
                0x0000000008001d78                SPI1_IRQHandler
                0x0000000008001d78                TIM6_DAC_IRQHandler
                0x0000000008001d78                TIM1_BRK_TIM9_IRQHandler
                0x0000000008001d78                DCMI_IRQHandler
                0x0000000008001d78                CAN2_RX0_IRQHandler
                0x0000000008001d78                DMA2_Stream3_IRQHandler
                0x0000000008001d78                SAI2_IRQHandler
                0x0000000008001d78                USART6_IRQHandler
                0x0000000008001d78                USART3_IRQHandler
                0x0000000008001d78                CRYP_IRQHandler
                0x0000000008001d78                CAN1_RX1_IRQHandler
                0x0000000008001d78                UART5_IRQHandler
                0x0000000008001d78                DMA2_Stream0_IRQHandler
                0x0000000008001d78                TIM4_IRQHandler
                0x0000000008001d78                QUADSPI_IRQHandler
                0x0000000008001d78                I2C1_EV_IRQHandler
                0x0000000008001d78                DMA1_Stream6_IRQHandler
                0x0000000008001d78                UART4_IRQHandler
                0x0000000008001d78                RCC_IRQHandler
                0x0000000008001d78                TIM8_BRK_TIM12_IRQHandler
                0x0000000008001d78                Default_Handler
                0x0000000008001d78                CEC_IRQHandler
                0x0000000008001d78                ADC_IRQHandler
                0x0000000008001d78                DMA1_Stream7_IRQHandler
                0x0000000008001d78                SPI5_IRQHandler
                0x0000000008001d78                TIM7_IRQHandler
                0x0000000008001d78                SDMMC1_IRQHandler
                0x0000000008001d78                CAN2_TX_IRQHandler
                0x0000000008001d78                TIM5_IRQHandler
                0x0000000008001d78                DMA2_Stream7_IRQHandler
                0x0000000008001d78                I2C3_EV_IRQHandler
                0x0000000008001d78                EXTI9_5_IRQHandler
                0x0000000008001d78                RTC_WKUP_IRQHandler
                0x0000000008001d78                LTDC_IRQHandler
                0x0000000008001d78                ETH_WKUP_IRQHandler
                0x0000000008001d78                SPDIF_RX_IRQHandler
                0x0000000008001d78                SPI2_IRQHandler
                0x0000000008001d78                OTG_HS_EP1_IN_IRQHandler
                0x0000000008001d78                DMA1_Stream0_IRQHandler
                0x0000000008001d78                CAN1_TX_IRQHandler
                0x0000000008001d78                EXTI4_IRQHandler
                0x0000000008001d78                ETH_IRQHandler
                0x0000000008001d78                OTG_HS_EP1_OUT_IRQHandler
                0x0000000008001d78                WWDG_IRQHandler
                0x0000000008001d78                SPI6_IRQHandler
                0x0000000008001d78                I2C4_EV_IRQHandler
                0x0000000008001d78                TIM2_IRQHandler
                0x0000000008001d78                OTG_FS_WKUP_IRQHandler
                0x0000000008001d78                TIM1_TRG_COM_TIM11_IRQHandler
                0x0000000008001d78                OTG_HS_IRQHandler
                0x0000000008001d78                DMA2D_IRQHandler
                0x0000000008001d78                EXTI1_IRQHandler
                0x0000000008001d78                UART7_IRQHandler
                0x0000000008001d78                USART2_IRQHandler
                0x0000000008001d78                I2C2_ER_IRQHandler
                0x0000000008001d78                DMA2_Stream1_IRQHandler
                0x0000000008001d78                CAN1_SCE_IRQHandler
                0x0000000008001d78                FLASH_IRQHandler
                0x0000000008001d78                DMA2_Stream4_IRQHandler
                0x0000000008001d78                USART1_IRQHandler
                0x0000000008001d78                OTG_FS_IRQHandler
                0x0000000008001d78                SPI3_IRQHandler
                0x0000000008001d78                DMA1_Stream4_IRQHandler
                0x0000000008001d78                I2C1_ER_IRQHandler
                0x0000000008001d78                FMC_IRQHandler
                0x0000000008001d78                LPTIM1_IRQHandler
                0x0000000008001d78                I2C4_ER_IRQHandler
                0x0000000008001d78                DMA2_Stream6_IRQHandler
                0x0000000008001d78                SAI1_IRQHandler
                0x0000000008001d78                DMA1_Stream3_IRQHandler
 *fill*         0x0000000008001d7a        0x2 
 .text.LSM6DSOX_RegisterBusIO
                0x0000000008001d7c       0xcc ./Drivers/BSP/Components/lsm6dsox/lsm6dsox.o
                0x0000000008001d7c                LSM6DSOX_RegisterBusIO
 .text.LSM6DSOX_Init
                0x0000000008001e48       0xea ./Drivers/BSP/Components/lsm6dsox/lsm6dsox.o
                0x0000000008001e48                LSM6DSOX_Init
 .text.LSM6DSOX_DeInit
                0x0000000008001f32       0x4e ./Drivers/BSP/Components/lsm6dsox/lsm6dsox.o
                0x0000000008001f32                LSM6DSOX_DeInit
 .text.LSM6DSOX_ReadID
                0x0000000008001f80       0x2c ./Drivers/BSP/Components/lsm6dsox/lsm6dsox.o
                0x0000000008001f80                LSM6DSOX_ReadID
 .text.LSM6DSOX_GetCapabilities
                0x0000000008001fac       0x5c ./Drivers/BSP/Components/lsm6dsox/lsm6dsox.o
                0x0000000008001fac                LSM6DSOX_GetCapabilities
 .text.LSM6DSOX_ACC_Enable
                0x0000000008002008       0x48 ./Drivers/BSP/Components/lsm6dsox/lsm6dsox.o
                0x0000000008002008                LSM6DSOX_ACC_Enable
 .text.LSM6DSOX_ACC_Disable
                0x0000000008002050       0x5e ./Drivers/BSP/Components/lsm6dsox/lsm6dsox.o
                0x0000000008002050                LSM6DSOX_ACC_Disable
 *fill*         0x00000000080020ae        0x2 
 .text.LSM6DSOX_ACC_GetSensitivity
                0x00000000080020b0       0x8c ./Drivers/BSP/Components/lsm6dsox/lsm6dsox.o
                0x00000000080020b0                LSM6DSOX_ACC_GetSensitivity
 .text.LSM6DSOX_ACC_GetOutputDataRate
                0x000000000800213c      0x108 ./Drivers/BSP/Components/lsm6dsox/lsm6dsox.o
                0x000000000800213c                LSM6DSOX_ACC_GetOutputDataRate
 .text.LSM6DSOX_ACC_SetOutputDataRate
                0x0000000008002244       0x22 ./Drivers/BSP/Components/lsm6dsox/lsm6dsox.o
                0x0000000008002244                LSM6DSOX_ACC_SetOutputDataRate
 *fill*         0x0000000008002266        0x2 
 .text.LSM6DSOX_ACC_SetOutputDataRate_With_Mode
                0x0000000008002268      0x330 ./Drivers/BSP/Components/lsm6dsox/lsm6dsox.o
                0x0000000008002268                LSM6DSOX_ACC_SetOutputDataRate_With_Mode
 .text.LSM6DSOX_ACC_GetFullScale
                0x0000000008002598       0x7c ./Drivers/BSP/Components/lsm6dsox/lsm6dsox.o
                0x0000000008002598                LSM6DSOX_ACC_GetFullScale
 .text.LSM6DSOX_ACC_SetFullScale
                0x0000000008002614       0x50 ./Drivers/BSP/Components/lsm6dsox/lsm6dsox.o
                0x0000000008002614                LSM6DSOX_ACC_SetFullScale
 .text.LSM6DSOX_ACC_GetAxesRaw
                0x0000000008002664       0x48 ./Drivers/BSP/Components/lsm6dsox/lsm6dsox.o
                0x0000000008002664                LSM6DSOX_ACC_GetAxesRaw
 .text.LSM6DSOX_ACC_GetAxes
                0x00000000080026ac       0xae ./Drivers/BSP/Components/lsm6dsox/lsm6dsox.o
                0x00000000080026ac                LSM6DSOX_ACC_GetAxes
 .text.LSM6DSOX_GYRO_Enable
                0x000000000800275a       0x48 ./Drivers/BSP/Components/lsm6dsox/lsm6dsox.o
                0x000000000800275a                LSM6DSOX_GYRO_Enable
 .text.LSM6DSOX_GYRO_Disable
                0x00000000080027a2       0x5e ./Drivers/BSP/Components/lsm6dsox/lsm6dsox.o
                0x00000000080027a2                LSM6DSOX_GYRO_Disable
 .text.LSM6DSOX_GYRO_GetSensitivity
                0x0000000008002800       0xa4 ./Drivers/BSP/Components/lsm6dsox/lsm6dsox.o
                0x0000000008002800                LSM6DSOX_GYRO_GetSensitivity
 .text.LSM6DSOX_GYRO_GetOutputDataRate
                0x00000000080028a4       0xf8 ./Drivers/BSP/Components/lsm6dsox/lsm6dsox.o
                0x00000000080028a4                LSM6DSOX_GYRO_GetOutputDataRate
 .text.LSM6DSOX_GYRO_SetOutputDataRate
                0x000000000800299c       0x22 ./Drivers/BSP/Components/lsm6dsox/lsm6dsox.o
                0x000000000800299c                LSM6DSOX_GYRO_SetOutputDataRate
 *fill*         0x00000000080029be        0x2 
 .text.LSM6DSOX_GYRO_SetOutputDataRate_With_Mode
                0x00000000080029c0      0x11c ./Drivers/BSP/Components/lsm6dsox/lsm6dsox.o
                0x00000000080029c0                LSM6DSOX_GYRO_SetOutputDataRate_With_Mode
 .text.LSM6DSOX_GYRO_GetFullScale
                0x0000000008002adc       0x94 ./Drivers/BSP/Components/lsm6dsox/lsm6dsox.o
                0x0000000008002adc                LSM6DSOX_GYRO_GetFullScale
 .text.LSM6DSOX_GYRO_SetFullScale
                0x0000000008002b70       0x5e ./Drivers/BSP/Components/lsm6dsox/lsm6dsox.o
                0x0000000008002b70                LSM6DSOX_GYRO_SetFullScale
 .text.LSM6DSOX_GYRO_GetAxesRaw
                0x0000000008002bce       0x48 ./Drivers/BSP/Components/lsm6dsox/lsm6dsox.o
                0x0000000008002bce                LSM6DSOX_GYRO_GetAxesRaw
 .text.LSM6DSOX_GYRO_GetAxes
                0x0000000008002c16       0xa8 ./Drivers/BSP/Components/lsm6dsox/lsm6dsox.o
                0x0000000008002c16                LSM6DSOX_GYRO_GetAxes
 .text.LSM6DSOX_Write_Reg
                0x0000000008002cbe       0x36 ./Drivers/BSP/Components/lsm6dsox/lsm6dsox.o
                0x0000000008002cbe                LSM6DSOX_Write_Reg
 .text.LSM6DSOX_ACC_SetOutputDataRate_When_Enabled
                0x0000000008002cf4      0x130 ./Drivers/BSP/Components/lsm6dsox/lsm6dsox.o
 .text.LSM6DSOX_ACC_SetOutputDataRate_When_Disabled
                0x0000000008002e24      0x120 ./Drivers/BSP/Components/lsm6dsox/lsm6dsox.o
 .text.LSM6DSOX_GYRO_SetOutputDataRate_When_Enabled
                0x0000000008002f44      0x118 ./Drivers/BSP/Components/lsm6dsox/lsm6dsox.o
 .text.LSM6DSOX_GYRO_SetOutputDataRate_When_Disabled
                0x000000000800305c      0x104 ./Drivers/BSP/Components/lsm6dsox/lsm6dsox.o
 .text.ReadRegWrap
                0x0000000008003160       0x36 ./Drivers/BSP/Components/lsm6dsox/lsm6dsox.o
 .text.WriteRegWrap
                0x0000000008003196       0x36 ./Drivers/BSP/Components/lsm6dsox/lsm6dsox.o
 .text.lsm6dsox_read_reg
                0x00000000080031cc       0x30 ./Drivers/BSP/Components/lsm6dsox/lsm6dsox_reg.o
                0x00000000080031cc                lsm6dsox_read_reg
 .text.lsm6dsox_write_reg
                0x00000000080031fc       0x30 ./Drivers/BSP/Components/lsm6dsox/lsm6dsox_reg.o
                0x00000000080031fc                lsm6dsox_write_reg
 .text.lsm6dsox_xl_full_scale_set
                0x000000000800322c       0x4c ./Drivers/BSP/Components/lsm6dsox/lsm6dsox_reg.o
                0x000000000800322c                lsm6dsox_xl_full_scale_set
 .text.lsm6dsox_xl_full_scale_get
                0x0000000008003278       0x70 ./Drivers/BSP/Components/lsm6dsox/lsm6dsox_reg.o
                0x0000000008003278                lsm6dsox_xl_full_scale_get
 .text.lsm6dsox_xl_data_rate_set
                0x00000000080032e8      0x2e8 ./Drivers/BSP/Components/lsm6dsox/lsm6dsox_reg.o
                0x00000000080032e8                lsm6dsox_xl_data_rate_set
 .text.lsm6dsox_xl_data_rate_get
                0x00000000080035d0       0xd0 ./Drivers/BSP/Components/lsm6dsox/lsm6dsox_reg.o
                0x00000000080035d0                lsm6dsox_xl_data_rate_get
 .text.lsm6dsox_gy_full_scale_set
                0x00000000080036a0       0x4c ./Drivers/BSP/Components/lsm6dsox/lsm6dsox_reg.o
                0x00000000080036a0                lsm6dsox_gy_full_scale_set
 .text.lsm6dsox_gy_full_scale_get
                0x00000000080036ec       0x84 ./Drivers/BSP/Components/lsm6dsox/lsm6dsox_reg.o
                0x00000000080036ec                lsm6dsox_gy_full_scale_get
 .text.lsm6dsox_gy_data_rate_set
                0x0000000008003770      0x2e8 ./Drivers/BSP/Components/lsm6dsox/lsm6dsox_reg.o
                0x0000000008003770                lsm6dsox_gy_data_rate_set
 .text.lsm6dsox_gy_data_rate_get
                0x0000000008003a58       0xc4 ./Drivers/BSP/Components/lsm6dsox/lsm6dsox_reg.o
                0x0000000008003a58                lsm6dsox_gy_data_rate_get
 .text.lsm6dsox_block_data_update_set
                0x0000000008003b1c       0x4c ./Drivers/BSP/Components/lsm6dsox/lsm6dsox_reg.o
                0x0000000008003b1c                lsm6dsox_block_data_update_set
 .text.lsm6dsox_angular_rate_raw_get
                0x0000000008003b68       0x96 ./Drivers/BSP/Components/lsm6dsox/lsm6dsox_reg.o
                0x0000000008003b68                lsm6dsox_angular_rate_raw_get
 .text.lsm6dsox_acceleration_raw_get
                0x0000000008003bfe       0x96 ./Drivers/BSP/Components/lsm6dsox/lsm6dsox_reg.o
                0x0000000008003bfe                lsm6dsox_acceleration_raw_get
 .text.lsm6dsox_mem_bank_set
                0x0000000008003c94       0x4c ./Drivers/BSP/Components/lsm6dsox/lsm6dsox_reg.o
                0x0000000008003c94                lsm6dsox_mem_bank_set
 .text.lsm6dsox_device_id_get
                0x0000000008003ce0       0x22 ./Drivers/BSP/Components/lsm6dsox/lsm6dsox_reg.o
                0x0000000008003ce0                lsm6dsox_device_id_get
 .text.lsm6dsox_auto_increment_set
                0x0000000008003d02       0x4c ./Drivers/BSP/Components/lsm6dsox/lsm6dsox_reg.o
                0x0000000008003d02                lsm6dsox_auto_increment_set
 .text.lsm6dsox_i3c_disable_set
                0x0000000008003d4e       0x8c ./Drivers/BSP/Components/lsm6dsox/lsm6dsox_reg.o
                0x0000000008003d4e                lsm6dsox_i3c_disable_set
 .text.lsm6dsox_fifo_mode_set
                0x0000000008003dda       0x4c ./Drivers/BSP/Components/lsm6dsox/lsm6dsox_reg.o
                0x0000000008003dda                lsm6dsox_fifo_mode_set
 .text.lsm6dsox_fsm_enable_get
                0x0000000008003e26       0x42 ./Drivers/BSP/Components/lsm6dsox/lsm6dsox_reg.o
                0x0000000008003e26                lsm6dsox_fsm_enable_get
 .text.lsm6dsox_fsm_data_rate_get
                0x0000000008003e68       0x90 ./Drivers/BSP/Components/lsm6dsox/lsm6dsox_reg.o
                0x0000000008003e68                lsm6dsox_fsm_data_rate_get
 .text.lsm6dsox_mlc_data_rate_get
                0x0000000008003ef8       0x90 ./Drivers/BSP/Components/lsm6dsox/lsm6dsox_reg.o
                0x0000000008003ef8                lsm6dsox_mlc_data_rate_get
 .text.lsm6dsox_embedded_sens_get
                0x0000000008003f88       0xc6 ./Drivers/BSP/Components/lsm6dsox/lsm6dsox_reg.o
                0x0000000008003f88                lsm6dsox_embedded_sens_get
 *fill*         0x000000000800404e        0x2 
 .text.BSP_LED_Init
                0x0000000008004050       0x24 ./Drivers/BSP/custom/custom.o
                0x0000000008004050                BSP_LED_Init
 .text.BSP_LED_On
                0x0000000008004074       0x2c ./Drivers/BSP/custom/custom.o
                0x0000000008004074                BSP_LED_On
 .text.BSP_LED_Off
                0x00000000080040a0       0x2c ./Drivers/BSP/custom/custom.o
                0x00000000080040a0                BSP_LED_Off
 .text.LED_USER_GPIO_Init
                0x00000000080040cc       0x7c ./Drivers/BSP/custom/custom.o
 .text.BSP_COM_Init
                0x0000000008004148       0x7c ./Drivers/BSP/custom/custom.o
                0x0000000008004148                BSP_COM_Init
 .text.MX_USART3_UART_Init
                0x00000000080041c4       0x68 ./Drivers/BSP/custom/custom.o
                0x00000000080041c4                MX_USART3_UART_Init
 .text.__io_putchar
                0x000000000800422c       0x38 ./Drivers/BSP/custom/custom.o
                0x000000000800422c                __io_putchar
 .text.USART3_MspInit
                0x0000000008004264       0xf4 ./Drivers/BSP/custom/custom.o
 .text.HAL_Init
                0x0000000008004358       0x1a ./Drivers/STM32F7xx_HAL_Driver/Src/stm32f7xx_hal.o
                0x0000000008004358                HAL_Init
 *fill*         0x0000000008004372        0x2 
 .text.HAL_InitTick
                0x0000000008004374       0x60 ./Drivers/STM32F7xx_HAL_Driver/Src/stm32f7xx_hal.o
                0x0000000008004374                HAL_InitTick
 .text.HAL_IncTick
                0x00000000080043d4       0x28 ./Drivers/STM32F7xx_HAL_Driver/Src/stm32f7xx_hal.o
                0x00000000080043d4                HAL_IncTick
 .text.HAL_GetTick
                0x00000000080043fc       0x18 ./Drivers/STM32F7xx_HAL_Driver/Src/stm32f7xx_hal.o
                0x00000000080043fc                HAL_GetTick
 .text.HAL_Delay
                0x0000000008004414       0x48 ./Drivers/STM32F7xx_HAL_Driver/Src/stm32f7xx_hal.o
                0x0000000008004414                HAL_Delay
 .text.__NVIC_SetPriorityGrouping
                0x000000000800445c       0x48 ./Drivers/STM32F7xx_HAL_Driver/Src/stm32f7xx_hal_cortex.o
 .text.__NVIC_GetPriorityGrouping
                0x00000000080044a4       0x1c ./Drivers/STM32F7xx_HAL_Driver/Src/stm32f7xx_hal_cortex.o
 .text.__NVIC_EnableIRQ
                0x00000000080044c0       0x3c ./Drivers/STM32F7xx_HAL_Driver/Src/stm32f7xx_hal_cortex.o
 .text.__NVIC_SetPriority
                0x00000000080044fc       0x54 ./Drivers/STM32F7xx_HAL_Driver/Src/stm32f7xx_hal_cortex.o
 .text.NVIC_EncodePriority
                0x0000000008004550       0x66 ./Drivers/STM32F7xx_HAL_Driver/Src/stm32f7xx_hal_cortex.o
 *fill*         0x00000000080045b6        0x2 
 .text.SysTick_Config
                0x00000000080045b8       0x44 ./Drivers/STM32F7xx_HAL_Driver/Src/stm32f7xx_hal_cortex.o
 .text.HAL_NVIC_SetPriorityGrouping
                0x00000000080045fc       0x16 ./Drivers/STM32F7xx_HAL_Driver/Src/stm32f7xx_hal_cortex.o
                0x00000000080045fc                HAL_NVIC_SetPriorityGrouping
 .text.HAL_NVIC_SetPriority
                0x0000000008004612       0x38 ./Drivers/STM32F7xx_HAL_Driver/Src/stm32f7xx_hal_cortex.o
                0x0000000008004612                HAL_NVIC_SetPriority
 .text.HAL_NVIC_EnableIRQ
                0x000000000800464a       0x1c ./Drivers/STM32F7xx_HAL_Driver/Src/stm32f7xx_hal_cortex.o
                0x000000000800464a                HAL_NVIC_EnableIRQ
 .text.HAL_SYSTICK_Config
                0x0000000008004666       0x18 ./Drivers/STM32F7xx_HAL_Driver/Src/stm32f7xx_hal_cortex.o
                0x0000000008004666                HAL_SYSTICK_Config
 *fill*         0x000000000800467e        0x2 
 .text.HAL_CRC_Init
                0x0000000008004680       0xc8 ./Drivers/STM32F7xx_HAL_Driver/Src/stm32f7xx_hal_crc.o
                0x0000000008004680                HAL_CRC_Init
 .text.HAL_CRCEx_Polynomial_Set
                0x0000000008004748      0x10c ./Drivers/STM32F7xx_HAL_Driver/Src/stm32f7xx_hal_crc_ex.o
                0x0000000008004748                HAL_CRCEx_Polynomial_Set
 .text.HAL_DMA_Init
                0x0000000008004854      0x15c ./Drivers/STM32F7xx_HAL_Driver/Src/stm32f7xx_hal_dma.o
                0x0000000008004854                HAL_DMA_Init
 .text.HAL_DMA_Start_IT
                0x00000000080049b0       0xc0 ./Drivers/STM32F7xx_HAL_Driver/Src/stm32f7xx_hal_dma.o
                0x00000000080049b0                HAL_DMA_Start_IT
 .text.HAL_DMA_IRQHandler
                0x0000000008004a70      0x314 ./Drivers/STM32F7xx_HAL_Driver/Src/stm32f7xx_hal_dma.o
                0x0000000008004a70                HAL_DMA_IRQHandler
 .text.DMA_SetConfig
                0x0000000008004d84       0x5c ./Drivers/STM32F7xx_HAL_Driver/Src/stm32f7xx_hal_dma.o
 .text.DMA_CalcBaseAndBitshift
                0x0000000008004de0       0x6c ./Drivers/STM32F7xx_HAL_Driver/Src/stm32f7xx_hal_dma.o
 .text.DMA_CheckFifoParam
                0x0000000008004e4c       0xf8 ./Drivers/STM32F7xx_HAL_Driver/Src/stm32f7xx_hal_dma.o
 .text.HAL_GPIO_Init
                0x0000000008004f44      0x358 ./Drivers/STM32F7xx_HAL_Driver/Src/stm32f7xx_hal_gpio.o
                0x0000000008004f44                HAL_GPIO_Init
 .text.HAL_GPIO_DeInit
                0x000000000800529c      0x218 ./Drivers/STM32F7xx_HAL_Driver/Src/stm32f7xx_hal_gpio.o
                0x000000000800529c                HAL_GPIO_DeInit
 .text.HAL_GPIO_WritePin
                0x00000000080054b4       0x32 ./Drivers/STM32F7xx_HAL_Driver/Src/stm32f7xx_hal_gpio.o
                0x00000000080054b4                HAL_GPIO_WritePin
 *fill*         0x00000000080054e6        0x2 
 .text.HAL_GPIO_EXTI_IRQHandler
                0x00000000080054e8       0x30 ./Drivers/STM32F7xx_HAL_Driver/Src/stm32f7xx_hal_gpio.o
                0x00000000080054e8                HAL_GPIO_EXTI_IRQHandler
 .text.HAL_GPIO_EXTI_Callback
                0x0000000008005518       0x16 ./Drivers/STM32F7xx_HAL_Driver/Src/stm32f7xx_hal_gpio.o
                0x0000000008005518                HAL_GPIO_EXTI_Callback
 *fill*         0x000000000800552e        0x2 
 .text.HAL_I2C_Init
                0x0000000008005530      0x120 ./Drivers/STM32F7xx_HAL_Driver/Src/stm32f7xx_hal_i2c.o
                0x0000000008005530                HAL_I2C_Init
 .text.HAL_I2C_DeInit
                0x0000000008005650       0x5e ./Drivers/STM32F7xx_HAL_Driver/Src/stm32f7xx_hal_i2c.o
                0x0000000008005650                HAL_I2C_DeInit
 .text.HAL_I2C_MspInit
                0x00000000080056ae       0x14 ./Drivers/STM32F7xx_HAL_Driver/Src/stm32f7xx_hal_i2c.o
                0x00000000080056ae                HAL_I2C_MspInit
 .text.HAL_I2C_MspDeInit
                0x00000000080056c2       0x14 ./Drivers/STM32F7xx_HAL_Driver/Src/stm32f7xx_hal_i2c.o
                0x00000000080056c2                HAL_I2C_MspDeInit
 *fill*         0x00000000080056d6        0x2 
 .text.HAL_I2C_Mem_Write
                0x00000000080056d8      0x228 ./Drivers/STM32F7xx_HAL_Driver/Src/stm32f7xx_hal_i2c.o
                0x00000000080056d8                HAL_I2C_Mem_Write
 .text.HAL_I2C_Mem_Read
                0x0000000008005900      0x234 ./Drivers/STM32F7xx_HAL_Driver/Src/stm32f7xx_hal_i2c.o
                0x0000000008005900                HAL_I2C_Mem_Read
 .text.HAL_I2C_GetState
                0x0000000008005b34       0x1c ./Drivers/STM32F7xx_HAL_Driver/Src/stm32f7xx_hal_i2c.o
                0x0000000008005b34                HAL_I2C_GetState
 .text.HAL_I2C_GetError
                0x0000000008005b50       0x18 ./Drivers/STM32F7xx_HAL_Driver/Src/stm32f7xx_hal_i2c.o
                0x0000000008005b50                HAL_I2C_GetError
 .text.I2C_RequestMemoryWrite
                0x0000000008005b68       0xa8 ./Drivers/STM32F7xx_HAL_Driver/Src/stm32f7xx_hal_i2c.o
 .text.I2C_RequestMemoryRead
                0x0000000008005c10       0xa8 ./Drivers/STM32F7xx_HAL_Driver/Src/stm32f7xx_hal_i2c.o
 .text.I2C_Flush_TXDR
                0x0000000008005cb8       0x48 ./Drivers/STM32F7xx_HAL_Driver/Src/stm32f7xx_hal_i2c.o
 .text.I2C_WaitOnFlagUntilTimeout
                0x0000000008005d00       0x80 ./Drivers/STM32F7xx_HAL_Driver/Src/stm32f7xx_hal_i2c.o
 .text.I2C_WaitOnTXISFlagUntilTimeout
                0x0000000008005d80       0x80 ./Drivers/STM32F7xx_HAL_Driver/Src/stm32f7xx_hal_i2c.o
 .text.I2C_WaitOnSTOPFlagUntilTimeout
                0x0000000008005e00       0x78 ./Drivers/STM32F7xx_HAL_Driver/Src/stm32f7xx_hal_i2c.o
 .text.I2C_IsAcknowledgeFailed
                0x0000000008005e78       0xcc ./Drivers/STM32F7xx_HAL_Driver/Src/stm32f7xx_hal_i2c.o
 .text.I2C_TransferConfig
                0x0000000008005f44       0x5c ./Drivers/STM32F7xx_HAL_Driver/Src/stm32f7xx_hal_i2c.o
 .text.HAL_I2CEx_ConfigAnalogFilter
                0x0000000008005fa0       0x96 ./Drivers/STM32F7xx_HAL_Driver/Src/stm32f7xx_hal_i2c_ex.o
                0x0000000008005fa0                HAL_I2CEx_ConfigAnalogFilter
 .text.HAL_I2CEx_ConfigDigitalFilter
                0x0000000008006036       0x98 ./Drivers/STM32F7xx_HAL_Driver/Src/stm32f7xx_hal_i2c_ex.o
                0x0000000008006036                HAL_I2CEx_ConfigDigitalFilter
 *fill*         0x00000000080060ce        0x2 
 .text.HAL_PWREx_EnableOverDrive
                0x00000000080060d0       0xa0 ./Drivers/STM32F7xx_HAL_Driver/Src/stm32f7xx_hal_pwr_ex.o
                0x00000000080060d0                HAL_PWREx_EnableOverDrive
 .text.HAL_RCC_OscConfig
                0x0000000008006170      0x548 ./Drivers/STM32F7xx_HAL_Driver/Src/stm32f7xx_hal_rcc.o
                0x0000000008006170                HAL_RCC_OscConfig
 .text.HAL_RCC_ClockConfig
                0x00000000080066b8      0x1d8 ./Drivers/STM32F7xx_HAL_Driver/Src/stm32f7xx_hal_rcc.o
                0x00000000080066b8                HAL_RCC_ClockConfig
 .text.HAL_RCC_GetSysClockFreq
                0x0000000008006890      0x1c4 ./Drivers/STM32F7xx_HAL_Driver/Src/stm32f7xx_hal_rcc.o
                0x0000000008006890                HAL_RCC_GetSysClockFreq
 .text.HAL_RCC_GetHCLKFreq
                0x0000000008006a54       0x18 ./Drivers/STM32F7xx_HAL_Driver/Src/stm32f7xx_hal_rcc.o
                0x0000000008006a54                HAL_RCC_GetHCLKFreq
 .text.HAL_RCC_GetPCLK1Freq
                0x0000000008006a6c       0x28 ./Drivers/STM32F7xx_HAL_Driver/Src/stm32f7xx_hal_rcc.o
                0x0000000008006a6c                HAL_RCC_GetPCLK1Freq
 .text.HAL_RCC_GetPCLK2Freq
                0x0000000008006a94       0x28 ./Drivers/STM32F7xx_HAL_Driver/Src/stm32f7xx_hal_rcc.o
                0x0000000008006a94                HAL_RCC_GetPCLK2Freq
 .text.HAL_RCCEx_PeriphCLKConfig
                0x0000000008006abc      0x7e0 ./Drivers/STM32F7xx_HAL_Driver/Src/stm32f7xx_hal_rcc_ex.o
                0x0000000008006abc                HAL_RCCEx_PeriphCLKConfig
 .text.HAL_RTC_Init
                0x000000000800729c      0x124 ./Drivers/STM32F7xx_HAL_Driver/Src/stm32f7xx_hal_rtc.o
                0x000000000800729c                HAL_RTC_Init
 .text.HAL_RTC_SetTime
                0x00000000080073c0      0x17c ./Drivers/STM32F7xx_HAL_Driver/Src/stm32f7xx_hal_rtc.o
                0x00000000080073c0                HAL_RTC_SetTime
 .text.HAL_RTC_GetTime
                0x000000000800753c       0xbc ./Drivers/STM32F7xx_HAL_Driver/Src/stm32f7xx_hal_rtc.o
                0x000000000800753c                HAL_RTC_GetTime
 .text.HAL_RTC_SetDate
                0x00000000080075f8      0x150 ./Drivers/STM32F7xx_HAL_Driver/Src/stm32f7xx_hal_rtc.o
                0x00000000080075f8                HAL_RTC_SetDate
 .text.HAL_RTC_GetDate
                0x0000000008007748       0xa0 ./Drivers/STM32F7xx_HAL_Driver/Src/stm32f7xx_hal_rtc.o
                0x0000000008007748                HAL_RTC_GetDate
 .text.HAL_RTC_WaitForSynchro
                0x00000000080077e8       0x50 ./Drivers/STM32F7xx_HAL_Driver/Src/stm32f7xx_hal_rtc.o
                0x00000000080077e8                HAL_RTC_WaitForSynchro
 .text.RTC_EnterInitMode
                0x0000000008007838       0x58 ./Drivers/STM32F7xx_HAL_Driver/Src/stm32f7xx_hal_rtc.o
                0x0000000008007838                RTC_EnterInitMode
 .text.RTC_ByteToBcd2
                0x0000000008007890       0x3c ./Drivers/STM32F7xx_HAL_Driver/Src/stm32f7xx_hal_rtc.o
                0x0000000008007890                RTC_ByteToBcd2
 .text.RTC_Bcd2ToByte
                0x00000000080078cc       0x3c ./Drivers/STM32F7xx_HAL_Driver/Src/stm32f7xx_hal_rtc.o
                0x00000000080078cc                RTC_Bcd2ToByte
 .text.HAL_TIM_Base_Init
                0x0000000008007908       0xae ./Drivers/STM32F7xx_HAL_Driver/Src/stm32f7xx_hal_tim.o
                0x0000000008007908                HAL_TIM_Base_Init
 *fill*         0x00000000080079b6        0x2 
 .text.HAL_TIM_Base_Start_IT
                0x00000000080079b8       0xf0 ./Drivers/STM32F7xx_HAL_Driver/Src/stm32f7xx_hal_tim.o
                0x00000000080079b8                HAL_TIM_Base_Start_IT
 .text.HAL_TIM_Base_Stop_IT
                0x0000000008007aa8       0x5e ./Drivers/STM32F7xx_HAL_Driver/Src/stm32f7xx_hal_tim.o
                0x0000000008007aa8                HAL_TIM_Base_Stop_IT
 .text.HAL_TIM_IRQHandler
                0x0000000008007b06      0x23e ./Drivers/STM32F7xx_HAL_Driver/Src/stm32f7xx_hal_tim.o
                0x0000000008007b06                HAL_TIM_IRQHandler
 .text.HAL_TIM_ConfigClockSource
                0x0000000008007d44      0x18c ./Drivers/STM32F7xx_HAL_Driver/Src/stm32f7xx_hal_tim.o
                0x0000000008007d44                HAL_TIM_ConfigClockSource
 .text.HAL_TIM_OC_DelayElapsedCallback
                0x0000000008007ed0       0x14 ./Drivers/STM32F7xx_HAL_Driver/Src/stm32f7xx_hal_tim.o
                0x0000000008007ed0                HAL_TIM_OC_DelayElapsedCallback
 .text.HAL_TIM_IC_CaptureCallback
                0x0000000008007ee4       0x14 ./Drivers/STM32F7xx_HAL_Driver/Src/stm32f7xx_hal_tim.o
                0x0000000008007ee4                HAL_TIM_IC_CaptureCallback
 .text.HAL_TIM_PWM_PulseFinishedCallback
                0x0000000008007ef8       0x14 ./Drivers/STM32F7xx_HAL_Driver/Src/stm32f7xx_hal_tim.o
                0x0000000008007ef8                HAL_TIM_PWM_PulseFinishedCallback
 .text.HAL_TIM_TriggerCallback
                0x0000000008007f0c       0x14 ./Drivers/STM32F7xx_HAL_Driver/Src/stm32f7xx_hal_tim.o
                0x0000000008007f0c                HAL_TIM_TriggerCallback
 .text.TIM_Base_SetConfig
                0x0000000008007f20      0x140 ./Drivers/STM32F7xx_HAL_Driver/Src/stm32f7xx_hal_tim.o
                0x0000000008007f20                TIM_Base_SetConfig
 .text.TIM_TI1_ConfigInputStage
                0x0000000008008060       0x5e ./Drivers/STM32F7xx_HAL_Driver/Src/stm32f7xx_hal_tim.o
 .text.TIM_TI2_ConfigInputStage
                0x00000000080080be       0x60 ./Drivers/STM32F7xx_HAL_Driver/Src/stm32f7xx_hal_tim.o
 .text.TIM_ITRx_SetConfig
                0x000000000800811e       0x36 ./Drivers/STM32F7xx_HAL_Driver/Src/stm32f7xx_hal_tim.o
 .text.TIM_ETR_SetConfig
                0x0000000008008154       0x40 ./Drivers/STM32F7xx_HAL_Driver/Src/stm32f7xx_hal_tim.o
                0x0000000008008154                TIM_ETR_SetConfig
 .text.HAL_TIMEx_MasterConfigSynchronization
                0x0000000008008194      0x11c ./Drivers/STM32F7xx_HAL_Driver/Src/stm32f7xx_hal_tim_ex.o
                0x0000000008008194                HAL_TIMEx_MasterConfigSynchronization
 .text.HAL_TIMEx_CommutCallback
                0x00000000080082b0       0x14 ./Drivers/STM32F7xx_HAL_Driver/Src/stm32f7xx_hal_tim_ex.o
                0x00000000080082b0                HAL_TIMEx_CommutCallback
 .text.HAL_TIMEx_BreakCallback
                0x00000000080082c4       0x14 ./Drivers/STM32F7xx_HAL_Driver/Src/stm32f7xx_hal_tim_ex.o
                0x00000000080082c4                HAL_TIMEx_BreakCallback
 .text.HAL_TIMEx_Break2Callback
                0x00000000080082d8       0x14 ./Drivers/STM32F7xx_HAL_Driver/Src/stm32f7xx_hal_tim_ex.o
                0x00000000080082d8                HAL_TIMEx_Break2Callback
 .text.HAL_UART_Init
                0x00000000080082ec       0x9c ./Drivers/STM32F7xx_HAL_Driver/Src/stm32f7xx_hal_uart.o
                0x00000000080082ec                HAL_UART_Init
 .text.HAL_UART_MspInit
                0x0000000008008388       0x14 ./Drivers/STM32F7xx_HAL_Driver/Src/stm32f7xx_hal_uart.o
                0x0000000008008388                HAL_UART_MspInit
 .text.HAL_UART_Transmit
                0x000000000800839c      0x126 ./Drivers/STM32F7xx_HAL_Driver/Src/stm32f7xx_hal_uart.o
                0x000000000800839c                HAL_UART_Transmit
 .text.HAL_UART_Receive_DMA
                0x00000000080084c2       0x7a ./Drivers/STM32F7xx_HAL_Driver/Src/stm32f7xx_hal_uart.o
                0x00000000080084c2                HAL_UART_Receive_DMA
 .text.HAL_UART_RxCpltCallback
                0x000000000800853c       0x14 ./Drivers/STM32F7xx_HAL_Driver/Src/stm32f7xx_hal_uart.o
                0x000000000800853c                HAL_UART_RxCpltCallback
 .text.HAL_UART_RxHalfCpltCallback
                0x0000000008008550       0x14 ./Drivers/STM32F7xx_HAL_Driver/Src/stm32f7xx_hal_uart.o
                0x0000000008008550                HAL_UART_RxHalfCpltCallback
 .text.HAL_UART_ErrorCallback
                0x0000000008008564       0x14 ./Drivers/STM32F7xx_HAL_Driver/Src/stm32f7xx_hal_uart.o
                0x0000000008008564                HAL_UART_ErrorCallback
 .text.HAL_UARTEx_RxEventCallback
                0x0000000008008578       0x18 ./Drivers/STM32F7xx_HAL_Driver/Src/stm32f7xx_hal_uart.o
                0x0000000008008578                HAL_UARTEx_RxEventCallback
 .text.UART_SetConfig
                0x0000000008008590      0x4c4 ./Drivers/STM32F7xx_HAL_Driver/Src/stm32f7xx_hal_uart.o
                0x0000000008008590                UART_SetConfig
 .text.UART_AdvFeatureConfig
                0x0000000008008a54      0x144 ./Drivers/STM32F7xx_HAL_Driver/Src/stm32f7xx_hal_uart.o
                0x0000000008008a54                UART_AdvFeatureConfig
 .text.UART_CheckIdleState
                0x0000000008008b98       0x66 ./Drivers/STM32F7xx_HAL_Driver/Src/stm32f7xx_hal_uart.o
                0x0000000008008b98                UART_CheckIdleState
 .text.UART_WaitOnFlagUntilTimeout
                0x0000000008008bfe       0xf8 ./Drivers/STM32F7xx_HAL_Driver/Src/stm32f7xx_hal_uart.o
                0x0000000008008bfe                UART_WaitOnFlagUntilTimeout
 *fill*         0x0000000008008cf6        0x2 
 .text.UART_Start_Receive_DMA
                0x0000000008008cf8       0xd8 ./Drivers/STM32F7xx_HAL_Driver/Src/stm32f7xx_hal_uart.o
                0x0000000008008cf8                UART_Start_Receive_DMA
 .text.UART_EndTxTransfer
                0x0000000008008dd0       0x2a ./Drivers/STM32F7xx_HAL_Driver/Src/stm32f7xx_hal_uart.o
 .text.UART_EndRxTransfer
                0x0000000008008dfa       0x5e ./Drivers/STM32F7xx_HAL_Driver/Src/stm32f7xx_hal_uart.o
 .text.UART_DMAReceiveCplt
                0x0000000008008e58       0x94 ./Drivers/STM32F7xx_HAL_Driver/Src/stm32f7xx_hal_uart.o
 .text.UART_DMARxHalfCplt
                0x0000000008008eec       0x38 ./Drivers/STM32F7xx_HAL_Driver/Src/stm32f7xx_hal_uart.o
 .text.UART_DMAError
                0x0000000008008f24       0x7c ./Drivers/STM32F7xx_HAL_Driver/Src/stm32f7xx_hal_uart.o
 .text.MX_MEMS_Init
                0x0000000008008fa0        0xc ./MEMS/App/app_mems.o
                0x0000000008008fa0                MX_MEMS_Init
 .text.MX_MEMS_Process
                0x0000000008008fac        0xc ./MEMS/App/app_mems.o
                0x0000000008008fac                MX_MEMS_Process
 .text.HAL_TIM_PeriodElapsedCallback
                0x0000000008008fb8       0x30 ./MEMS/App/app_mems.o
                0x0000000008008fb8                HAL_TIM_PeriodElapsedCallback
 .text.MX_DynamicInclinometer_Init
                0x0000000008008fe8       0x64 ./MEMS/App/app_mems.o
 .text.MX_DynamicInclinometer_Process
                0x000000000800904c       0xd4 ./MEMS/App/app_mems.o
 .text.Init_Sensors
                0x0000000008009120       0x34 ./MEMS/App/app_mems.o
 .text.RTC_Handler
                0x0000000008009154       0xe8 ./MEMS/App/app_mems.o
 .text.DI_Data_Handler
                0x000000000800923c      0x2d4 ./MEMS/App/app_mems.o
 .text.Accelero_Sensor_Handler
                0x0000000008009510       0xb4 ./MEMS/App/app_mems.o
 .text.Gyro_Sensor_Handler
                0x00000000080095c4       0xb4 ./MEMS/App/app_mems.o
 .text.Magneto_Sensor_Handler
                0x0000000008009678       0xb4 ./MEMS/App/app_mems.o
 .text.Pressure_Sensor_Handler
                0x000000000800972c       0x60 ./MEMS/App/app_mems.o
 .text.Temperature_Sensor_Handler
                0x000000000800978c       0x60 ./MEMS/App/app_mems.o
 .text.Humidity_Sensor_Handler
                0x00000000080097ec       0x60 ./MEMS/App/app_mems.o
 .text.TIM_Config
                0x000000000800984c       0x68 ./MEMS/App/app_mems.o
 .text.MEMS_INT1_Force_Low
                0x00000000080098b4       0x40 ./MEMS/App/app_mems.o
 .text.MEMS_INT1_Init
                0x00000000080098f4       0x38 ./MEMS/App/app_mems.o
 .text.DWT_Init
                0x000000000800992c       0x48 ./MEMS/App/app_mems.o
 .text.DWT_Start
                0x0000000008009974       0x24 ./MEMS/App/app_mems.o
 .text.DWT_Stop
                0x0000000008009998       0x50 ./MEMS/App/app_mems.o
 .text.UART_ReceivedMSG
                0x00000000080099e8      0x16c ./MEMS/Target/com.o
                0x00000000080099e8                UART_ReceivedMSG
 .text.UART_SendMsg
                0x0000000008009b54       0x38 ./MEMS/Target/com.o
                0x0000000008009b54                UART_SendMsg
 .text.UART_StartReceiveMsg
                0x0000000008009b8c       0x34 ./MEMS/Target/com.o
                0x0000000008009b8c                UART_StartReceiveMsg
 .text.Get_DMA_Flag_Status
                0x0000000008009bc0      0x3c4 ./MEMS/Target/com.o
 .text.Get_DMA_Counter
                0x0000000008009f84       0x1a ./MEMS/Target/com.o
 .text.BSP_SENSOR_ACC_Init
                0x0000000008009f9e       0x10 ./MEMS/Target/custom_mems_control.o
                0x0000000008009f9e                BSP_SENSOR_ACC_Init
 .text.BSP_SENSOR_GYR_Init
                0x0000000008009fae       0x10 ./MEMS/Target/custom_mems_control.o
                0x0000000008009fae                BSP_SENSOR_GYR_Init
 .text.BSP_SENSOR_MAG_Init
                0x0000000008009fbe        0xe ./MEMS/Target/custom_mems_control.o
                0x0000000008009fbe                BSP_SENSOR_MAG_Init
 .text.BSP_SENSOR_PRESS_Init
                0x0000000008009fcc        0xe ./MEMS/Target/custom_mems_control.o
                0x0000000008009fcc                BSP_SENSOR_PRESS_Init
 .text.BSP_SENSOR_TEMP_Init
                0x0000000008009fda        0xe ./MEMS/Target/custom_mems_control.o
                0x0000000008009fda                BSP_SENSOR_TEMP_Init
 .text.BSP_SENSOR_HUM_Init
                0x0000000008009fe8        0xe ./MEMS/Target/custom_mems_control.o
                0x0000000008009fe8                BSP_SENSOR_HUM_Init
 .text.BSP_SENSOR_ACC_Enable
                0x0000000008009ff6       0x10 ./MEMS/Target/custom_mems_control.o
                0x0000000008009ff6                BSP_SENSOR_ACC_Enable
 .text.BSP_SENSOR_GYR_Enable
                0x000000000800a006       0x10 ./MEMS/Target/custom_mems_control.o
                0x000000000800a006                BSP_SENSOR_GYR_Enable
 .text.BSP_SENSOR_MAG_Enable
                0x000000000800a016        0xe ./MEMS/Target/custom_mems_control.o
                0x000000000800a016                BSP_SENSOR_MAG_Enable
 .text.BSP_SENSOR_PRESS_Enable
                0x000000000800a024        0xe ./MEMS/Target/custom_mems_control.o
                0x000000000800a024                BSP_SENSOR_PRESS_Enable
 .text.BSP_SENSOR_TEMP_Enable
                0x000000000800a032        0xe ./MEMS/Target/custom_mems_control.o
                0x000000000800a032                BSP_SENSOR_TEMP_Enable
 .text.BSP_SENSOR_HUM_Enable
                0x000000000800a040        0xe ./MEMS/Target/custom_mems_control.o
                0x000000000800a040                BSP_SENSOR_HUM_Enable
 .text.BSP_SENSOR_ACC_Disable
                0x000000000800a04e       0x10 ./MEMS/Target/custom_mems_control.o
                0x000000000800a04e                BSP_SENSOR_ACC_Disable
 .text.BSP_SENSOR_GYR_Disable
                0x000000000800a05e       0x10 ./MEMS/Target/custom_mems_control.o
                0x000000000800a05e                BSP_SENSOR_GYR_Disable
 .text.BSP_SENSOR_MAG_Disable
                0x000000000800a06e        0xe ./MEMS/Target/custom_mems_control.o
                0x000000000800a06e                BSP_SENSOR_MAG_Disable
 .text.BSP_SENSOR_PRESS_Disable
                0x000000000800a07c        0xe ./MEMS/Target/custom_mems_control.o
                0x000000000800a07c                BSP_SENSOR_PRESS_Disable
 .text.BSP_SENSOR_TEMP_Disable
                0x000000000800a08a        0xe ./MEMS/Target/custom_mems_control.o
                0x000000000800a08a                BSP_SENSOR_TEMP_Disable
 .text.BSP_SENSOR_HUM_Disable
                0x000000000800a098        0xe ./MEMS/Target/custom_mems_control.o
                0x000000000800a098                BSP_SENSOR_HUM_Disable
 .text.BSP_SENSOR_ACC_GetAxes
                0x000000000800a0a6       0x1a ./MEMS/Target/custom_mems_control.o
                0x000000000800a0a6                BSP_SENSOR_ACC_GetAxes
 .text.BSP_SENSOR_GYR_GetAxes
                0x000000000800a0c0       0x1a ./MEMS/Target/custom_mems_control.o
                0x000000000800a0c0                BSP_SENSOR_GYR_GetAxes
 .text.BSP_SENSOR_MAG_GetAxes
                0x000000000800a0da       0x26 ./MEMS/Target/custom_mems_control.o
                0x000000000800a0da                BSP_SENSOR_MAG_GetAxes
 .text.BSP_SENSOR_PRESS_GetValue
                0x000000000800a100       0x14 ./MEMS/Target/custom_mems_control.o
                0x000000000800a100                BSP_SENSOR_PRESS_GetValue
 .text.BSP_SENSOR_TEMP_GetValue
                0x000000000800a114       0x14 ./MEMS/Target/custom_mems_control.o
                0x000000000800a114                BSP_SENSOR_TEMP_GetValue
 .text.BSP_SENSOR_HUM_GetValue
                0x000000000800a128       0x14 ./MEMS/Target/custom_mems_control.o
                0x000000000800a128                BSP_SENSOR_HUM_GetValue
 .text.BSP_SENSOR_ACC_SetOutputDataRate
                0x000000000800a13c       0x1e ./MEMS/Target/custom_mems_control.o
                0x000000000800a13c                BSP_SENSOR_ACC_SetOutputDataRate
 .text.BSP_SENSOR_ACC_SetFullScale
                0x000000000800a15a       0x1a ./MEMS/Target/custom_mems_control.o
                0x000000000800a15a                BSP_SENSOR_ACC_SetFullScale
 .text.BSP_SENSOR_ACC_GetOrientation
                0x000000000800a174       0x2a ./MEMS/Target/custom_mems_control_ex.o
                0x000000000800a174                BSP_SENSOR_ACC_GetOrientation
 .text.BSP_SENSOR_GYR_GetOrientation
                0x000000000800a19e       0x2a ./MEMS/Target/custom_mems_control_ex.o
                0x000000000800a19e                BSP_SENSOR_GYR_GetOrientation
 .text.CUSTOM_MOTION_SENSOR_Init
                0x000000000800a1c8      0x110 ./MEMS/Target/custom_motion_sensors.o
                0x000000000800a1c8                CUSTOM_MOTION_SENSOR_Init
 .text.CUSTOM_MOTION_SENSOR_Enable
                0x000000000800a2d8       0x84 ./MEMS/Target/custom_motion_sensors.o
                0x000000000800a2d8                CUSTOM_MOTION_SENSOR_Enable
 .text.CUSTOM_MOTION_SENSOR_Disable
                0x000000000800a35c       0x84 ./MEMS/Target/custom_motion_sensors.o
                0x000000000800a35c                CUSTOM_MOTION_SENSOR_Disable
 .text.CUSTOM_MOTION_SENSOR_GetAxes
                0x000000000800a3e0       0x88 ./MEMS/Target/custom_motion_sensors.o
                0x000000000800a3e0                CUSTOM_MOTION_SENSOR_GetAxes
 .text.CUSTOM_MOTION_SENSOR_SetOutputDataRate
                0x000000000800a468       0x8c ./MEMS/Target/custom_motion_sensors.o
                0x000000000800a468                CUSTOM_MOTION_SENSOR_SetOutputDataRate
 .text.CUSTOM_MOTION_SENSOR_SetFullScale
                0x000000000800a4f4       0x88 ./MEMS/Target/custom_motion_sensors.o
                0x000000000800a4f4                CUSTOM_MOTION_SENSOR_SetFullScale
 .text.LSM6DSOX_0_Probe
                0x000000000800a57c      0x178 ./MEMS/Target/custom_motion_sensors.o
 .text.BUILD_REPLY_HEADER
                0x000000000800a6f4       0x2e ./MEMS/Target/demo_serial.o
                0x000000000800a6f4                BUILD_REPLY_HEADER
 *fill*         0x000000000800a722        0x2 
 .text.INIT_STREAMING_HEADER
                0x000000000800a724       0x34 ./MEMS/Target/demo_serial.o
                0x000000000800a724                INIT_STREAMING_HEADER
 .text.HandleMSG
                0x000000000800a758      0x788 ./MEMS/Target/demo_serial.o
                0x000000000800a758                HandleMSG
 .text.RTC_DateRegulate
                0x000000000800aee0       0x54 ./MEMS/Target/demo_serial.o
                0x000000000800aee0                RTC_DateRegulate
 .text.RTC_TimeRegulate
                0x000000000800af34       0x54 ./MEMS/Target/demo_serial.o
                0x000000000800af34                RTC_TimeRegulate
 .text.Get_PresentationString
                0x000000000800af88       0x78 ./MEMS/Target/demo_serial.o
                0x000000000800af88                Get_PresentationString
 .text.MotionDI_manager_init
                0x000000000800b000       0x8c ./MEMS/Target/motion_di_manager.o
                0x000000000800b000                MotionDI_manager_init
 .text.MotionDI_get_acc_calibration_mode
                0x000000000800b08c       0x28 ./MEMS/Target/motion_di_manager.o
                0x000000000800b08c                MotionDI_get_acc_calibration_mode
 .text.MotionDI_set_acc_calibration_mode
                0x000000000800b0b4       0x34 ./MEMS/Target/motion_di_manager.o
                0x000000000800b0b4                MotionDI_set_acc_calibration_mode
 .text.MotionDI_get_acc_calibration
                0x000000000800b0e8       0x16 ./MEMS/Target/motion_di_manager.o
                0x000000000800b0e8                MotionDI_get_acc_calibration
 .text.MotionDI_reset_acc_calibration
                0x000000000800b0fe        0xc ./MEMS/Target/motion_di_manager.o
                0x000000000800b0fe                MotionDI_reset_acc_calibration
 *fill*         0x000000000800b10a        0x2 
 .text.MotionDI_get_gyro_calibration_mode
                0x000000000800b10c       0x28 ./MEMS/Target/motion_di_manager.o
                0x000000000800b10c                MotionDI_get_gyro_calibration_mode
 .text.MotionDI_set_gyro_calibration_mode
                0x000000000800b134       0x34 ./MEMS/Target/motion_di_manager.o
                0x000000000800b134                MotionDI_set_gyro_calibration_mode
 .text.MotionDI_get_gyro_calibration
                0x000000000800b168       0x16 ./MEMS/Target/motion_di_manager.o
                0x000000000800b168                MotionDI_get_gyro_calibration
 .text.MotionDI_reset_gyro_calibration
                0x000000000800b17e        0xc ./MEMS/Target/motion_di_manager.o
                0x000000000800b17e                MotionDI_reset_gyro_calibration
 *fill*         0x000000000800b18a        0x2 
 .text.MotionDI_manager_run
                0x000000000800b18c       0x7c ./MEMS/Target/motion_di_manager.o
                0x000000000800b18c                MotionDI_manager_run
 .text.MotionDI_manager_get_version
                0x000000000800b208       0x20 ./MEMS/Target/motion_di_manager.o
                0x000000000800b208                MotionDI_manager_get_version
 .text.float_array_set
                0x000000000800b228       0x3c ./MEMS/Target/motion_di_manager.o
 .text.ByteStuffCopyByte
                0x000000000800b264       0x56 ./MEMS/Target/serial_protocol.o
                0x000000000800b264                ByteStuffCopyByte
 .text.ByteStuffCopy
                0x000000000800b2ba       0x5c ./MEMS/Target/serial_protocol.o
                0x000000000800b2ba                ByteStuffCopy
 .text.ReverseByteStuffCopyByte2
                0x000000000800b316       0x4e ./MEMS/Target/serial_protocol.o
                0x000000000800b316                ReverseByteStuffCopyByte2
 .text.CHK_ComputeAndAdd
                0x000000000800b364       0x54 ./MEMS/Target/serial_protocol.o
                0x000000000800b364                CHK_ComputeAndAdd
 .text.CHK_CheckAndRemove
                0x000000000800b3b8       0x54 ./MEMS/Target/serial_protocol.o
                0x000000000800b3b8                CHK_CheckAndRemove
 .text.Deserialize
                0x000000000800b40c       0x4c ./MEMS/Target/serial_protocol.o
                0x000000000800b40c                Deserialize
 .text.Serialize_s32
                0x000000000800b458       0x48 ./MEMS/Target/serial_protocol.o
                0x000000000800b458                Serialize_s32
 .text.iNemoEngine_gbias_init
                0x000000000800b4a0       0x98 ../Middlewares/ST/STM32_MotionDI_Library/Lib\MotionDI_CM7F_wc32_ot_hard.a(motion_di.o)
 .text.rotVect  0x000000000800b538       0xc4 ../Middlewares/ST/STM32_MotionDI_Library/Lib\MotionDI_CM7F_wc32_ot_hard.a(motion_di.o)
 .text.m_mldivide
                0x000000000800b5fc      0x358 ../Middlewares/ST/STM32_MotionDI_Library/Lib\MotionDI_CM7F_wc32_ot_hard.a(motion_di.o)
 .text.m_qmult_eml
                0x000000000800b954       0x74 ../Middlewares/ST/STM32_MotionDI_Library/Lib\MotionDI_CM7F_wc32_ot_hard.a(motion_di.o)
 .text.m_q2dcm_eml
                0x000000000800b9c8       0xc8 ../Middlewares/ST/STM32_MotionDI_Library/Lib\MotionDI_CM7F_wc32_ot_hard.a(motion_di.o)
 .text.st_accCal_MEMS_EIG3
                0x000000000800ba90      0x1e4 ../Middlewares/ST/STM32_MotionDI_Library/Lib\MotionDI_CM7F_wc32_ot_hard.a(motion_di.o)
 .text.st_accCal_MEMS_ellipsoidFit7
                0x000000000800bc74      0x5b0 ../Middlewares/ST/STM32_MotionDI_Library/Lib\MotionDI_CM7F_wc32_ot_hard.a(motion_di.o)
 .text.m_dcm2q_eml
                0x000000000800c224      0x1d4 ../Middlewares/ST/STM32_MotionDI_Library/Lib\MotionDI_CM7F_wc32_ot_hard.a(motion_di.o)
 .text.SpacePointGyroProp
                0x000000000800c3f8      0x11c ../Middlewares/ST/STM32_MotionDI_Library/Lib\MotionDI_CM7F_wc32_ot_hard.a(motion_di.o)
 .text.SpacePointGyroPropRedist
                0x000000000800c514       0x9c ../Middlewares/ST/STM32_MotionDI_Library/Lib\MotionDI_CM7F_wc32_ot_hard.a(motion_di.o)
 .text.quatErr2EulerErr
                0x000000000800c5b0      0x1e8 ../Middlewares/ST/STM32_MotionDI_Library/Lib\MotionDI_CM7F_wc32_ot_hard.a(motion_di.o)
 .text.m_b_interp1q_constrain
                0x000000000800c798       0x98 ../Middlewares/ST/STM32_MotionDI_Library/Lib\MotionDI_CM7F_wc32_ot_hard.a(motion_di.o)
 .text.m_interp1q_constrain
                0x000000000800c830       0x98 ../Middlewares/ST/STM32_MotionDI_Library/Lib\MotionDI_CM7F_wc32_ot_hard.a(motion_di.o)
 .text.m_rt_atan2f_snf
                0x000000000800c8c8       0xfc ../Middlewares/ST/STM32_MotionDI_Library/Lib\MotionDI_CM7F_wc32_ot_hard.a(motion_di.o)
 .text.output_update
                0x000000000800c9c4      0x2f8 ../Middlewares/ST/STM32_MotionDI_Library/Lib\MotionDI_CM7F_wc32_ot_hard.a(motion_di.o)
 .text.iNemo_setOrientation.constprop.0
                0x000000000800ccbc      0x394 ../Middlewares/ST/STM32_MotionDI_Library/Lib\MotionDI_CM7F_wc32_ot_hard.a(motion_di.o)
 .text.iNemo_setOrientation_6X.constprop.0
                0x000000000800d050      0x394 ../Middlewares/ST/STM32_MotionDI_Library/Lib\MotionDI_CM7F_wc32_ot_hard.a(motion_di.o)
 .text.MotionDI_setKnobs.part.0
                0x000000000800d3e4      0x118 ../Middlewares/ST/STM32_MotionDI_Library/Lib\MotionDI_CM7F_wc32_ot_hard.a(motion_di.o)
 .text.getAccStats.constprop.0
                0x000000000800d4fc      0x1c0 ../Middlewares/ST/STM32_MotionDI_Library/Lib\MotionDI_CM7F_wc32_ot_hard.a(motion_di.o)
 *fill*         0x000000000800d6bc        0x4 
 .text.iNemo_quat2heading
                0x000000000800d6c0      0x440 ../Middlewares/ST/STM32_MotionDI_Library/Lib\MotionDI_CM7F_wc32_ot_hard.a(motion_di.o)
 .text.m_kalman_3gyro.isra.0.constprop.0
                0x000000000800db00     0x3e54 ../Middlewares/ST/STM32_MotionDI_Library/Lib\MotionDI_CM7F_wc32_ot_hard.a(motion_di.o)
 .text.SpacePointAlgorithm.isra.0
                0x0000000008011954      0x404 ../Middlewares/ST/STM32_MotionDI_Library/Lib\MotionDI_CM7F_wc32_ot_hard.a(motion_di.o)
 .text.MotionDI_Initialize
                0x0000000008011d58      0x68c ../Middlewares/ST/STM32_MotionDI_Library/Lib\MotionDI_CM7F_wc32_ot_hard.a(motion_di.o)
                0x0000000008011d58                MotionDI_Initialize
 .text.MotionDI_setKnobs
                0x00000000080123e4       0x14 ../Middlewares/ST/STM32_MotionDI_Library/Lib\MotionDI_CM7F_wc32_ot_hard.a(motion_di.o)
                0x00000000080123e4                MotionDI_setKnobs
 .text.MotionDI_getKnobs
                0x00000000080123f8       0x98 ../Middlewares/ST/STM32_MotionDI_Library/Lib\MotionDI_CM7F_wc32_ot_hard.a(motion_di.o)
                0x00000000080123f8                MotionDI_getKnobs
 .text.MotionDI_AccCal_getParams
                0x0000000008012490       0x40 ../Middlewares/ST/STM32_MotionDI_Library/Lib\MotionDI_CM7F_wc32_ot_hard.a(motion_di.o)
                0x0000000008012490                MotionDI_AccCal_getParams
 .text.MotionDI_AccCal_reset
                0x00000000080124d0       0xec ../Middlewares/ST/STM32_MotionDI_Library/Lib\MotionDI_CM7F_wc32_ot_hard.a(motion_di.o)
                0x00000000080124d0                MotionDI_AccCal_reset
 .text.MotionDI_GyrCal_getParams
                0x00000000080125bc       0x48 ../Middlewares/ST/STM32_MotionDI_Library/Lib\MotionDI_CM7F_wc32_ot_hard.a(motion_di.o)
                0x00000000080125bc                MotionDI_GyrCal_getParams
 .text.MotionDI_GyrCal_reset
                0x0000000008012604       0x68 ../Middlewares/ST/STM32_MotionDI_Library/Lib\MotionDI_CM7F_wc32_ot_hard.a(motion_di.o)
                0x0000000008012604                MotionDI_GyrCal_reset
 *fill*         0x000000000801266c        0x4 
 .text.MotionDI_update
                0x0000000008012670     0x3708 ../Middlewares/ST/STM32_MotionDI_Library/Lib\MotionDI_CM7F_wc32_ot_hard.a(motion_di.o)
                0x0000000008012670                MotionDI_update
 .text.MotionDI_GetLibVersion
                0x0000000008015d78       0x4c ../Middlewares/ST/STM32_MotionDI_Library/Lib\MotionDI_CM7F_wc32_ot_hard.a(motion_di.o)
                0x0000000008015d78                MotionDI_GetLibVersion
 .text.__errno  0x0000000008015dc4        0xc c:/st/stm32cubeide_1.7.0/stm32cubeide/plugins/com.st.stm32cube.ide.mcu.externaltools.gnu-tools-for-stm32.9-2020-q2-update.win32_2.0.0.202105311346/tools/bin/../lib/gcc/arm-none-eabi/9.3.1/../../../../arm-none-eabi/lib/thumb/v7e-m+fp/hard\libc_nano.a(lib_a-errno.o)
                0x0000000008015dc4                __errno
 .text.__libc_init_array
                0x0000000008015dd0       0x48 c:/st/stm32cubeide_1.7.0/stm32cubeide/plugins/com.st.stm32cube.ide.mcu.externaltools.gnu-tools-for-stm32.9-2020-q2-update.win32_2.0.0.202105311346/tools/bin/../lib/gcc/arm-none-eabi/9.3.1/../../../../arm-none-eabi/lib/thumb/v7e-m+fp/hard\libc_nano.a(lib_a-init.o)
                0x0000000008015dd0                __libc_init_array
 .text.memcpy   0x0000000008015e18       0x1c c:/st/stm32cubeide_1.7.0/stm32cubeide/plugins/com.st.stm32cube.ide.mcu.externaltools.gnu-tools-for-stm32.9-2020-q2-update.win32_2.0.0.202105311346/tools/bin/../lib/gcc/arm-none-eabi/9.3.1/../../../../arm-none-eabi/lib/thumb/v7e-m+fp/hard\libc_nano.a(lib_a-memcpy-stub.o)
                0x0000000008015e18                memcpy
 .text.memset   0x0000000008015e34       0x10 c:/st/stm32cubeide_1.7.0/stm32cubeide/plugins/com.st.stm32cube.ide.mcu.externaltools.gnu-tools-for-stm32.9-2020-q2-update.win32_2.0.0.202105311346/tools/bin/../lib/gcc/arm-none-eabi/9.3.1/../../../../arm-none-eabi/lib/thumb/v7e-m+fp/hard\libc_nano.a(lib_a-memset.o)
                0x0000000008015e34                memset
 .text.__cvt    0x0000000008015e44       0xc4 c:/st/stm32cubeide_1.7.0/stm32cubeide/plugins/com.st.stm32cube.ide.mcu.externaltools.gnu-tools-for-stm32.9-2020-q2-update.win32_2.0.0.202105311346/tools/bin/../lib/gcc/arm-none-eabi/9.3.1/../../../../arm-none-eabi/lib/thumb/v7e-m+fp/hard\libc_nano.a(lib_a-nano-vfprintf_float.o)
                0x0000000008015e44                __cvt
 .text.__exponent
                0x0000000008015f08       0x7c c:/st/stm32cubeide_1.7.0/stm32cubeide/plugins/com.st.stm32cube.ide.mcu.externaltools.gnu-tools-for-stm32.9-2020-q2-update.win32_2.0.0.202105311346/tools/bin/../lib/gcc/arm-none-eabi/9.3.1/../../../../arm-none-eabi/lib/thumb/v7e-m+fp/hard\libc_nano.a(lib_a-nano-vfprintf_float.o)
                0x0000000008015f08                __exponent
 .text._printf_float
                0x0000000008015f84      0x46c c:/st/stm32cubeide_1.7.0/stm32cubeide/plugins/com.st.stm32cube.ide.mcu.externaltools.gnu-tools-for-stm32.9-2020-q2-update.win32_2.0.0.202105311346/tools/bin/../lib/gcc/arm-none-eabi/9.3.1/../../../../arm-none-eabi/lib/thumb/v7e-m+fp/hard\libc_nano.a(lib_a-nano-vfprintf_float.o)
                0x0000000008015f84                _printf_float
 .text._printf_common
                0x00000000080163f0       0xda c:/st/stm32cubeide_1.7.0/stm32cubeide/plugins/com.st.stm32cube.ide.mcu.externaltools.gnu-tools-for-stm32.9-2020-q2-update.win32_2.0.0.202105311346/tools/bin/../lib/gcc/arm-none-eabi/9.3.1/../../../../arm-none-eabi/lib/thumb/v7e-m+fp/hard\libc_nano.a(lib_a-nano-vfprintf_i.o)
                0x00000000080163f0                _printf_common
 *fill*         0x00000000080164ca        0x2 
 .text._printf_i
                0x00000000080164cc      0x24c c:/st/stm32cubeide_1.7.0/stm32cubeide/plugins/com.st.stm32cube.ide.mcu.externaltools.gnu-tools-for-stm32.9-2020-q2-update.win32_2.0.0.202105311346/tools/bin/../lib/gcc/arm-none-eabi/9.3.1/../../../../arm-none-eabi/lib/thumb/v7e-m+fp/hard\libc_nano.a(lib_a-nano-vfprintf_i.o)
                0x00000000080164cc                _printf_i
 .text._scanf_float
                0x0000000008016718      0x420 c:/st/stm32cubeide_1.7.0/stm32cubeide/plugins/com.st.stm32cube.ide.mcu.externaltools.gnu-tools-for-stm32.9-2020-q2-update.win32_2.0.0.202105311346/tools/bin/../lib/gcc/arm-none-eabi/9.3.1/../../../../arm-none-eabi/lib/thumb/v7e-m+fp/hard\libc_nano.a(lib_a-nano-vfscanf_float.o)
                0x0000000008016718                _scanf_float
 .text.nanf     0x0000000008016b38        0xc c:/st/stm32cubeide_1.7.0/stm32cubeide/plugins/com.st.stm32cube.ide.mcu.externaltools.gnu-tools-for-stm32.9-2020-q2-update.win32_2.0.0.202105311346/tools/bin/../lib/gcc/arm-none-eabi/9.3.1/../../../../arm-none-eabi/lib/thumb/v7e-m+fp/hard\libc_nano.a(lib_a-sf_nan.o)
                0x0000000008016b38                nanf
 .text.snprintf
                0x0000000008016b44       0x68 c:/st/stm32cubeide_1.7.0/stm32cubeide/plugins/com.st.stm32cube.ide.mcu.externaltools.gnu-tools-for-stm32.9-2020-q2-update.win32_2.0.0.202105311346/tools/bin/../lib/gcc/arm-none-eabi/9.3.1/../../../../arm-none-eabi/lib/thumb/v7e-m+fp/hard\libc_nano.a(lib_a-snprintf.o)
                0x0000000008016b44                sniprintf
                0x0000000008016b44                snprintf
 .text.sprintf  0x0000000008016bac       0x40 c:/st/stm32cubeide_1.7.0/stm32cubeide/plugins/com.st.stm32cube.ide.mcu.externaltools.gnu-tools-for-stm32.9-2020-q2-update.win32_2.0.0.202105311346/tools/bin/../lib/gcc/arm-none-eabi/9.3.1/../../../../arm-none-eabi/lib/thumb/v7e-m+fp/hard\libc_nano.a(lib_a-sprintf.o)
                0x0000000008016bac                siprintf
                0x0000000008016bac                sprintf
 .text.sulp     0x0000000008016bec       0x38 c:/st/stm32cubeide_1.7.0/stm32cubeide/plugins/com.st.stm32cube.ide.mcu.externaltools.gnu-tools-for-stm32.9-2020-q2-update.win32_2.0.0.202105311346/tools/bin/../lib/gcc/arm-none-eabi/9.3.1/../../../../arm-none-eabi/lib/thumb/v7e-m+fp/hard\libc_nano.a(lib_a-strtod.o)
 *fill*         0x0000000008016c24        0x4 
 .text._strtod_l
                0x0000000008016c28      0xc14 c:/st/stm32cubeide_1.7.0/stm32cubeide/plugins/com.st.stm32cube.ide.mcu.externaltools.gnu-tools-for-stm32.9-2020-q2-update.win32_2.0.0.202105311346/tools/bin/../lib/gcc/arm-none-eabi/9.3.1/../../../../arm-none-eabi/lib/thumb/v7e-m+fp/hard\libc_nano.a(lib_a-strtod.o)
                0x0000000008016c28                _strtod_l
 .text._strtod_r
                0x000000000801783c        0xc c:/st/stm32cubeide_1.7.0/stm32cubeide/plugins/com.st.stm32cube.ide.mcu.externaltools.gnu-tools-for-stm32.9-2020-q2-update.win32_2.0.0.202105311346/tools/bin/../lib/gcc/arm-none-eabi/9.3.1/../../../../arm-none-eabi/lib/thumb/v7e-m+fp/hard\libc_nano.a(lib_a-strtod.o)
                0x000000000801783c                _strtod_r
 .text._strtol_l.isra.0
                0x0000000008017848      0x108 c:/st/stm32cubeide_1.7.0/stm32cubeide/plugins/com.st.stm32cube.ide.mcu.externaltools.gnu-tools-for-stm32.9-2020-q2-update.win32_2.0.0.202105311346/tools/bin/../lib/gcc/arm-none-eabi/9.3.1/../../../../arm-none-eabi/lib/thumb/v7e-m+fp/hard\libc_nano.a(lib_a-strtol.o)
 .text._strtol_r
                0x0000000008017950        0x4 c:/st/stm32cubeide_1.7.0/stm32cubeide/plugins/com.st.stm32cube.ide.mcu.externaltools.gnu-tools-for-stm32.9-2020-q2-update.win32_2.0.0.202105311346/tools/bin/../lib/gcc/arm-none-eabi/9.3.1/../../../../arm-none-eabi/lib/thumb/v7e-m+fp/hard\libc_nano.a(lib_a-strtol.o)
                0x0000000008017950                _strtol_r
 .text.quorem   0x0000000008017954      0x116 c:/st/stm32cubeide_1.7.0/stm32cubeide/plugins/com.st.stm32cube.ide.mcu.externaltools.gnu-tools-for-stm32.9-2020-q2-update.win32_2.0.0.202105311346/tools/bin/../lib/gcc/arm-none-eabi/9.3.1/../../../../arm-none-eabi/lib/thumb/v7e-m+fp/hard\libc_nano.a(lib_a-dtoa.o)
 *fill*         0x0000000008017a6a        0x6 
 .text._dtoa_r  0x0000000008017a70      0xbd8 c:/st/stm32cubeide_1.7.0/stm32cubeide/plugins/com.st.stm32cube.ide.mcu.externaltools.gnu-tools-for-stm32.9-2020-q2-update.win32_2.0.0.202105311346/tools/bin/../lib/gcc/arm-none-eabi/9.3.1/../../../../arm-none-eabi/lib/thumb/v7e-m+fp/hard\libc_nano.a(lib_a-dtoa.o)
                0x0000000008017a70                _dtoa_r
 .text.rshift   0x0000000008018648       0xa4 c:/st/stm32cubeide_1.7.0/stm32cubeide/plugins/com.st.stm32cube.ide.mcu.externaltools.gnu-tools-for-stm32.9-2020-q2-update.win32_2.0.0.202105311346/tools/bin/../lib/gcc/arm-none-eabi/9.3.1/../../../../arm-none-eabi/lib/thumb/v7e-m+fp/hard\libc_nano.a(lib_a-gdtoa-gethex.o)
 .text.__hexdig_fun
                0x00000000080186ec       0x2a c:/st/stm32cubeide_1.7.0/stm32cubeide/plugins/com.st.stm32cube.ide.mcu.externaltools.gnu-tools-for-stm32.9-2020-q2-update.win32_2.0.0.202105311346/tools/bin/../lib/gcc/arm-none-eabi/9.3.1/../../../../arm-none-eabi/lib/thumb/v7e-m+fp/hard\libc_nano.a(lib_a-gdtoa-gethex.o)
                0x00000000080186ec                __hexdig_fun
 *fill*         0x0000000008018716        0x2 
 .text.__gethex
                0x0000000008018718      0x48c c:/st/stm32cubeide_1.7.0/stm32cubeide/plugins/com.st.stm32cube.ide.mcu.externaltools.gnu-tools-for-stm32.9-2020-q2-update.win32_2.0.0.202105311346/tools/bin/../lib/gcc/arm-none-eabi/9.3.1/../../../../arm-none-eabi/lib/thumb/v7e-m+fp/hard\libc_nano.a(lib_a-gdtoa-gethex.o)
                0x0000000008018718                __gethex
 .text.L_shift  0x0000000008018ba4       0x24 c:/st/stm32cubeide_1.7.0/stm32cubeide/plugins/com.st.stm32cube.ide.mcu.externaltools.gnu-tools-for-stm32.9-2020-q2-update.win32_2.0.0.202105311346/tools/bin/../lib/gcc/arm-none-eabi/9.3.1/../../../../arm-none-eabi/lib/thumb/v7e-m+fp/hard\libc_nano.a(lib_a-gdtoa-hexnan.o)
 .text.__match  0x0000000008018bc8       0x28 c:/st/stm32cubeide_1.7.0/stm32cubeide/plugins/com.st.stm32cube.ide.mcu.externaltools.gnu-tools-for-stm32.9-2020-q2-update.win32_2.0.0.202105311346/tools/bin/../lib/gcc/arm-none-eabi/9.3.1/../../../../arm-none-eabi/lib/thumb/v7e-m+fp/hard\libc_nano.a(lib_a-gdtoa-hexnan.o)
                0x0000000008018bc8                __match
 .text.__hexnan
                0x0000000008018bf0      0x138 c:/st/stm32cubeide_1.7.0/stm32cubeide/plugins/com.st.stm32cube.ide.mcu.externaltools.gnu-tools-for-stm32.9-2020-q2-update.win32_2.0.0.202105311346/tools/bin/../lib/gcc/arm-none-eabi/9.3.1/../../../../arm-none-eabi/lib/thumb/v7e-m+fp/hard\libc_nano.a(lib_a-gdtoa-hexnan.o)
                0x0000000008018bf0                __hexnan
 .text._localeconv_r
                0x0000000008018d28        0x8 c:/st/stm32cubeide_1.7.0/stm32cubeide/plugins/com.st.stm32cube.ide.mcu.externaltools.gnu-tools-for-stm32.9-2020-q2-update.win32_2.0.0.202105311346/tools/bin/../lib/gcc/arm-none-eabi/9.3.1/../../../../arm-none-eabi/lib/thumb/v7e-m+fp/hard\libc_nano.a(lib_a-localeconv.o)
                0x0000000008018d28                _localeconv_r
 .text.malloc   0x0000000008018d30       0x10 c:/st/stm32cubeide_1.7.0/stm32cubeide/plugins/com.st.stm32cube.ide.mcu.externaltools.gnu-tools-for-stm32.9-2020-q2-update.win32_2.0.0.202105311346/tools/bin/../lib/gcc/arm-none-eabi/9.3.1/../../../../arm-none-eabi/lib/thumb/v7e-m+fp/hard\libc_nano.a(lib_a-malloc.o)
                0x0000000008018d30                malloc
 .text.__ascii_mbtowc
                0x0000000008018d40       0x24 c:/st/stm32cubeide_1.7.0/stm32cubeide/plugins/com.st.stm32cube.ide.mcu.externaltools.gnu-tools-for-stm32.9-2020-q2-update.win32_2.0.0.202105311346/tools/bin/../lib/gcc/arm-none-eabi/9.3.1/../../../../arm-none-eabi/lib/thumb/v7e-m+fp/hard\libc_nano.a(lib_a-mbtowc_r.o)
                0x0000000008018d40                __ascii_mbtowc
 .text._Balloc  0x0000000008018d64       0x80 c:/st/stm32cubeide_1.7.0/stm32cubeide/plugins/com.st.stm32cube.ide.mcu.externaltools.gnu-tools-for-stm32.9-2020-q2-update.win32_2.0.0.202105311346/tools/bin/../lib/gcc/arm-none-eabi/9.3.1/../../../../arm-none-eabi/lib/thumb/v7e-m+fp/hard\libc_nano.a(lib_a-mprec.o)
                0x0000000008018d64                _Balloc
 .text._Bfree   0x0000000008018de4       0x44 c:/st/stm32cubeide_1.7.0/stm32cubeide/plugins/com.st.stm32cube.ide.mcu.externaltools.gnu-tools-for-stm32.9-2020-q2-update.win32_2.0.0.202105311346/tools/bin/../lib/gcc/arm-none-eabi/9.3.1/../../../../arm-none-eabi/lib/thumb/v7e-m+fp/hard\libc_nano.a(lib_a-mprec.o)
                0x0000000008018de4                _Bfree
 .text.__multadd
                0x0000000008018e28       0x94 c:/st/stm32cubeide_1.7.0/stm32cubeide/plugins/com.st.stm32cube.ide.mcu.externaltools.gnu-tools-for-stm32.9-2020-q2-update.win32_2.0.0.202105311346/tools/bin/../lib/gcc/arm-none-eabi/9.3.1/../../../../arm-none-eabi/lib/thumb/v7e-m+fp/hard\libc_nano.a(lib_a-mprec.o)
                0x0000000008018e28                __multadd
 .text.__s2b    0x0000000008018ebc       0x94 c:/st/stm32cubeide_1.7.0/stm32cubeide/plugins/com.st.stm32cube.ide.mcu.externaltools.gnu-tools-for-stm32.9-2020-q2-update.win32_2.0.0.202105311346/tools/bin/../lib/gcc/arm-none-eabi/9.3.1/../../../../arm-none-eabi/lib/thumb/v7e-m+fp/hard\libc_nano.a(lib_a-mprec.o)
                0x0000000008018ebc                __s2b
 .text.__hi0bits
                0x0000000008018f50       0x40 c:/st/stm32cubeide_1.7.0/stm32cubeide/plugins/com.st.stm32cube.ide.mcu.externaltools.gnu-tools-for-stm32.9-2020-q2-update.win32_2.0.0.202105311346/tools/bin/../lib/gcc/arm-none-eabi/9.3.1/../../../../arm-none-eabi/lib/thumb/v7e-m+fp/hard\libc_nano.a(lib_a-mprec.o)
                0x0000000008018f50                __hi0bits
 .text.__lo0bits
                0x0000000008018f90       0x60 c:/st/stm32cubeide_1.7.0/stm32cubeide/plugins/com.st.stm32cube.ide.mcu.externaltools.gnu-tools-for-stm32.9-2020-q2-update.win32_2.0.0.202105311346/tools/bin/../lib/gcc/arm-none-eabi/9.3.1/../../../../arm-none-eabi/lib/thumb/v7e-m+fp/hard\libc_nano.a(lib_a-mprec.o)
                0x0000000008018f90                __lo0bits
 .text.__i2b    0x0000000008018ff0       0x2c c:/st/stm32cubeide_1.7.0/stm32cubeide/plugins/com.st.stm32cube.ide.mcu.externaltools.gnu-tools-for-stm32.9-2020-q2-update.win32_2.0.0.202105311346/tools/bin/../lib/gcc/arm-none-eabi/9.3.1/../../../../arm-none-eabi/lib/thumb/v7e-m+fp/hard\libc_nano.a(lib_a-mprec.o)
                0x0000000008018ff0                __i2b
 .text.__multiply
                0x000000000801901c      0x14c c:/st/stm32cubeide_1.7.0/stm32cubeide/plugins/com.st.stm32cube.ide.mcu.externaltools.gnu-tools-for-stm32.9-2020-q2-update.win32_2.0.0.202105311346/tools/bin/../lib/gcc/arm-none-eabi/9.3.1/../../../../arm-none-eabi/lib/thumb/v7e-m+fp/hard\libc_nano.a(lib_a-mprec.o)
                0x000000000801901c                __multiply
 .text.__pow5mult
                0x0000000008019168       0xb4 c:/st/stm32cubeide_1.7.0/stm32cubeide/plugins/com.st.stm32cube.ide.mcu.externaltools.gnu-tools-for-stm32.9-2020-q2-update.win32_2.0.0.202105311346/tools/bin/../lib/gcc/arm-none-eabi/9.3.1/../../../../arm-none-eabi/lib/thumb/v7e-m+fp/hard\libc_nano.a(lib_a-mprec.o)
                0x0000000008019168                __pow5mult
 .text.__lshift
                0x000000000801921c       0xd8 c:/st/stm32cubeide_1.7.0/stm32cubeide/plugins/com.st.stm32cube.ide.mcu.externaltools.gnu-tools-for-stm32.9-2020-q2-update.win32_2.0.0.202105311346/tools/bin/../lib/gcc/arm-none-eabi/9.3.1/../../../../arm-none-eabi/lib/thumb/v7e-m+fp/hard\libc_nano.a(lib_a-mprec.o)
                0x000000000801921c                __lshift
 .text.__mcmp   0x00000000080192f4       0x38 c:/st/stm32cubeide_1.7.0/stm32cubeide/plugins/com.st.stm32cube.ide.mcu.externaltools.gnu-tools-for-stm32.9-2020-q2-update.win32_2.0.0.202105311346/tools/bin/../lib/gcc/arm-none-eabi/9.3.1/../../../../arm-none-eabi/lib/thumb/v7e-m+fp/hard\libc_nano.a(lib_a-mprec.o)
                0x00000000080192f4                __mcmp
 .text.__mdiff  0x000000000801932c      0x110 c:/st/stm32cubeide_1.7.0/stm32cubeide/plugins/com.st.stm32cube.ide.mcu.externaltools.gnu-tools-for-stm32.9-2020-q2-update.win32_2.0.0.202105311346/tools/bin/../lib/gcc/arm-none-eabi/9.3.1/../../../../arm-none-eabi/lib/thumb/v7e-m+fp/hard\libc_nano.a(lib_a-mprec.o)
                0x000000000801932c                __mdiff
 .text.__ulp    0x000000000801943c       0x58 c:/st/stm32cubeide_1.7.0/stm32cubeide/plugins/com.st.stm32cube.ide.mcu.externaltools.gnu-tools-for-stm32.9-2020-q2-update.win32_2.0.0.202105311346/tools/bin/../lib/gcc/arm-none-eabi/9.3.1/../../../../arm-none-eabi/lib/thumb/v7e-m+fp/hard\libc_nano.a(lib_a-mprec.o)
                0x000000000801943c                __ulp