custom_mems_control.c:29:6:BSP_SENSOR_ACC_Init	8	static
custom_mems_control.c:49:6:BSP_SENSOR_GYR_Init	8	static
custom_mems_control.c:63:6:BSP_SENSOR_MAG_Init	4	static
custom_mems_control.c:77:6:BSP_SENSOR_PRESS_Init	4	static
custom_mems_control.c:91:6:BSP_SENSOR_TEMP_Init	4	static
custom_mems_control.c:111:6:BSP_SENSOR_HUM_Init	4	static
custom_mems_control.c:125:6:BSP_SENSOR_ACC_Enable	8	static
custom_mems_control.c:145:6:BSP_SENSOR_GYR_Enable	8	static
custom_mems_control.c:159:6:BSP_SENSOR_MAG_Enable	4	static
custom_mems_control.c:173:6:BSP_SENSOR_PRESS_Enable	4	static
custom_mems_control.c:187:6:BSP_SENSOR_TEMP_Enable	4	static
custom_mems_control.c:207:6:BSP_SENSOR_HUM_Enable	4	static
custom_mems_control.c:221:6:BSP_SENSOR_ACC_Disable	8	static
custom_mems_control.c:241:6:BSP_SENSOR_GYR_Disable	8	static
custom_mems_control.c:255:6:BSP_SENSOR_MAG_Disable	4	static
custom_mems_control.c:269:6:BSP_SENSOR_PRESS_Disable	4	static
custom_mems_control.c:283:6:BSP_SENSOR_TEMP_Disable	4	static
custom_mems_control.c:303:6:BSP_SENSOR_HUM_Disable	4	static
custom_mems_control.c:317:6:BSP_SENSOR_ACC_GetAxes	16	static
custom_mems_control.c:345:6:BSP_SENSOR_GYR_GetAxes	16	static
custom_mems_control.c:363:6:BSP_SENSOR_MAG_GetAxes	16	static
custom_mems_control.c:381:6:BSP_SENSOR_PRESS_GetValue	16	static
custom_mems_control.c:397:6:BSP_SENSOR_TEMP_GetValue	16	static
custom_mems_control.c:421:6:BSP_SENSOR_HUM_GetValue	16	static
custom_mems_control.c:437:6:BSP_SENSOR_ACC_SetOutputDataRate	16	static
custom_mems_control.c:457:6:BSP_SENSOR_GYR_SetOutputDataRate	16	static
custom_mems_control.c:471:6:BSP_SENSOR_MAG_SetOutputDataRate	16	static
custom_mems_control.c:485:6:BSP_SENSOR_PRESS_SetOutputDataRate	16	static
custom_mems_control.c:499:6:BSP_SENSOR_TEMP_SetOutputDataRate	16	static
custom_mems_control.c:519:6:BSP_SENSOR_HUM_SetOutputDataRate	16	static
custom_mems_control.c:533:6:BSP_SENSOR_ACC_GetOutputDataRate	16	static
custom_mems_control.c:553:6:BSP_SENSOR_GYR_GetOutputDataRate	16	static
custom_mems_control.c:567:6:BSP_SENSOR_MAG_GetOutputDataRate	16	static
custom_mems_control.c:581:6:BSP_SENSOR_PRESS_GetOutputDataRate	16	static
custom_mems_control.c:595:6:BSP_SENSOR_TEMP_GetOutputDataRate	16	static
custom_mems_control.c:615:6:BSP_SENSOR_HUM_GetOutputDataRate	16	static
custom_mems_control.c:629:6:BSP_SENSOR_ACC_SetFullScale	16	static
custom_mems_control.c:649:6:BSP_SENSOR_GYR_SetFullScale	16	static
custom_mems_control.c:663:6:BSP_SENSOR_MAG_SetFullScale	16	static
custom_mems_control.c:677:6:BSP_SENSOR_ACC_GetFullScale	16	static
custom_mems_control.c:697:6:BSP_SENSOR_GYR_GetFullScale	16	static
custom_mems_control.c:711:6:BSP_SENSOR_MAG_GetFullScale	16	static
