app_mems.c:99:6:MX_MEMS_Init	8	static
app_mems.c:121:6:MX_MEMS_Process	8	static
app_mems.c:141:6:HAL_TIM_PeriodElapsedCallback	16	static
app_mems.c:154:13:MX_DynamicInclinometer_Init	8	static
app_mems.c:206:13:MX_DynamicInclinometer_Process	8	static
app_mems.c:267:13:Init_Sensors	8	static
app_mems.c:285:13:RTC_Handler	64	static
app_mems.c:327:13:DI_Data_Handler	224	static
app_mems.c:427:13:Accelero_Sensor_Handler	16	static
app_mems.c:453:13:Gyro_Sensor_Handler	16	static
app_mems.c:479:13:Magneto_Sensor_Handler	16	static
app_mems.c:505:13:Pressure_Sensor_Handler	16	static
app_mems.c:527:13:Temperature_Sensor_Handler	16	static
app_mems.c:549:13:Humidity_Sensor_Handler	16	static
app_mems.c:571:13:TIM_Config	32	static
app_mems.c:594:13:MEMS_INT1_Force_Low	32	static
app_mems.c:611:13:MEMS_INT1_Init	32	static
app_mems.c:627:13:DWT_Init	4	static,ignoring_inline_asm
app_mems.c:643:13:DWT_Start	4	static
app_mems.c:654:17:DWT_Stop	16	static
